Archive member included because of file (symbol)

/home/maximus/CodeSourcery/Sourcery_CodeBench_Lite_for_ARM_EABI/bin/../lib/gcc/arm-none-eabi/4.7.2/thumb/libgcc.a(_udivsi3.o)
                              obj/twi.o (__aeabi_uidiv)
/home/maximus/CodeSourcery/Sourcery_CodeBench_Lite_for_ARM_EABI/bin/../lib/gcc/arm-none-eabi/4.7.2/thumb/libgcc.a(_divsi3.o)
                              obj/integer.o (__aeabi_idiv)
/home/maximus/CodeSourcery/Sourcery_CodeBench_Lite_for_ARM_EABI/bin/../lib/gcc/arm-none-eabi/4.7.2/thumb/libgcc.a(_dvmd_tls.o)
                              /home/maximus/CodeSourcery/Sourcery_CodeBench_Lite_for_ARM_EABI/bin/../lib/gcc/arm-none-eabi/4.7.2/thumb/libgcc.a(_udivsi3.o) (__aeabi_idiv0)
/home/maximus/CodeSourcery/Sourcery_CodeBench_Lite_for_ARM_EABI/bin/../lib/gcc/arm-none-eabi/4.7.2/thumb/libgcc.a(_arm_addsubdf3.o)
                              obj/can.o (__aeabi_dsub)
/home/maximus/CodeSourcery/Sourcery_CodeBench_Lite_for_ARM_EABI/bin/../lib/gcc/arm-none-eabi/4.7.2/thumb/libgcc.a(_arm_muldivdf3.o)
                              obj/can.o (__aeabi_ddiv)
/home/maximus/CodeSourcery/Sourcery_CodeBench_Lite_for_ARM_EABI/bin/../lib/gcc/arm-none-eabi/4.7.2/thumb/libgcc.a(_arm_fixunsdfsi.o)
                              obj/can.o (__aeabi_d2uiz)
/home/maximus/CodeSourcery/Sourcery_CodeBench_Lite_for_ARM_EABI/bin/../lib/gcc/arm-none-eabi/4.7.2/thumb/libgcc.a(_arm_addsubsf3.o)
                              obj/main.o (__aeabi_fsub)
/home/maximus/CodeSourcery/Sourcery_CodeBench_Lite_for_ARM_EABI/bin/../lib/gcc/arm-none-eabi/4.7.2/thumb/libgcc.a(_arm_muldivsf3.o)
                              obj/mezonin.o (__aeabi_fmul)
/home/maximus/CodeSourcery/Sourcery_CodeBench_Lite_for_ARM_EABI/bin/../lib/gcc/arm-none-eabi/4.7.2/thumb/libgcc.a(_arm_cmpsf2.o)
                              obj/main.o (__aeabi_fcmplt)
/home/maximus/CodeSourcery/Sourcery_CodeBench_Lite_for_ARM_EABI/bin/../lib/gcc/arm-none-eabi/4.7.2/thumb/libgcc.a(_arm_fixunssfsi.o)
                              obj/mezonin.o (__aeabi_f2uiz)
/home/maximus/CodeSourcery/Sourcery_CodeBench_Lite_for_ARM_EABI/bin/../lib/gcc/arm-none-eabi/4.7.2/../../../../arm-none-eabi/lib/thumb/libc.a(lib_a-errno.o)
                              obj/syscalls.o (__errno)
/home/maximus/CodeSourcery/Sourcery_CodeBench_Lite_for_ARM_EABI/bin/../lib/gcc/arm-none-eabi/4.7.2/../../../../arm-none-eabi/lib/thumb/libc.a(lib_a-impure.o)
                              /home/maximus/CodeSourcery/Sourcery_CodeBench_Lite_for_ARM_EABI/bin/../lib/gcc/arm-none-eabi/4.7.2/../../../../arm-none-eabi/lib/thumb/libc.a(lib_a-errno.o) (_impure_ptr)
/home/maximus/CodeSourcery/Sourcery_CodeBench_Lite_for_ARM_EABI/bin/../lib/gcc/arm-none-eabi/4.7.2/../../../../arm-none-eabi/lib/thumb/libc.a(lib_a-memcpy.o)
                              obj/queue.o (memcpy)
/home/maximus/CodeSourcery/Sourcery_CodeBench_Lite_for_ARM_EABI/bin/../lib/gcc/arm-none-eabi/4.7.2/../../../../arm-none-eabi/lib/thumb/libc.a(lib_a-memset.o)
                              obj/tasks.o (memset)
/home/maximus/CodeSourcery/Sourcery_CodeBench_Lite_for_ARM_EABI/bin/../lib/gcc/arm-none-eabi/4.7.2/../../../../arm-none-eabi/lib/thumb/libc.a(lib_a-printf.o)
                              obj/pwmc.o (printf)
/home/maximus/CodeSourcery/Sourcery_CodeBench_Lite_for_ARM_EABI/bin/../lib/gcc/arm-none-eabi/4.7.2/../../../../arm-none-eabi/lib/thumb/libc.a(lib_a-sprintf.o)
                              obj/tasks.o (sprintf)
/home/maximus/CodeSourcery/Sourcery_CodeBench_Lite_for_ARM_EABI/bin/../lib/gcc/arm-none-eabi/4.7.2/../../../../arm-none-eabi/lib/thumb/libc.a(lib_a-strcat.o)
                              obj/tasks.o (strcat)
/home/maximus/CodeSourcery/Sourcery_CodeBench_Lite_for_ARM_EABI/bin/../lib/gcc/arm-none-eabi/4.7.2/../../../../arm-none-eabi/lib/thumb/libc.a(lib_a-strcpy.o)
                              /home/maximus/CodeSourcery/Sourcery_CodeBench_Lite_for_ARM_EABI/bin/../lib/gcc/arm-none-eabi/4.7.2/../../../../arm-none-eabi/lib/thumb/libc.a(lib_a-strcat.o) (strcpy)
/home/maximus/CodeSourcery/Sourcery_CodeBench_Lite_for_ARM_EABI/bin/../lib/gcc/arm-none-eabi/4.7.2/../../../../arm-none-eabi/lib/thumb/libc.a(lib_a-strncpy.o)
                              obj/tasks.o (strncpy)
/home/maximus/CodeSourcery/Sourcery_CodeBench_Lite_for_ARM_EABI/bin/../lib/gcc/arm-none-eabi/4.7.2/../../../../arm-none-eabi/lib/thumb/libc.a(lib_a-svfprintf.o)
                              /home/maximus/CodeSourcery/Sourcery_CodeBench_Lite_for_ARM_EABI/bin/../lib/gcc/arm-none-eabi/4.7.2/../../../../arm-none-eabi/lib/thumb/libc.a(lib_a-sprintf.o) (_svfprintf_r)
/home/maximus/CodeSourcery/Sourcery_CodeBench_Lite_for_ARM_EABI/bin/../lib/gcc/arm-none-eabi/4.7.2/../../../../arm-none-eabi/lib/thumb/libc.a(lib_a-vfprintf.o)
                              /home/maximus/CodeSourcery/Sourcery_CodeBench_Lite_for_ARM_EABI/bin/../lib/gcc/arm-none-eabi/4.7.2/../../../../arm-none-eabi/lib/thumb/libc.a(lib_a-printf.o) (_vfprintf_r)
[...]
Memory Configuration

Name             Origin             Length             Attributes
flash            0x00100000         0x00040000
ram              0x00200000         0x00008000
*default*        0x00000000         0xffffffff

Linker script and memory map

LOAD obj/portISR.o
LOAD obj/my_isr.o
LOAD obj/Cstartup_SAM7.o
LOAD obj/main.o
LOAD obj/ParTest.o
LOAD obj/BlockQ.o
LOAD obj/blocktim.o
LOAD obj/flash.o
LOAD obj/integer.o
LOAD obj/GenQTest.o
LOAD obj/QPeek.o
LOAD obj/dynamic.o
LOAD obj/list.o
LOAD obj/queue.o
LOAD obj/tasks.o
LOAD obj/port.o
LOAD obj/heap_2.o
LOAD obj/syscalls.o
LOAD obj/twi.o
LOAD obj/pio.o
LOAD obj/pio_config.o
LOAD obj/aic.o
LOAD obj/tc.o
LOAD obj/pit.o
LOAD obj/can.o
LOAD obj/pwmc.o
LOAD obj/math.o
LOAD obj/spi.o
LOAD obj/mezonin.o
LOAD obj/MSO_functions.o
LOAD /tmp/ccMZuX2i.o
START GROUP
LOAD /home/maximus/CodeSourcery/Sourcery_CodeBench_Lite_for_ARM_EABI/bin/../lib/gcc/arm-none-eabi/4.7.2/thumb/libgcc.a
LOAD /home/maximus/CodeSourcery/Sourcery_CodeBench_Lite_for_ARM_EABI/bin/../lib/gcc/arm-none-eabi/4.7.2/../../../../arm-none-eabi/lib/thumb/libc.a
END GROUP
                0x00207ffc                __stack_end__ = 0x207ffc
                0x00000000                . = 0x0

startup         0x00100000       0x44
 *(.startup)
 .startup       0x00100000       0x44 /tmp/ccMZuX2i.o

prog            0x00100048    0x11de8
 *(.text)
 .text          0x00100048      0x260 obj/portISR.o
                0x00100048                vPortISRStartFirstTask
                0x00100094                vPortYieldProcessor
                0x00100138                vPreemptiveTick
                0x00100200                vPortDisableInterruptsFromThumb
                0x00100218                vPortEnableInterruptsFromThumb
                0x00100230                vPortEnterCritical
                0x0010025c                vPortExitCritical
 .text          0x001002a8      0x51c obj/my_isr.o
                0x001002a8                TWI_ISR
                0x00100354                CAN0_ISR
                0x00100400                CAN1_ISR
                0x001004ac                Mez_1_TT_ISR_TC
                0x00100570                Mez_2_TT_ISR_TC
                0x00100634                Mez_3_TT_ISR_TC
                0x001006f8                Mez_4_TT_ISR_TC
 .text          0x001007c4       0x90 obj/Cstartup_SAM7.o
                0x001007c4                AT91F_LowLevelInit
 .text          0x00100854     0x11cc obj/main.o
                0x00100854                MezRec
                0x00100be0                MezValue
                0x00100e1c                Mez_TI_Task
                0x00100e38                Mez_TP_Task
                0x00100e54                Mez_TT_Task
                0x00100e80                Mez_TU_Task
                0x00100eac                Mez_TC_Task
                0x00100ed8                LedBlinkTask
                0x00100ef4                CanHandler
                0x0010179c                PCA9532_init
                0x0010180c                get_TY_state
                0x00101838                MyTask4
                0x001018e0                vApplicationTickHook
 .text          0x00101a20       0x74 obj/ParTest.o
                0x00101a20                vParTestInitialise
                0x00101a34                vParTestSetLED
                0x00101a5c                vParTestToggleLED
                0x00101a84                uxParTestGetLED
 .text          0x00101a94      0x250 obj/BlockQ.o
                0x00101b10                vStartBlockingQueueTasks
                0x00101c70                xAreBlockingQueuesStillRunning
 .text          0x00101ce4      0x324 obj/blocktim.o
                0x00101f74                vCreateBlockTimeTasks
                0x00101fd0                xAreBlockTimeTestTasksStillRunning
 .text          0x00102008       0xa8 obj/flash.o
                0x00102058                vStartLEDFlashTasks
 .text          0x001020b0       0x94 obj/integer.o
                0x00102104                vStartIntegerMathTasks
                0x00102130                xAreIntegerMathsTaskStillRunning
 .text          0x00102144      0x42c obj/GenQTest.o
                0x00102494                vStartGenericQueueTasks
                0x00102538                xAreGenericQueueTasksStillRunning
 .text          0x00102570      0x340 obj/QPeek.o
                0x001027e8                vStartQueuePeekTasks
                0x0010288c                xAreQueuePeekTasksStillRunning
 .text          0x001028b0      0x2cc obj/dynamic.o
                0x00102a8c                vStartDynamicPriorityTasks
                0x00102b4c                xAreDynamicPriorityTasksStillRunning
 .text          0x00102b7c       0xa4 obj/list.o
                0x00102b7c                vListInitialise
                0x00102b94                vListInitialiseItem
                0x00102b9c                vListInsertEnd
                0x00102bb8                vListInsert
                0x00102bf4                vListRemove
 .text          0x00102c20      0x8cc obj/queue.o
                0x00102c20                xQueueGenericReset
                0x00102c88                xQueueGenericCreate
                0x00102d04                xQueueGenericSend
                0x00103018                xQueueCreateMutex
                0x00103068                xQueueGenericSendFromISR
                0x00103104                xQueueGenericReceive
                0x00103420                xQueueReceiveFromISR
                0x0010348c                uxQueueMessagesWaiting
                0x001034a4                uxQueueMessagesWaitingFromISR
                0x001034a8                vQueueDelete
                0x001034c0                ucQueueGetQueueNumber
                0x001034c8                vQueueSetQueueNumber
                0x001034d0                ucQueueGetQueueType
                0x001034d8                xQueueIsQueueEmptyFromISR
                0x001034e0                xQueueIsQueueFullFromISR
 .text          0x001034ec      0xe00 obj/tasks.o
                0x001034ec                xTaskGenericCreate
                0x00103688                vTaskDelete
                0x001036f0                uxTaskPriorityGet
                0x00103714                vTaskPrioritySet
                0x001037b0                vTaskSuspend
                0x00103864                xTaskIsTaskSuspended
                0x0010388c                vTaskResume
                0x001038f8                xTaskResumeFromISR
                0x00103974                vTaskStartScheduler
                0x001039b8                vTaskEndScheduler
                0x001039d4                vTaskSuspendAll
                0x001039e4                xTaskGetTickCount
                0x00103a00                xTaskGetTickCountFromISR
                0x00103a0c                uxTaskGetNumberOfTasks
                0x00103a18                vTaskIncrementTick
                0x00103b0c                xTaskResumeAll
                0x00103bc8                vTaskList
                0x00103f80                vTaskDelay
                0x00103fe4                vTaskDelayUntil
                0x0010405c                vTaskSwitchContext
                0x001040bc                vTaskPlaceOnEventList
                0x00104128                xTaskRemoveFromEventList
                0x00104190                vTaskSetTimeOutState
                0x001041a0                xTaskCheckForTimeOut
                0x00104200                vTaskMissedYield
                0x0010420c                uxTaskGetTaskNumber
                0x0010421c                vTaskSetTaskNumber
                0x00104228                xTaskGetCurrentTaskHandle
                0x00104234                vTaskPriorityInherit
                0x001042a0                vTaskPriorityDisinherit
 .text          0x001042ec       0xe8 obj/port.o
                0x001042ec                pxPortInitialiseStack
                0x0010438c                xPortStartScheduler
                0x001043d0                vPortEndScheduler
 .text          0x001043d4      0x10c obj/heap_2.o
                0x001043d4                pvPortMalloc
                0x00104490                vPortFree
                0x001044d0                xPortGetFreeHeapSize
                0x001044dc                vPortInitialiseBlocks
 .text          0x001044e0       0x78 obj/syscalls.o
                0x001044e0                _read_r
                0x001044f4                _lseek_r
                0x001044f8                _write_r
                0x001044fc                _close_r
                0x00104500                _sbrk_r
                0x00104538                _fstat_r
                0x00104554                _isatty_r
 .text          0x00104558      0x13c obj/twi.o
                0x00104558                TWI_Pin_config
                0x0010458c                TWI_Configure
                0x001045cc                TWI_Stop
                0x001045d4                TWI_Start
                0x001045dc                TWI_StartRead
                0x001045f8                TWI_ReadByte
                0x00104600                TWI_WriteByte
                0x00104604                TWI_StartWrite
                0x00104610                Wait_THR_Ready
                0x00104630                Wait_TXCOMP
                0x00104644                Wait_RHR_Ready
                0x00104664                TWI_ByteReceived
                0x0010466c                TWI_ByteSent
                0x00104674                TWI_TransferComplete
                0x0010467c                TWI_EnableIt
                0x00104680                TWI_DisableIt
                0x00104684                TWI_GetStatus
                0x00104688                TWI_GetMaskedStatus
 .text          0x00104694      0x148 obj/pio.o
                0x00104694                PIO_Configure
                0x00104790                PIO_Set
                0x00104798                PIO_Clear
                0x001047a0                PIO_Get
                0x001047c4                PIO_GetOutputDataStatus
                0x001047d4                PIO_GetISR
 .text          0x001047dc       0x2c obj/pio_config.o
                0x001047dc                AT91F_PIO_CfgInput
                0x001047e4                AT91F_PIO_CfgOutput
                0x001047ec                AT91F_PIO_SetOutput
                0x001047f0                AT91F_PIO_ClearOutput
                0x001047f4                AT91F_PIO_CfgPeriph
                0x00104800                AT91F_PIO_CfgOpendrain
 .text          0x00104808       0x50 obj/aic.o
                0x00104808                AIC_ConfigureIT
                0x00104830                AIC_EnableIT
                0x00104844                AIC_DisableIT
 .text          0x00104858      0x118 obj/tc.o
                0x00104858                TC_Configure
                0x00104868                TC_Start
                0x00104870                TC_Stop
                0x00104878                TC_FindMckDivisor
 .text          0x00104970       0xa8 obj/pit.o
                0x00104970                PIT_Init
                0x00104998                PIT_SetPIV
                0x001049ac                PIT_Enable
                0x001049c0                PIT_EnableIT
                0x001049d4                PIT_DisableIT
                0x001049e8                PIT_GetMode
                0x001049f4                PIT_GetStatus
                0x00104a00                PIT_GetPIIR
                0x00104a0c                PIT_GetPIVR
 .text          0x00104a18      0xd50 obj/can.o
                0x00104a18                CAN_Handler
                0x00104b30                CAN_InitMailboxRegisters
                0x00104b9c                CAN_ResetAllMailbox
                0x00104c94                CAN_ResetTransfer
                0x00104cb4                old_CAN_Write
                0x00104cd8                CAN_Write
                0x00104da8                CAN_Read
                0x00104dcc                CAN_disable
                0x00104e20                CAN_BaudRateCalculate
                0x00104f20                CAN_Init
 .text          0x00105768      0x298 obj/pwmc.o
                0x00105768                PWMC_ConfigureChannel
                0x001057cc                PWMC_ConfigureClocks
                0x00105918                PWMC_SetPeriod
                0x0010595c                PWMC_SetDutyCycle
                0x001059c0                PWMC_EnableChannel
                0x001059d0                PWMC_DisableChannel
                0x001059e0                PWMC_EnableChannelIt
                0x001059f0                PWMC_DisableChannelIt
 .text          0x00105a00       0x30 obj/math.o
                0x00105a00                min
                0x00105a10                abs
                0x00105a18                power
 .text          0x00105a30      0x160 obj/spi.o
                0x00105a30                SPI_Pin_config
                0x00105a94                SPI_Enable
                0x00105a9c                SPI_Disable
                0x00105aa4                SPI_Configure
                0x00105ac0                SPI_ConfigureNPCS
                0x00105ac8                SPI_Write
                0x00105af4                SPI_WriteBuffer
                0x00105b34                SPI_IsFinished
                0x00105b3c                SPI_Read
                0x00105b50                SPI_ReadBuffer
 .text          0x00105b90     0x14a8 obj/mezonin.o
                0x00105b90                Mez_Select
                0x00105bb0                Mez_Recognition
                0x00105bd8                Mez_PreInit
                0x00105e94                Mez_TC_init
                0x00105f08                Mez_TU_init
                0x00105fac                Mez_TT_init
                0x001060d4                Mez_init
                0x001061f4                Mez_EnableChannel
                0x00106258                Mez_TT_Frequency
                0x0010632c                Mez_TP_init
                0x00106330                Mez_TI_init
                0x00106334                Mez_NOT_init
                0x00106338                Mez_NOT_handler
                0x0010633c                Mez_TC_handler
                0x00106430                Mez_TI_handler
                0x00106434                Mez_TP_handler
                0x00106438                Mez_TT_handler
                0x00106590                Mez_TT_Calib
                0x001069ec                Mez_TU_handler
                0x00106b0c                Get_TTLevels
                0x00106c34                Get_TTCoeffs
                0x00106e60                Get_TTParams
                0x00106f58                Get_TCParams
                0x0010701c                Get_TUParams
 .text          0x00107038      0x928 obj/MSO_functions.o
                0x00107038                FillTWIPacket
                0x00107054                FillCanPacket
                0x00107064                TWI_Read
                0x001070ec                TWI_Write
                0x0010716c                Led2_Write
                0x001071b8                Led2_Read
                0x001071cc                Switch8_Read
                0x00107238                Switch2_Read
                0x00107248                Timer_Start
                0x0010726c                Timer_Stop
                0x0010728c                Timer_Read
                0x001072ac                Timer_Handler
                0x00107414                MSO_memory_Write
                0x001074a4                MSO_memory_Read
                0x0010753c                MEZ_memory_Write
                0x00107630                MEZ_memory_Read
                0x0010771c                MEZ_memory_Read_Page
                0x001077e4                TWI_Transfer_Handler
                0x001078e4                CAN0_Handler
                0x001078f4                CAN1_Handler
                0x00107904                WDT_Enable
                0x00107918                WDT_Disable
                0x0010792c                WDT_Refresh
                0x0010793c                Crc16
 .text          0x00107960       0xd0 /tmp/ccMZuX2i.o
                0x00107960                start
                0x00107a10                endless_loop
 .text          0x00107a30      0x11c /home/maximus/CodeSourcery/Sourcery_CodeBench_Lite_for_ARM_EABI/bin/../lib/gcc/arm-none-eabi/4.7.2/thumb/libgcc.a(_udivsi3.o)
                0x00107a30                __udivsi3
                0x00107a30                __aeabi_uidiv
                0x00107b2c                __aeabi_uidivmod
 .text          0x00107b4c      0x150 /home/maximus/CodeSourcery/Sourcery_CodeBench_Lite_for_ARM_EABI/bin/../lib/gcc/arm-none-eabi/4.7.2/thumb/libgcc.a(_divsi3.o)
                0x00107b4c                __aeabi_idiv
                0x00107b4c                __divsi3
                0x00107c7c                __aeabi_idivmod
 .text          0x00107c9c        0x4 /home/maximus/CodeSourcery/Sourcery_CodeBench_Lite_for_ARM_EABI/bin/../lib/gcc/arm-none-eabi/4.7.2/thumb/libgcc.a(_dvmd_tls.o)
                0x00107c9c                __aeabi_ldiv0
                0x00107c9c                __aeabi_idiv0
 .text          0x00107ca0      0x41c /home/maximus/CodeSourcery/Sourcery_CodeBench_Lite_for_ARM_EABI/bin/../lib/gcc/arm-none-eabi/4.7.2/thumb/libgcc.a(_arm_addsubdf3.o)
                0x00107ca0                __aeabi_drsub
                0x00107ca8                __aeabi_dsub
                0x00107ca8                __subdf3
                0x00107cac                __adddf3
                0x00107cac                __aeabi_dadd
                0x00107fbc                __aeabi_ui2d
                0x00107fbc                __floatunsidf
                0x00107fe0                __floatsidf
                0x00107fe0                __aeabi_i2d
                0x00108008                __extendsfdf2
                0x00108008                __aeabi_f2d
                0x00108048                __aeabi_ul2d
                0x00108048                __floatundidf
                0x0010805c                __floatdidf
                0x0010805c                __aeabi_l2d
 .text          0x001080bc      0x49c /home/maximus/CodeSourcery/Sourcery_CodeBench_Lite_for_ARM_EABI/bin/../lib/gcc/arm-none-eabi/4.7.2/thumb/libgcc.a(_arm_muldivdf3.o)
                0x001080bc                __aeabi_dmul
                0x001080bc                __muldf3
                0x0010834c                __aeabi_ddiv
                0x0010834c                __divdf3
 .text          0x00108558       0x54 /home/maximus/CodeSourcery/Sourcery_CodeBench_Lite_for_ARM_EABI/bin/../lib/gcc/arm-none-eabi/4.7.2/thumb/libgcc.a(_arm_fixunsdfsi.o)
                0x00108558                __fixunsdfsi
                0x00108558                __aeabi_d2uiz
 .text          0x001085ac      0x2ac /home/maximus/CodeSourcery/Sourcery_CodeBench_Lite_for_ARM_EABI/bin/../lib/gcc/arm-none-eabi/4.7.2/thumb/libgcc.a(_arm_addsubsf3.o)
                0x001085ac                __aeabi_frsub
                0x001085b4                __subsf3
                0x001085b4                __aeabi_fsub
                0x001085b8                __aeabi_fadd
                0x001085b8                __addsf3
                0x00108774                __aeabi_ui2f
                0x00108774                __floatunsisf
                0x0010877c                __aeabi_i2f
                0x0010877c                __floatsisf
                0x0010879c                __floatundisf
                0x0010879c                __aeabi_ul2f
                0x001087ac                __floatdisf
                0x001087ac                __aeabi_l2f
 .text          0x00108858      0x2f8 /home/maximus/CodeSourcery/Sourcery_CodeBench_Lite_for_ARM_EABI/bin/../lib/gcc/arm-none-eabi/4.7.2/thumb/libgcc.a(_arm_muldivsf3.o)
                0x00108858                __mulsf3
                0x00108858                __aeabi_fmul
                0x001089f0                __divsf3
                0x001089f0                __aeabi_fdiv
 .text          0x00108b50      0x114 /home/maximus/CodeSourcery/Sourcery_CodeBench_Lite_for_ARM_EABI/bin/../lib/gcc/arm-none-eabi/4.7.2/thumb/libgcc.a(_arm_cmpsf2.o)
                0x00108b50                __gtsf2
                0x00108b50                __gesf2
                0x00108b58                __lesf2
                0x00108b58                __ltsf2
                0x00108b60                __nesf2
                0x00108b60                __eqsf2
                0x00108b60                __cmpsf2
                0x00108bc4                __aeabi_cfrcmple
                0x00108bd4                __aeabi_cfcmple
                0x00108bd4                __aeabi_cfcmpeq
                0x00108bec                __aeabi_fcmpeq
                0x00108c04                __aeabi_fcmplt
                0x00108c1c                __aeabi_fcmple
                0x00108c34                __aeabi_fcmpge
                0x00108c4c                __aeabi_fcmpgt
 .text          0x00108c64       0x54 /home/maximus/CodeSourcery/Sourcery_CodeBench_Lite_for_ARM_EABI/bin/../lib/gcc/arm-none-eabi/4.7.2/thumb/libgcc.a(_arm_fixunssfsi.o)
                0x00108c64                __aeabi_f2uiz
                0x00108c64                __fixunssfsi
 .text          0x00108cb8        0xc /home/maximus/CodeSourcery/Sourcery_CodeBench_Lite_for_ARM_EABI/bin/../lib/gcc/arm-none-eabi/4.7.2/../../../../arm-none-eabi/lib/thumb/libc.a(lib_a-errno.o)
                0x00108cb8                __errno
 .text          0x00108cc4        0x0 /home/maximus/CodeSourcery/Sourcery_CodeBench_Lite_for_ARM_EABI/bin/../lib/gcc/arm-none-eabi/4.7.2/../../../../arm-none-eabi/lib/thumb/libc.a(lib_a-impure.o)
 .text          0x00108cc4      0x10c /home/maximus/CodeSourcery/Sourcery_CodeBench_Lite_for_ARM_EABI/bin/../lib/gcc/arm-none-eabi/4.7.2/../../../../arm-none-eabi/lib/thumb/libc.a(lib_a-memcpy.o)
                0x00108cc4                memcpy
 .text          0x00108dd0       0x9c /home/maximus/CodeSourcery/Sourcery_CodeBench_Lite_for_ARM_EABI/bin/../lib/gcc/arm-none-eabi/4.7.2/../../../../arm-none-eabi/lib/thumb/libc.a(lib_a-memset.o)
                0x00108dd0                memset
 .text          0x00108e6c       0x40 /home/maximus/CodeSourcery/Sourcery_CodeBench_Lite_for_ARM_EABI/bin/../lib/gcc/arm-none-eabi/4.7.2/../../../../arm-none-eabi/lib/thumb/libc.a(lib_a-printf.o)
                0x00108e6c                _printf_r
                0x00108e88                printf
 .text          0x00108eac       0x84 /home/maximus/CodeSourcery/Sourcery_CodeBench_Lite_for_ARM_EABI/bin/../lib/gcc/arm-none-eabi/4.7.2/../../../../arm-none-eabi/lib/thumb/libc.a(lib_a-sprintf.o)
                0x00108eac                _sprintf_r
                0x00108eec                sprintf
 .text          0x00108f30       0x50 /home/maximus/CodeSourcery/Sourcery_CodeBench_Lite_for_ARM_EABI/bin/../lib/gcc/arm-none-eabi/4.7.2/../../../../arm-none-eabi/lib/thumb/libc.a(lib_a-strcat.o)
                0x00108f30                strcat
 .text          0x00108f80       0x10 /home/maximus/CodeSourcery/Sourcery_CodeBench_Lite_for_ARM_EABI/bin/../lib/gcc/arm-none-eabi/4.7.2/../../../../arm-none-eabi/lib/thumb/libc.a(lib_a-strcpy.o)
                0x00108f80                strcpy
 .text          0x00108f90       0x60 /home/maximus/CodeSourcery/Sourcery_CodeBench_Lite_for_ARM_EABI/bin/../lib/gcc/arm-none-eabi/4.7.2/../../../../arm-none-eabi/lib/thumb/libc.a(lib_a-strncpy.o)
                0x00108f90                strncpy
 .text          0x00108ff0     0x1480 /home/maximus/CodeSourcery/Sourcery_CodeBench_Lite_for_ARM_EABI/bin/../lib/gcc/arm-none-eabi/4.7.2/../../../../arm-none-eabi/lib/thumb/libc.a(lib_a-svfprintf.o)
                0x00108ff0                _svfprintf_r
 .text          0x0010a470     0x1530 /home/maximus/CodeSourcery/Sourcery_CodeBench_Lite_for_ARM_EABI/bin/../lib/gcc/arm-none-eabi/4.7.2/../../../../arm-none-eabi/lib/thumb/libc.a(lib_a-vfprintf.o)
                0x0010a470                _vfprintf_r
                0x0010b97c                vfprintf
 .text          0x0010b9a0       0xc0 /home/maximus/CodeSourcery/Sourcery_CodeBench_Lite_for_ARM_EABI/bin/../lib/gcc/arm-none-eabi/4.7.2/../../../../arm-none-eabi/lib/thumb/libc.a(lib_a-wsetup.o)
                0x0010b9a0                __swsetup_r
 .text          0x0010ba60     0x10c8 /home/maximus/CodeSourcery/Sourcery_CodeBench_Lite_for_ARM_EABI/bin/../lib/gcc/arm-none-eabi/4.7.2/../../../../arm-none-eabi/lib/thumb/libc.a(lib_a-dtoa.o)
                0x0010bbb8                _dtoa_r
 .text          0x0010cb28      0x188 /home/maximus/CodeSourcery/Sourcery_CodeBench_Lite_for_ARM_EABI/bin/../lib/gcc/arm-none-eabi/4.7.2/../../../../arm-none-eabi/lib/thumb/libc.a(lib_a-fflush.o)
                0x0010cb28                _fflush_r
                0x0010cc80                fflush
 .text          0x0010ccb0      0x1d8 /home/maximus/CodeSourcery/Sourcery_CodeBench_Lite_for_ARM_EABI/bin/../lib/gcc/arm-none-eabi/4.7.2/../../../../arm-none-eabi/lib/thumb/libc.a(lib_a-findfp.o)
                0x0010ccb8                _cleanup_r
                0x0010cd18                __sfmoreglue
                0x0010cd48                _cleanup
                0x0010cd5c                __sinit
                0x0010cdb0                __sfp
                0x0010ce40                __sfp_lock_acquire
                0x0010ce44                __sfp_lock_release
                0x0010ce48                __sinit_lock_acquire
                0x0010ce4c                __sinit_lock_release
                0x0010ce50                __fp_lock_all
                0x0010ce6c                __fp_unlock_all
 .text          0x0010ce88      0x238 /home/maximus/CodeSourcery/Sourcery_CodeBench_Lite_for_ARM_EABI/bin/../lib/gcc/arm-none-eabi/4.7.2/../../../../arm-none-eabi/lib/thumb/libc.a(lib_a-freer.o)
                0x0010ce88                _malloc_trim_r
                0x0010cf2c                _free_r
 .text          0x0010d0c0       0xc0 /home/maximus/CodeSourcery/Sourcery_CodeBench_Lite_for_ARM_EABI/bin/../lib/gcc/arm-none-eabi/4.7.2/../../../../arm-none-eabi/lib/thumb/libc.a(lib_a-fwalk.o)
                0x0010d0c0                _fwalk
                0x0010d11c                _fwalk_reent
 .text          0x0010d180       0xa0 /home/maximus/CodeSourcery/Sourcery_CodeBench_Lite_for_ARM_EABI/bin/../lib/gcc/arm-none-eabi/4.7.2/../../../../arm-none-eabi/lib/thumb/libc.a(lib_a-locale.o)
                0x0010d180                _setlocale_r
                0x0010d1c8                __locale_charset
                0x0010d1d0                __locale_mb_cur_max
                0x0010d1dc                __locale_msgcharset
                0x0010d1e8                __locale_cjk_lang
                0x0010d1ec                _localeconv_r
                0x0010d1f8                setlocale
                0x0010d214                localeconv
 .text          0x0010d220       0xe0 /home/maximus/CodeSourcery/Sourcery_CodeBench_Lite_for_ARM_EABI/bin/../lib/gcc/arm-none-eabi/4.7.2/../../../../arm-none-eabi/lib/thumb/libc.a(lib_a-makebuf.o)
                0x0010d220                __smakebuf_r
 .text          0x0010d300      0x518 /home/maximus/CodeSourcery/Sourcery_CodeBench_Lite_for_ARM_EABI/bin/../lib/gcc/arm-none-eabi/4.7.2/../../../../arm-none-eabi/lib/thumb/libc.a(lib_a-mallocr.o)
                0x0010d300                _malloc_r
 .text          0x0010d818       0x98 /home/maximus/CodeSourcery/Sourcery_CodeBench_Lite_for_ARM_EABI/bin/../lib/gcc/arm-none-eabi/4.7.2/../../../../arm-none-eabi/lib/thumb/libc.a(lib_a-memchr.o)
                0x0010d818                memchr
 .text          0x0010d8b0        0x8 /home/maximus/CodeSourcery/Sourcery_CodeBench_Lite_for_ARM_EABI/bin/../lib/gcc/arm-none-eabi/4.7.2/../../../../arm-none-eabi/lib/thumb/libc.a(lib_a-mlock.o)
                0x0010d8b0                __malloc_lock
                0x0010d8b4                __malloc_unlock
 .text          0x0010d8b8      0x970 /home/maximus/CodeSourcery/Sourcery_CodeBench_Lite_for_ARM_EABI/bin/../lib/gcc/arm-none-eabi/4.7.2/../../../../arm-none-eabi/lib/thumb/libc.a(lib_a-mprec.o)
                0x0010d8b8                _Balloc
                0x0010d90c                _Bfree
                0x0010d924                __multadd
                0x0010d9d0                __s2b
                0x0010da6c                __hi0bits
                0x0010daa4                __lo0bits
                0x0010db04                __i2b
                0x0010db1c                __multiply
                0x0010dc80                __pow5mult
                0x0010dd30                __lshift
                0x0010de00                __mcmp
                0x0010de3c                __mdiff
                0x0010df2c                __ulp
                0x0010df74                __b2d
                0x0010e018                __d2b
                0x0010e0d0                __ratio
                0x0010e144                _mprec_log10
                0x0010e184                __copybits
                0x0010e1cc                __any_on
 .text          0x0010e228       0x5c /home/maximus/CodeSourcery/Sourcery_CodeBench_Lite_for_ARM_EABI/bin/../lib/gcc/arm-none-eabi/4.7.2/../../../../arm-none-eabi/lib/thumb/libc.a(lib_a-s_fpclassify.o)
                0x0010e228                __fpclassifyd
 .text          0x0010e284       0xac /home/maximus/CodeSourcery/Sourcery_CodeBench_Lite_for_ARM_EABI/bin/../lib/gcc/arm-none-eabi/4.7.2/../../../../arm-none-eabi/lib/thumb/libc.a(lib_a-stdio.o)
                0x0010e284                __sread
                0x0010e2b0                __seofread
                0x0010e2b4                __swrite
                0x0010e2f0                __sseek
                0x0010e320                __sclose
 .text          0x0010e330       0x14 /home/maximus/CodeSourcery/Sourcery_CodeBench_Lite_for_ARM_EABI/bin/../lib/gcc/arm-none-eabi/4.7.2/../../../../arm-none-eabi/lib/thumb/libc.a(lib_a-strcmp.o)
                0x0010e330                strcmp
 .text          0x0010e344       0x10 /home/maximus/CodeSourcery/Sourcery_CodeBench_Lite_for_ARM_EABI/bin/../lib/gcc/arm-none-eabi/4.7.2/../../../../arm-none-eabi/lib/thumb/libc.a(lib_a-strlen.o)
                0x0010e344                strlen
 .text          0x0010e354      0xbec /home/maximus/CodeSourcery/Sourcery_CodeBench_Lite_for_ARM_EABI/bin/../lib/gcc/arm-none-eabi/4.7.2/../../../../arm-none-eabi/lib/thumb/libc.a(lib_a-svfiprintf.o)
                0x0010e354                __ssprint_r
                0x0010e480                _svfiprintf_r
 .text          0x0010ef40      0xc50 /home/maximus/CodeSourcery/Sourcery_CodeBench_Lite_for_ARM_EABI/bin/../lib/gcc/arm-none-eabi/4.7.2/../../../../arm-none-eabi/lib/thumb/libc.a(lib_a-vfiprintf.o)
                0x0010ef40                __sprint_r
                0x0010efc4                _vfiprintf_r
                0x0010fb70                vfiprintf
 .text          0x0010fb90       0x64 /home/maximus/CodeSourcery/Sourcery_CodeBench_Lite_for_ARM_EABI/bin/../lib/gcc/arm-none-eabi/4.7.2/../../../../arm-none-eabi/lib/thumb/libc.a(lib_a-callocr.o)
                0x0010fb90                _calloc_r
 .text          0x0010fbf4       0xc0 /home/maximus/CodeSourcery/Sourcery_CodeBench_Lite_for_ARM_EABI/bin/../lib/gcc/arm-none-eabi/4.7.2/../../../../arm-none-eabi/lib/thumb/libc.a(lib_a-fclose.o)
                0x0010fbf4                _fclose_r
                0x0010fc98                fclose
 .text          0x0010fcb4      0x104 /home/maximus/CodeSourcery/Sourcery_CodeBench_Lite_for_ARM_EABI/bin/../lib/gcc/arm-none-eabi/4.7.2/../../../../arm-none-eabi/lib/thumb/libc.a(lib_a-fputwc.o)
                0x0010fcb4                _fputwc_r
                0x0010fd8c                fputwc
 .text          0x0010fdb8      0x31c /home/maximus/CodeSourcery/Sourcery_CodeBench_Lite_for_ARM_EABI/bin/../lib/gcc/arm-none-eabi/4.7.2/../../../../arm-none-eabi/lib/thumb/libc.a(lib_a-fvwrite.o)
                0x0010fdb8                __sfvwrite_r
 .text          0x001100d4       0xb0 /home/maximus/CodeSourcery/Sourcery_CodeBench_Lite_for_ARM_EABI/bin/../lib/gcc/arm-none-eabi/4.7.2/../../../../arm-none-eabi/lib/thumb/libc.a(lib_a-memmove.o)
                0x001100d4                memmove
 .text          0x00110184      0x3e0 /home/maximus/CodeSourcery/Sourcery_CodeBench_Lite_for_ARM_EABI/bin/../lib/gcc/arm-none-eabi/4.7.2/../../../../arm-none-eabi/lib/thumb/libc.a(lib_a-reallocr.o)
                0x00110184                _realloc_r
 .text          0x00110564       0xe4 /home/maximus/CodeSourcery/Sourcery_CodeBench_Lite_for_ARM_EABI/bin/../lib/gcc/arm-none-eabi/4.7.2/../../../../arm-none-eabi/lib/thumb/libc.a(lib_a-wbuf.o)
                0x00110564                __swbuf_r
                0x0011062c                __swbuf
 .text          0x00110648       0xd4 /home/maximus/CodeSourcery/Sourcery_CodeBench_Lite_for_ARM_EABI/bin/../lib/gcc/arm-none-eabi/4.7.2/../../../../arm-none-eabi/lib/thumb/libc.a(lib_a-wcrtomb.o)
                0x00110648                _wcrtomb_r
                0x001106a8                wcrtomb
 .text          0x0011071c       0x5c /home/maximus/CodeSourcery/Sourcery_CodeBench_Lite_for_ARM_EABI/bin/../lib/gcc/arm-none-eabi/4.7.2/../../../../arm-none-eabi/lib/thumb/libc.a(lib_a-wctomb_r.o)
                0x0011071c                __ascii_wctomb
                0x0011073c                _wctomb_r
 .text          0x00110778      0x144 /home/maximus/CodeSourcery/Sourcery_CodeBench_Lite_for_ARM_EABI/bin/../lib/gcc/arm-none-eabi/4.7.2/thumb/libgcc.a(_arm_cmpdf2.o)
                0x00110778                __gtdf2
                0x00110778                __gedf2
                0x00110780                __ltdf2
                0x00110780                __ledf2
                0x00110788                __cmpdf2
                0x00110788                __eqdf2
                0x00110788                __nedf2
                0x00110810                __aeabi_cdrcmple
                0x0011082c                __aeabi_cdcmple
                0x0011082c                __aeabi_cdcmpeq
                0x00110844                __aeabi_dcmpeq
                0x0011085c                __aeabi_dcmplt
                0x00110874                __aeabi_dcmple
                0x0011088c                __aeabi_dcmpge
                0x001108a4                __aeabi_dcmpgt
 .text          0x001108bc       0x5c /home/maximus/CodeSourcery/Sourcery_CodeBench_Lite_for_ARM_EABI/bin/../lib/gcc/arm-none-eabi/4.7.2/thumb/libgcc.a(_arm_fixdfsi.o)
                0x001108bc                __fixdfsi
                0x001108bc                __aeabi_d2iz
 .text          0x00110918       0x3c /home/maximus/CodeSourcery/Sourcery_CodeBench_Lite_for_ARM_EABI/bin/../lib/gcc/arm-none-eabi/4.7.2/thumb/libgcc.a(_aeabi_uldivmod.o)
                0x00110918                __aeabi_uldivmod
 .text          0x00110954       0x7c /home/maximus/CodeSourcery/Sourcery_CodeBench_Lite_for_ARM_EABI/bin/../lib/gcc/arm-none-eabi/4.7.2/thumb/libgcc.a(bpabi.o)
                0x00110954                __gnu_ldivmod_helper
                0x00110994                __gnu_uldivmod_helper
 .text          0x001109d0       0x4c /home/maximus/CodeSourcery/Sourcery_CodeBench_Lite_for_ARM_EABI/bin/../lib/gcc/arm-none-eabi/4.7.2/thumb/libgcc.a(_muldi3.o)
                0x001109d0                __aeabi_lmul
                0x001109d0                __muldi3
 .text          0x00110a1c      0x3ec /home/maximus/CodeSourcery/Sourcery_CodeBench_Lite_for_ARM_EABI/bin/../lib/gcc/arm-none-eabi/4.7.2/thumb/libgcc.a(_divdi3.o)
                0x00110a1c                __divdi3
 .text          0x00110e08      0x3a0 /home/maximus/CodeSourcery/Sourcery_CodeBench_Lite_for_ARM_EABI/bin/../lib/gcc/arm-none-eabi/4.7.2/thumb/libgcc.a(_udivdi3.o)
                0x00110e08                __udivdi3
 .text          0x001111a8       0x48 /home/maximus/CodeSourcery/Sourcery_CodeBench_Lite_for_ARM_EABI/bin/../lib/gcc/arm-none-eabi/4.7.2/thumb/libgcc.a(_clzsi2.o)
                0x001111a8                __clzsi2
 .text.__stub   0x001111f0      0x150 linker stubs
 *(.rodata)
 .rodata        0x00111360       0xe0 obj/main.o
 .rodata        0x00111440        0x8 obj/ParTest.o
                0x00111440                ulLED_Mask
 .rodata        0x00111448       0x14 obj/pio.o
 .rodata        0x0011145c       0x14 obj/tc.o
 .rodata        0x00111470       0x48 obj/can.o
 .rodata        0x001114b8       0x2c obj/pwmc.o
 .rodata        0x001114e4        0x4 /home/maximus/CodeSourcery/Sourcery_CodeBench_Lite_for_ARM_EABI/bin/../lib/gcc/arm-none-eabi/4.7.2/../../../../arm-none-eabi/lib/thumb/libc.a(lib_a-impure.o)
                0x001114e4                _global_impure_ptr
 .rodata        0x001114e8      0x184 /home/maximus/CodeSourcery/Sourcery_CodeBench_Lite_for_ARM_EABI/bin/../lib/gcc/arm-none-eabi/4.7.2/../../../../arm-none-eabi/lib/thumb/libc.a(lib_a-svfprintf.o)
 .rodata        0x0011166c      0x184 /home/maximus/CodeSourcery/Sourcery_CodeBench_Lite_for_ARM_EABI/bin/../lib/gcc/arm-none-eabi/4.7.2/../../../../arm-none-eabi/lib/thumb/libc.a(lib_a-vfprintf.o)
 .rodata        0x001117f0      0x128 /home/maximus/CodeSourcery/Sourcery_CodeBench_Lite_for_ARM_EABI/bin/../lib/gcc/arm-none-eabi/4.7.2/../../../../arm-none-eabi/lib/thumb/libc.a(lib_a-mprec.o)
                0x00111800                __mprec_tens
                0x001118c8                __mprec_tinytens
                0x001118f0                __mprec_bigtens
 .rodata        0x00111918      0x184 /home/maximus/CodeSourcery/Sourcery_CodeBench_Lite_for_ARM_EABI/bin/../lib/gcc/arm-none-eabi/4.7.2/../../../../arm-none-eabi/lib/thumb/libc.a(lib_a-svfiprintf.o)
 .rodata        0x00111a9c      0x184 /home/maximus/CodeSourcery/Sourcery_CodeBench_Lite_for_ARM_EABI/bin/../lib/gcc/arm-none-eabi/4.7.2/../../../../arm-none-eabi/lib/thumb/libc.a(lib_a-vfiprintf.o)
 *(.rodata*)
 .rodata.str1.4
                0x00111c20       0x5e obj/main.o
                                 0x60 (size before relaxing)
 *fill*         0x00111c7e        0x2 
 .rodata.str1.4
                0x00111c80       0x30 obj/BlockQ.o
 .rodata.str1.4
                0x00111cb0        0xf obj/blocktim.o
                                 0x10 (size before relaxing)
 *fill*         0x00111cbf        0x1 
 .rodata.str1.4
                0x00111cc0        0x5 obj/flash.o
                                  0x8 (size before relaxing)
 *fill*         0x00111cc5        0x3 
 .rodata.str1.4
                0x00111cc8        0x8 obj/integer.o
 .rodata.str1.4
                0x00111cd0       0x1f obj/GenQTest.o
                                 0x20 (size before relaxing)
 *fill*         0x00111cef        0x1 
 .rodata.str1.4
                0x00111cf0       0x1f obj/QPeek.o
                                 0x20 (size before relaxing)
 *fill*         0x00111d0f        0x1 
 .rodata.str1.4
                0x00111d10       0x28 obj/dynamic.o
 .rodata.str1.4
                0x00111d38       0x1e obj/tasks.o
                                 0x20 (size before relaxing)
 *fill*         0x00111d56        0x2 
 .rodata.str1.4
                0x00111d58       0x72 obj/pwmc.o
                                 0x74 (size before relaxing)
 *fill*         0x00111dca        0x2 
 .rodata.str1.4
                0x00111dcc        0x2 /home/maximus/CodeSourcery/Sourcery_CodeBench_Lite_for_ARM_EABI/bin/../lib/gcc/arm-none-eabi/4.7.2/../../../../arm-none-eabi/lib/thumb/libc.a(lib_a-impure.o)
                                  0x4 (size before relaxing)
 *fill*         0x00111dce        0x2 
 .rodata.str1.4
                0x00111dd0       0x42 /home/maximus/CodeSourcery/Sourcery_CodeBench_Lite_for_ARM_EABI/bin/../lib/gcc/arm-none-eabi/4.7.2/../../../../arm-none-eabi/lib/thumb/libc.a(lib_a-svfprintf.o)
                                 0x44 (size before relaxing)
 .rodata.str1.4
                0x00000000       0x44 /home/maximus/CodeSourcery/Sourcery_CodeBench_Lite_for_ARM_EABI/bin/../lib/gcc/arm-none-eabi/4.7.2/../../../../arm-none-eabi/lib/thumb/libc.a(lib_a-vfprintf.o)
 *fill*         0x00111e12        0x2 
 .rodata.str1.4
                0x00111e14       0x10 /home/maximus/CodeSourcery/Sourcery_CodeBench_Lite_for_ARM_EABI/bin/../lib/gcc/arm-none-eabi/4.7.2/../../../../arm-none-eabi/lib/thumb/libc.a(lib_a-dtoa.o)
                                 0x14 (size before relaxing)
 .rodata.str1.4
                0x00111e24        0xc /home/maximus/CodeSourcery/Sourcery_CodeBench_Lite_for_ARM_EABI/bin/../lib/gcc/arm-none-eabi/4.7.2/../../../../arm-none-eabi/lib/thumb/libc.a(lib_a-locale.o)
                                 0x14 (size before relaxing)
 .rodata.str1.4
                0x00000000       0x30 /home/maximus/CodeSourcery/Sourcery_CodeBench_Lite_for_ARM_EABI/bin/../lib/gcc/arm-none-eabi/4.7.2/../../../../arm-none-eabi/lib/thumb/libc.a(lib_a-svfiprintf.o)
 .rodata.str1.4
                0x00000000       0x30 /home/maximus/CodeSourcery/Sourcery_CodeBench_Lite_for_ARM_EABI/bin/../lib/gcc/arm-none-eabi/4.7.2/../../../../arm-none-eabi/lib/thumb/libc.a(lib_a-vfiprintf.o)
 *(.glue_7)
 .glue_7        0x00000000        0x0 linker stubs
 *(.glue_7t)
 .glue_7t       0x00000000        0x0 linker stubs
                0x00111e30                __end_of_text__ = .

.vfp11_veneer   0x00111e30        0x0
 .vfp11_veneer  0x00000000        0x0 linker stubs

.v4_bx          0x00111e30        0x0
 .v4_bx         0x00000000        0x0 linker stubs

.iplt           0x00111e30        0x0
 .iplt          0x00000000        0x0 obj/portISR.o

.text.startup   0x00111e30      0x1e0
 .text.startup  0x00111e30      0x1d4 obj/main.o
                0x00111e30                main
 *fill*         0x00112004        0x4 
 .text.startup.__stub
                0x00112008        0x8 linker stubs

.ARM.extab      0x00112010        0x0
 .ARM.extab     0x00112010        0x0 /home/maximus/CodeSourcery/Sourcery_CodeBench_Lite_for_ARM_EABI/bin/../lib/gcc/arm-none-eabi/4.7.2/thumb/libgcc.a(_divdi3.o)
 .ARM.extab     0x00112010        0x0 /home/maximus/CodeSourcery/Sourcery_CodeBench_Lite_for_ARM_EABI/bin/../lib/gcc/arm-none-eabi/4.7.2/thumb/libgcc.a(_udivdi3.o)

.ARM.exidx      0x00112010        0x8
 .ARM.exidx     0x00112010        0x8 /home/maximus/CodeSourcery/Sourcery_CodeBench_Lite_for_ARM_EABI/bin/../lib/gcc/arm-none-eabi/4.7.2/thumb/libgcc.a(_divdi3.o)
 .ARM.exidx     0x00112018        0x0 /home/maximus/CodeSourcery/Sourcery_CodeBench_Lite_for_ARM_EABI/bin/../lib/gcc/arm-none-eabi/4.7.2/thumb/libgcc.a(_udivdi3.o)
                                  0x8 (size before relaxing)

.rel.dyn        0x00112018        0x0
 .rel.iplt      0x00000000        0x0 obj/portISR.o

.data           0x00200000      0x910 load address 0x00112018
                0x00200000                __data_beg__ = .
                0x00111e30                __data_beg_src__ = __end_of_text__
 *(.data)
 .data          0x00200000        0x4 obj/portISR.o
                0x00200000                ulCriticalNesting
 .data          0x00200004        0x0 obj/my_isr.o
 .data          0x00200004        0x0 obj/Cstartup_SAM7.o
 .data          0x00200004        0x0 obj/main.o
 .data          0x00200004        0x0 obj/ParTest.o
 .data          0x00200004        0x0 obj/BlockQ.o
 .data          0x00200004        0x0 obj/blocktim.o
 .data          0x00200004        0x0 obj/flash.o
 .data          0x00200004        0x0 obj/integer.o
 .data          0x00200004        0x0 obj/GenQTest.o
 .data          0x00200004        0x0 obj/QPeek.o
 .data          0x00200004        0x0 obj/dynamic.o
 .data          0x00200004        0x0 obj/list.o
 .data          0x00200004        0x0 obj/queue.o
 .data          0x00200004        0x4 obj/tasks.o
 .data          0x00200008        0x0 obj/port.o
 .data          0x00200008        0x4 obj/heap_2.o
 .data          0x0020000c        0x0 obj/syscalls.o
 .data          0x0020000c        0x0 obj/twi.o
 .data          0x0020000c        0x0 obj/pio.o
 .data          0x0020000c        0x0 obj/pio_config.o
 .data          0x0020000c        0x0 obj/aic.o
 .data          0x0020000c        0x0 obj/tc.o
 .data          0x0020000c        0x0 obj/pit.o
 .data          0x0020000c        0x0 obj/can.o
 .data          0x0020000c        0x0 obj/pwmc.o
 .data          0x0020000c        0x0 obj/math.o
 .data          0x0020000c        0x0 obj/spi.o
 .data          0x0020000c        0x0 obj/mezonin.o
 .data          0x0020000c       0x40 obj/MSO_functions.o
                0x0020000c                TIMERS
 .data          0x0020004c        0x0 /tmp/ccMZuX2i.o
 .data          0x0020004c        0x0 /home/maximus/CodeSourcery/Sourcery_CodeBench_Lite_for_ARM_EABI/bin/../lib/gcc/arm-none-eabi/4.7.2/thumb/libgcc.a(_udivsi3.o)
 .data          0x0020004c        0x0 /home/maximus/CodeSourcery/Sourcery_CodeBench_Lite_for_ARM_EABI/bin/../lib/gcc/arm-none-eabi/4.7.2/thumb/libgcc.a(_divsi3.o)
 .data          0x0020004c        0x0 /home/maximus/CodeSourcery/Sourcery_CodeBench_Lite_for_ARM_EABI/bin/../lib/gcc/arm-none-eabi/4.7.2/thumb/libgcc.a(_dvmd_tls.o)
 .data          0x0020004c        0x0 /home/maximus/CodeSourcery/Sourcery_CodeBench_Lite_for_ARM_EABI/bin/../lib/gcc/arm-none-eabi/4.7.2/thumb/libgcc.a(_arm_addsubdf3.o)
 .data          0x0020004c        0x0 /home/maximus/CodeSourcery/Sourcery_CodeBench_Lite_for_ARM_EABI/bin/../lib/gcc/arm-none-eabi/4.7.2/thumb/libgcc.a(_arm_muldivdf3.o)
 .data          0x0020004c        0x0 /home/maximus/CodeSourcery/Sourcery_CodeBench_Lite_for_ARM_EABI/bin/../lib/gcc/arm-none-eabi/4.7.2/thumb/libgcc.a(_arm_fixunsdfsi.o)
 .data          0x0020004c        0x0 /home/maximus/CodeSourcery/Sourcery_CodeBench_Lite_for_ARM_EABI/bin/../lib/gcc/arm-none-eabi/4.7.2/thumb/libgcc.a(_arm_addsubsf3.o)
 .data          0x0020004c        0x0 /home/maximus/CodeSourcery/Sourcery_CodeBench_Lite_for_ARM_EABI/bin/../lib/gcc/arm-none-eabi/4.7.2/thumb/libgcc.a(_arm_muldivsf3.o)
 .data          0x0020004c        0x0 /home/maximus/CodeSourcery/Sourcery_CodeBench_Lite_for_ARM_EABI/bin/../lib/gcc/arm-none-eabi/4.7.2/thumb/libgcc.a(_arm_cmpsf2.o)
 .data          0x0020004c        0x0 /home/maximus/CodeSourcery/Sourcery_CodeBench_Lite_for_ARM_EABI/bin/../lib/gcc/arm-none-eabi/4.7.2/thumb/libgcc.a(_arm_fixunssfsi.o)
 .data          0x0020004c        0x0 /home/maximus/CodeSourcery/Sourcery_CodeBench_Lite_for_ARM_EABI/bin/../lib/gcc/arm-none-eabi/4.7.2/../../../../arm-none-eabi/lib/thumb/libc.a(lib_a-errno.o)
 *fill*         0x0020004c        0x4 
 .data          0x00200050      0x430 /home/maximus/CodeSourcery/Sourcery_CodeBench_Lite_for_ARM_EABI/bin/../lib/gcc/arm-none-eabi/4.7.2/../../../../arm-none-eabi/lib/thumb/libc.a(lib_a-impure.o)
                0x00200050                _impure_ptr
 .data          0x00200480        0x0 /home/maximus/CodeSourcery/Sourcery_CodeBench_Lite_for_ARM_EABI/bin/../lib/gcc/arm-none-eabi/4.7.2/../../../../arm-none-eabi/lib/thumb/libc.a(lib_a-memcpy.o)
 .data          0x00200480        0x0 /home/maximus/CodeSourcery/Sourcery_CodeBench_Lite_for_ARM_EABI/bin/../lib/gcc/arm-none-eabi/4.7.2/../../../../arm-none-eabi/lib/thumb/libc.a(lib_a-memset.o)
 .data          0x00200480        0x0 /home/maximus/CodeSourcery/Sourcery_CodeBench_Lite_for_ARM_EABI/bin/../lib/gcc/arm-none-eabi/4.7.2/../../../../arm-none-eabi/lib/thumb/libc.a(lib_a-printf.o)
 .data          0x00200480        0x0 /home/maximus/CodeSourcery/Sourcery_CodeBench_Lite_for_ARM_EABI/bin/../lib/gcc/arm-none-eabi/4.7.2/../../../../arm-none-eabi/lib/thumb/libc.a(lib_a-sprintf.o)
 .data          0x00200480        0x0 /home/maximus/CodeSourcery/Sourcery_CodeBench_Lite_for_ARM_EABI/bin/../lib/gcc/arm-none-eabi/4.7.2/../../../../arm-none-eabi/lib/thumb/libc.a(lib_a-strcat.o)
 .data          0x00200480        0x0 /home/maximus/CodeSourcery/Sourcery_CodeBench_Lite_for_ARM_EABI/bin/../lib/gcc/arm-none-eabi/4.7.2/../../../../arm-none-eabi/lib/thumb/libc.a(lib_a-strcpy.o)
 .data          0x00200480        0x0 /home/maximus/CodeSourcery/Sourcery_CodeBench_Lite_for_ARM_EABI/bin/../lib/gcc/arm-none-eabi/4.7.2/../../../../arm-none-eabi/lib/thumb/libc.a(lib_a-strncpy.o)
 .data          0x00200480        0x0 /home/maximus/CodeSourcery/Sourcery_CodeBench_Lite_for_ARM_EABI/bin/../lib/gcc/arm-none-eabi/4.7.2/../../../../arm-none-eabi/lib/thumb/libc.a(lib_a-svfprintf.o)
 .data          0x00200480        0x0 /home/maximus/CodeSourcery/Sourcery_CodeBench_Lite_for_ARM_EABI/bin/../lib/gcc/arm-none-eabi/4.7.2/../../../../arm-none-eabi/lib/thumb/libc.a(lib_a-vfprintf.o)
 .data          0x00200480        0x0 /home/maximus/CodeSourcery/Sourcery_CodeBench_Lite_for_ARM_EABI/bin/../lib/gcc/arm-none-eabi/4.7.2/../../../../arm-none-eabi/lib/thumb/libc.a(lib_a-wsetup.o)
 .data          0x00200480        0x0 /home/maximus/CodeSourcery/Sourcery_CodeBench_Lite_for_ARM_EABI/bin/../lib/gcc/arm-none-eabi/4.7.2/../../../../arm-none-eabi/lib/thumb/libc.a(lib_a-dtoa.o)
 .data          0x00200480        0x0 /home/maximus/CodeSourcery/Sourcery_CodeBench_Lite_for_ARM_EABI/bin/../lib/gcc/arm-none-eabi/4.7.2/../../../../arm-none-eabi/lib/thumb/libc.a(lib_a-fflush.o)
 .data          0x00200480        0x0 /home/maximus/CodeSourcery/Sourcery_CodeBench_Lite_for_ARM_EABI/bin/../lib/gcc/arm-none-eabi/4.7.2/../../../../arm-none-eabi/lib/thumb/libc.a(lib_a-findfp.o)
 .data          0x00200480        0x0 /home/maximus/CodeSourcery/Sourcery_CodeBench_Lite_for_ARM_EABI/bin/../lib/gcc/arm-none-eabi/4.7.2/../../../../arm-none-eabi/lib/thumb/libc.a(lib_a-freer.o)
 .data          0x00200480        0x0 /home/maximus/CodeSourcery/Sourcery_CodeBench_Lite_for_ARM_EABI/bin/../lib/gcc/arm-none-eabi/4.7.2/../../../../arm-none-eabi/lib/thumb/libc.a(lib_a-fwalk.o)
 .data          0x00200480       0x7c /home/maximus/CodeSourcery/Sourcery_CodeBench_Lite_for_ARM_EABI/bin/../lib/gcc/arm-none-eabi/4.7.2/../../../../arm-none-eabi/lib/thumb/libc.a(lib_a-locale.o)
                0x002004a0                __mb_cur_max
 .data          0x002004fc        0x0 /home/maximus/CodeSourcery/Sourcery_CodeBench_Lite_for_ARM_EABI/bin/../lib/gcc/arm-none-eabi/4.7.2/../../../../arm-none-eabi/lib/thumb/libc.a(lib_a-makebuf.o)
 .data          0x002004fc      0x410 /home/maximus/CodeSourcery/Sourcery_CodeBench_Lite_for_ARM_EABI/bin/../lib/gcc/arm-none-eabi/4.7.2/../../../../arm-none-eabi/lib/thumb/libc.a(lib_a-mallocr.o)
                0x002004fc                __malloc_av_
                0x00200904                __malloc_sbrk_base
                0x00200908                __malloc_trim_threshold
 .data          0x0020090c        0x0 /home/maximus/CodeSourcery/Sourcery_CodeBench_Lite_for_ARM_EABI/bin/../lib/gcc/arm-none-eabi/4.7.2/../../../../arm-none-eabi/lib/thumb/libc.a(lib_a-memchr.o)
 .data          0x0020090c        0x0 /home/maximus/CodeSourcery/Sourcery_CodeBench_Lite_for_ARM_EABI/bin/../lib/gcc/arm-none-eabi/4.7.2/../../../../arm-none-eabi/lib/thumb/libc.a(lib_a-mlock.o)
 .data          0x0020090c        0x0 /home/maximus/CodeSourcery/Sourcery_CodeBench_Lite_for_ARM_EABI/bin/../lib/gcc/arm-none-eabi/4.7.2/../../../../arm-none-eabi/lib/thumb/libc.a(lib_a-mprec.o)
 .data          0x0020090c        0x0 /home/maximus/CodeSourcery/Sourcery_CodeBench_Lite_for_ARM_EABI/bin/../lib/gcc/arm-none-eabi/4.7.2/../../../../arm-none-eabi/lib/thumb/libc.a(lib_a-s_fpclassify.o)
 .data          0x0020090c        0x0 /home/maximus/CodeSourcery/Sourcery_CodeBench_Lite_for_ARM_EABI/bin/../lib/gcc/arm-none-eabi/4.7.2/../../../../arm-none-eabi/lib/thumb/libc.a(lib_a-stdio.o)
 .data          0x0020090c        0x0 /home/maximus/CodeSourcery/Sourcery_CodeBench_Lite_for_ARM_EABI/bin/../lib/gcc/arm-none-eabi/4.7.2/../../../../arm-none-eabi/lib/thumb/libc.a(lib_a-strcmp.o)
 .data          0x0020090c        0x0 /home/maximus/CodeSourcery/Sourcery_CodeBench_Lite_for_ARM_EABI/bin/../lib/gcc/arm-none-eabi/4.7.2/../../../../arm-none-eabi/lib/thumb/libc.a(lib_a-strlen.o)
 .data          0x0020090c        0x0 /home/maximus/CodeSourcery/Sourcery_CodeBench_Lite_for_ARM_EABI/bin/../lib/gcc/arm-none-eabi/4.7.2/../../../../arm-none-eabi/lib/thumb/libc.a(lib_a-svfiprintf.o)
 .data          0x0020090c        0x0 /home/maximus/CodeSourcery/Sourcery_CodeBench_Lite_for_ARM_EABI/bin/../lib/gcc/arm-none-eabi/4.7.2/../../../../arm-none-eabi/lib/thumb/libc.a(lib_a-vfiprintf.o)
 .data          0x0020090c        0x0 /home/maximus/CodeSourcery/Sourcery_CodeBench_Lite_for_ARM_EABI/bin/../lib/gcc/arm-none-eabi/4.7.2/../../../../arm-none-eabi/lib/thumb/libc.a(lib_a-callocr.o)
 .data          0x0020090c        0x0 /home/maximus/CodeSourcery/Sourcery_CodeBench_Lite_for_ARM_EABI/bin/../lib/gcc/arm-none-eabi/4.7.2/../../../../arm-none-eabi/lib/thumb/libc.a(lib_a-fclose.o)
 .data          0x0020090c        0x0 /home/maximus/CodeSourcery/Sourcery_CodeBench_Lite_for_ARM_EABI/bin/../lib/gcc/arm-none-eabi/4.7.2/../../../../arm-none-eabi/lib/thumb/libc.a(lib_a-fputwc.o)
 .data          0x0020090c        0x0 /home/maximus/CodeSourcery/Sourcery_CodeBench_Lite_for_ARM_EABI/bin/../lib/gcc/arm-none-eabi/4.7.2/../../../../arm-none-eabi/lib/thumb/libc.a(lib_a-fvwrite.o)
 .data          0x0020090c        0x0 /home/maximus/CodeSourcery/Sourcery_CodeBench_Lite_for_ARM_EABI/bin/../lib/gcc/arm-none-eabi/4.7.2/../../../../arm-none-eabi/lib/thumb/libc.a(lib_a-memmove.o)
 .data          0x0020090c        0x0 /home/maximus/CodeSourcery/Sourcery_CodeBench_Lite_for_ARM_EABI/bin/../lib/gcc/arm-none-eabi/4.7.2/../../../../arm-none-eabi/lib/thumb/libc.a(lib_a-reallocr.o)
 .data          0x0020090c        0x0 /home/maximus/CodeSourcery/Sourcery_CodeBench_Lite_for_ARM_EABI/bin/../lib/gcc/arm-none-eabi/4.7.2/../../../../arm-none-eabi/lib/thumb/libc.a(lib_a-wbuf.o)
 .data          0x0020090c        0x0 /home/maximus/CodeSourcery/Sourcery_CodeBench_Lite_for_ARM_EABI/bin/../lib/gcc/arm-none-eabi/4.7.2/../../../../arm-none-eabi/lib/thumb/libc.a(lib_a-wcrtomb.o)
 .data          0x0020090c        0x4 /home/maximus/CodeSourcery/Sourcery_CodeBench_Lite_for_ARM_EABI/bin/../lib/gcc/arm-none-eabi/4.7.2/../../../../arm-none-eabi/lib/thumb/libc.a(lib_a-wctomb_r.o)
                0x0020090c                __wctomb
 .data          0x00200910        0x0 /home/maximus/CodeSourcery/Sourcery_CodeBench_Lite_for_ARM_EABI/bin/../lib/gcc/arm-none-eabi/4.7.2/thumb/libgcc.a(_arm_cmpdf2.o)
 .data          0x00200910        0x0 /home/maximus/CodeSourcery/Sourcery_CodeBench_Lite_for_ARM_EABI/bin/../lib/gcc/arm-none-eabi/4.7.2/thumb/libgcc.a(_arm_fixdfsi.o)
 .data          0x00200910        0x0 /home/maximus/CodeSourcery/Sourcery_CodeBench_Lite_for_ARM_EABI/bin/../lib/gcc/arm-none-eabi/4.7.2/thumb/libgcc.a(_aeabi_uldivmod.o)
 .data          0x00200910        0x0 /home/maximus/CodeSourcery/Sourcery_CodeBench_Lite_for_ARM_EABI/bin/../lib/gcc/arm-none-eabi/4.7.2/thumb/libgcc.a(bpabi.o)
 .data          0x00200910        0x0 /home/maximus/CodeSourcery/Sourcery_CodeBench_Lite_for_ARM_EABI/bin/../lib/gcc/arm-none-eabi/4.7.2/thumb/libgcc.a(_muldi3.o)
 .data          0x00200910        0x0 /home/maximus/CodeSourcery/Sourcery_CodeBench_Lite_for_ARM_EABI/bin/../lib/gcc/arm-none-eabi/4.7.2/thumb/libgcc.a(_divdi3.o)
 .data          0x00200910        0x0 /home/maximus/CodeSourcery/Sourcery_CodeBench_Lite_for_ARM_EABI/bin/../lib/gcc/arm-none-eabi/4.7.2/thumb/libgcc.a(_udivdi3.o)
 .data          0x00200910        0x0 /home/maximus/CodeSourcery/Sourcery_CodeBench_Lite_for_ARM_EABI/bin/../lib/gcc/arm-none-eabi/4.7.2/thumb/libgcc.a(_clzsi2.o)
                0x00200910                __data_end__ = .

.igot.plt       0x00200910        0x0 load address 0x00112928
 .igot.plt      0x00000000        0x0 obj/portISR.o

.bss            0x00200910     0x6f34 load address 0x00112928
                0x00200910                __bss_beg__ = .
 *(.bss)
 .bss           0x00200910        0x4 obj/portISR.o
                0x00200910                zzz
 .bss           0x00200914        0x0 obj/my_isr.o
 .bss           0x00200914        0x0 obj/Cstartup_SAM7.o
 .bss           0x00200914       0x14 obj/main.o
                0x00200914                Cur_SPI_RDR_value
                0x00200918                TY_state
                0x0020091c                Prev_SPI_RDR_value
                0x00200924                c
 .bss           0x00200928        0x0 obj/ParTest.o
 .bss           0x00200928       0x20 obj/BlockQ.o
 .bss           0x00200948       0x20 obj/blocktim.o
 .bss           0x00200968        0x4 obj/flash.o
 .bss           0x0020096c        0x4 obj/integer.o
 .bss           0x00200970       0x20 obj/GenQTest.o
 .bss           0x00200990        0xc obj/QPeek.o
 .bss           0x0020099c       0x24 obj/dynamic.o
 .bss           0x002009c0        0x0 obj/list.o
 .bss           0x002009c0        0x0 obj/queue.o
 .bss           0x002009c0      0x114 obj/tasks.o
                0x002009c4                pxCurrentTCB
 .bss           0x00200ad4        0x0 obj/port.o
 *fill*         0x00200ad4        0x4 
 .bss           0x00200ad8     0x6018 obj/heap_2.o
 .bss           0x00206af0        0x4 obj/syscalls.o
 .bss           0x00206af4        0x0 obj/twi.o
 .bss           0x00206af4        0x0 obj/pio.o
 .bss           0x00206af4        0x0 obj/pio_config.o
 .bss           0x00206af4        0x0 obj/aic.o
 .bss           0x00206af4        0x0 obj/tc.o
 .bss           0x00206af4        0x0 obj/pit.o
 .bss           0x00206af4        0x0 obj/can.o
 .bss           0x00206af4        0x0 obj/pwmc.o
 .bss           0x00206af4        0x0 obj/math.o
 .bss           0x00206af4        0x0 obj/spi.o
 .bss           0x00206af4        0x0 obj/mezonin.o
 .bss           0x00206af4        0x0 obj/MSO_functions.o
 .bss           0x00206af4        0x0 /tmp/ccMZuX2i.o
 .bss           0x00206af4        0x0 /home/maximus/CodeSourcery/Sourcery_CodeBench_Lite_for_ARM_EABI/bin/../lib/gcc/arm-none-eabi/4.7.2/thumb/libgcc.a(_udivsi3.o)
 .bss           0x00206af4        0x0 /home/maximus/CodeSourcery/Sourcery_CodeBench_Lite_for_ARM_EABI/bin/../lib/gcc/arm-none-eabi/4.7.2/thumb/libgcc.a(_divsi3.o)
 .bss           0x00206af4        0x0 /home/maximus/CodeSourcery/Sourcery_CodeBench_Lite_for_ARM_EABI/bin/../lib/gcc/arm-none-eabi/4.7.2/thumb/libgcc.a(_dvmd_tls.o)
 .bss           0x00206af4        0x0 /home/maximus/CodeSourcery/Sourcery_CodeBench_Lite_for_ARM_EABI/bin/../lib/gcc/arm-none-eabi/4.7.2/thumb/libgcc.a(_arm_addsubdf3.o)
 .bss           0x00206af4        0x0 /home/maximus/CodeSourcery/Sourcery_CodeBench_Lite_for_ARM_EABI/bin/../lib/gcc/arm-none-eabi/4.7.2/thumb/libgcc.a(_arm_muldivdf3.o)
 .bss           0x00206af4        0x0 /home/maximus/CodeSourcery/Sourcery_CodeBench_Lite_for_ARM_EABI/bin/../lib/gcc/arm-none-eabi/4.7.2/thumb/libgcc.a(_arm_fixunsdfsi.o)
 .bss           0x00206af4        0x0 /home/maximus/CodeSourcery/Sourcery_CodeBench_Lite_for_ARM_EABI/bin/../lib/gcc/arm-none-eabi/4.7.2/thumb/libgcc.a(_arm_addsubsf3.o)
 .bss           0x00206af4        0x0 /home/maximus/CodeSourcery/Sourcery_CodeBench_Lite_for_ARM_EABI/bin/../lib/gcc/arm-none-eabi/4.7.2/thumb/libgcc.a(_arm_muldivsf3.o)
 .bss           0x00206af4        0x0 /home/maximus/CodeSourcery/Sourcery_CodeBench_Lite_for_ARM_EABI/bin/../lib/gcc/arm-none-eabi/4.7.2/thumb/libgcc.a(_arm_cmpsf2.o)
 .bss           0x00206af4        0x0 /home/maximus/CodeSourcery/Sourcery_CodeBench_Lite_for_ARM_EABI/bin/../lib/gcc/arm-none-eabi/4.7.2/thumb/libgcc.a(_arm_fixunssfsi.o)
 .bss           0x00206af4        0x0 /home/maximus/CodeSourcery/Sourcery_CodeBench_Lite_for_ARM_EABI/bin/../lib/gcc/arm-none-eabi/4.7.2/../../../../arm-none-eabi/lib/thumb/libc.a(lib_a-errno.o)
 .bss           0x00206af4        0x0 /home/maximus/CodeSourcery/Sourcery_CodeBench_Lite_for_ARM_EABI/bin/../lib/gcc/arm-none-eabi/4.7.2/../../../../arm-none-eabi/lib/thumb/libc.a(lib_a-impure.o)
 .bss           0x00206af4        0x0 /home/maximus/CodeSourcery/Sourcery_CodeBench_Lite_for_ARM_EABI/bin/../lib/gcc/arm-none-eabi/4.7.2/../../../../arm-none-eabi/lib/thumb/libc.a(lib_a-memcpy.o)
 .bss           0x00206af4        0x0 /home/maximus/CodeSourcery/Sourcery_CodeBench_Lite_for_ARM_EABI/bin/../lib/gcc/arm-none-eabi/4.7.2/../../../../arm-none-eabi/lib/thumb/libc.a(lib_a-memset.o)
 .bss           0x00206af4        0x0 /home/maximus/CodeSourcery/Sourcery_CodeBench_Lite_for_ARM_EABI/bin/../lib/gcc/arm-none-eabi/4.7.2/../../../../arm-none-eabi/lib/thumb/libc.a(lib_a-printf.o)
 .bss           0x00206af4        0x0 /home/maximus/CodeSourcery/Sourcery_CodeBench_Lite_for_ARM_EABI/bin/../lib/gcc/arm-none-eabi/4.7.2/../../../../arm-none-eabi/lib/thumb/libc.a(lib_a-sprintf.o)
 .bss           0x00206af4        0x0 /home/maximus/CodeSourcery/Sourcery_CodeBench_Lite_for_ARM_EABI/bin/../lib/gcc/arm-none-eabi/4.7.2/../../../../arm-none-eabi/lib/thumb/libc.a(lib_a-strcat.o)
 .bss           0x00206af4        0x0 /home/maximus/CodeSourcery/Sourcery_CodeBench_Lite_for_ARM_EABI/bin/../lib/gcc/arm-none-eabi/4.7.2/../../../../arm-none-eabi/lib/thumb/libc.a(lib_a-strcpy.o)
 .bss           0x00206af4        0x0 /home/maximus/CodeSourcery/Sourcery_CodeBench_Lite_for_ARM_EABI/bin/../lib/gcc/arm-none-eabi/4.7.2/../../../../arm-none-eabi/lib/thumb/libc.a(lib_a-strncpy.o)
 .bss           0x00206af4        0x0 /home/maximus/CodeSourcery/Sourcery_CodeBench_Lite_for_ARM_EABI/bin/../lib/gcc/arm-none-eabi/4.7.2/../../../../arm-none-eabi/lib/thumb/libc.a(lib_a-svfprintf.o)
 .bss           0x00206af4        0x0 /home/maximus/CodeSourcery/Sourcery_CodeBench_Lite_for_ARM_EABI/bin/../lib/gcc/arm-none-eabi/4.7.2/../../../../arm-none-eabi/lib/thumb/libc.a(lib_a-vfprintf.o)
 .bss           0x00206af4        0x0 /home/maximus/CodeSourcery/Sourcery_CodeBench_Lite_for_ARM_EABI/bin/../lib/gcc/arm-none-eabi/4.7.2/../../../../arm-none-eabi/lib/thumb/libc.a(lib_a-wsetup.o)
 .bss           0x00206af4        0x0 /home/maximus/CodeSourcery/Sourcery_CodeBench_Lite_for_ARM_EABI/bin/../lib/gcc/arm-none-eabi/4.7.2/../../../../arm-none-eabi/lib/thumb/libc.a(lib_a-dtoa.o)
 .bss           0x00206af4        0x0 /home/maximus/CodeSourcery/Sourcery_CodeBench_Lite_for_ARM_EABI/bin/../lib/gcc/arm-none-eabi/4.7.2/../../../../arm-none-eabi/lib/thumb/libc.a(lib_a-fflush.o)
 .bss           0x00206af4        0x0 /home/maximus/CodeSourcery/Sourcery_CodeBench_Lite_for_ARM_EABI/bin/../lib/gcc/arm-none-eabi/4.7.2/../../../../arm-none-eabi/lib/thumb/libc.a(lib_a-findfp.o)
 .bss           0x00206af4        0x0 /home/maximus/CodeSourcery/Sourcery_CodeBench_Lite_for_ARM_EABI/bin/../lib/gcc/arm-none-eabi/4.7.2/../../../../arm-none-eabi/lib/thumb/libc.a(lib_a-freer.o)
 .bss           0x00206af4        0x0 /home/maximus/CodeSourcery/Sourcery_CodeBench_Lite_for_ARM_EABI/bin/../lib/gcc/arm-none-eabi/4.7.2/../../../../arm-none-eabi/lib/thumb/libc.a(lib_a-fwalk.o)
 .bss           0x00206af4        0xc /home/maximus/CodeSourcery/Sourcery_CodeBench_Lite_for_ARM_EABI/bin/../lib/gcc/arm-none-eabi/4.7.2/../../../../arm-none-eabi/lib/thumb/libc.a(lib_a-locale.o)
                0x00206af4                _PathLocale
                0x00206af8                __mlocale_changed
                0x00206afc                __nlocale_changed
 .bss           0x00206b00        0x0 /home/maximus/CodeSourcery/Sourcery_CodeBench_Lite_for_ARM_EABI/bin/../lib/gcc/arm-none-eabi/4.7.2/../../../../arm-none-eabi/lib/thumb/libc.a(lib_a-makebuf.o)
 .bss           0x00206b00       0x34 /home/maximus/CodeSourcery/Sourcery_CodeBench_Lite_for_ARM_EABI/bin/../lib/gcc/arm-none-eabi/4.7.2/../../../../arm-none-eabi/lib/thumb/libc.a(lib_a-mallocr.o)
                0x00206b00                __malloc_top_pad
                0x00206b04                __malloc_current_mallinfo
                0x00206b2c                __malloc_max_sbrked_mem
                0x00206b30                __malloc_max_total_mem
 .bss           0x00206b34        0x0 /home/maximus/CodeSourcery/Sourcery_CodeBench_Lite_for_ARM_EABI/bin/../lib/gcc/arm-none-eabi/4.7.2/../../../../arm-none-eabi/lib/thumb/libc.a(lib_a-memchr.o)
 .bss           0x00206b34        0x0 /home/maximus/CodeSourcery/Sourcery_CodeBench_Lite_for_ARM_EABI/bin/../lib/gcc/arm-none-eabi/4.7.2/../../../../arm-none-eabi/lib/thumb/libc.a(lib_a-mlock.o)
 .bss           0x00206b34        0x0 /home/maximus/CodeSourcery/Sourcery_CodeBench_Lite_for_ARM_EABI/bin/../lib/gcc/arm-none-eabi/4.7.2/../../../../arm-none-eabi/lib/thumb/libc.a(lib_a-mprec.o)
 .bss           0x00206b34        0x0 /home/maximus/CodeSourcery/Sourcery_CodeBench_Lite_for_ARM_EABI/bin/../lib/gcc/arm-none-eabi/4.7.2/../../../../arm-none-eabi/lib/thumb/libc.a(lib_a-s_fpclassify.o)
 .bss           0x00206b34        0x0 /home/maximus/CodeSourcery/Sourcery_CodeBench_Lite_for_ARM_EABI/bin/../lib/gcc/arm-none-eabi/4.7.2/../../../../arm-none-eabi/lib/thumb/libc.a(lib_a-stdio.o)
 .bss           0x00206b34        0x0 /home/maximus/CodeSourcery/Sourcery_CodeBench_Lite_for_ARM_EABI/bin/../lib/gcc/arm-none-eabi/4.7.2/../../../../arm-none-eabi/lib/thumb/libc.a(lib_a-strcmp.o)
 .bss           0x00206b34        0x0 /home/maximus/CodeSourcery/Sourcery_CodeBench_Lite_for_ARM_EABI/bin/../lib/gcc/arm-none-eabi/4.7.2/../../../../arm-none-eabi/lib/thumb/libc.a(lib_a-strlen.o)
 .bss           0x00206b34        0x0 /home/maximus/CodeSourcery/Sourcery_CodeBench_Lite_for_ARM_EABI/bin/../lib/gcc/arm-none-eabi/4.7.2/../../../../arm-none-eabi/lib/thumb/libc.a(lib_a-svfiprintf.o)
 .bss           0x00206b34        0x0 /home/maximus/CodeSourcery/Sourcery_CodeBench_Lite_for_ARM_EABI/bin/../lib/gcc/arm-none-eabi/4.7.2/../../../../arm-none-eabi/lib/thumb/libc.a(lib_a-vfiprintf.o)
 .bss           0x00206b34        0x0 /home/maximus/CodeSourcery/Sourcery_CodeBench_Lite_for_ARM_EABI/bin/../lib/gcc/arm-none-eabi/4.7.2/../../../../arm-none-eabi/lib/thumb/libc.a(lib_a-callocr.o)
 .bss           0x00206b34        0x0 /home/maximus/CodeSourcery/Sourcery_CodeBench_Lite_for_ARM_EABI/bin/../lib/gcc/arm-none-eabi/4.7.2/../../../../arm-none-eabi/lib/thumb/libc.a(lib_a-fclose.o)
 .bss           0x00206b34        0x0 /home/maximus/CodeSourcery/Sourcery_CodeBench_Lite_for_ARM_EABI/bin/../lib/gcc/arm-none-eabi/4.7.2/../../../../arm-none-eabi/lib/thumb/libc.a(lib_a-fputwc.o)
 .bss           0x00206b34        0x0 /home/maximus/CodeSourcery/Sourcery_CodeBench_Lite_for_ARM_EABI/bin/../lib/gcc/arm-none-eabi/4.7.2/../../../../arm-none-eabi/lib/thumb/libc.a(lib_a-fvwrite.o)
 .bss           0x00206b34        0x0 /home/maximus/CodeSourcery/Sourcery_CodeBench_Lite_for_ARM_EABI/bin/../lib/gcc/arm-none-eabi/4.7.2/../../../../arm-none-eabi/lib/thumb/libc.a(lib_a-memmove.o)
 .bss           0x00206b34        0x0 /home/maximus/CodeSourcery/Sourcery_CodeBench_Lite_for_ARM_EABI/bin/../lib/gcc/arm-none-eabi/4.7.2/../../../../arm-none-eabi/lib/thumb/libc.a(lib_a-reallocr.o)
 .bss           0x00206b34        0x0 /home/maximus/CodeSourcery/Sourcery_CodeBench_Lite_for_ARM_EABI/bin/../lib/gcc/arm-none-eabi/4.7.2/../../../../arm-none-eabi/lib/thumb/libc.a(lib_a-wbuf.o)
 .bss           0x00206b34        0x0 /home/maximus/CodeSourcery/Sourcery_CodeBench_Lite_for_ARM_EABI/bin/../lib/gcc/arm-none-eabi/4.7.2/../../../../arm-none-eabi/lib/thumb/libc.a(lib_a-wcrtomb.o)
 .bss           0x00206b34        0x0 /home/maximus/CodeSourcery/Sourcery_CodeBench_Lite_for_ARM_EABI/bin/../lib/gcc/arm-none-eabi/4.7.2/../../../../arm-none-eabi/lib/thumb/libc.a(lib_a-wctomb_r.o)
 .bss           0x00206b34        0x0 /home/maximus/CodeSourcery/Sourcery_CodeBench_Lite_for_ARM_EABI/bin/../lib/gcc/arm-none-eabi/4.7.2/thumb/libgcc.a(_arm_cmpdf2.o)
 .bss           0x00206b34        0x0 /home/maximus/CodeSourcery/Sourcery_CodeBench_Lite_for_ARM_EABI/bin/../lib/gcc/arm-none-eabi/4.7.2/thumb/libgcc.a(_arm_fixdfsi.o)
 .bss           0x00206b34        0x0 /home/maximus/CodeSourcery/Sourcery_CodeBench_Lite_for_ARM_EABI/bin/../lib/gcc/arm-none-eabi/4.7.2/thumb/libgcc.a(_aeabi_uldivmod.o)
 .bss           0x00206b34        0x0 /home/maximus/CodeSourcery/Sourcery_CodeBench_Lite_for_ARM_EABI/bin/../lib/gcc/arm-none-eabi/4.7.2/thumb/libgcc.a(bpabi.o)
 .bss           0x00206b34        0x0 /home/maximus/CodeSourcery/Sourcery_CodeBench_Lite_for_ARM_EABI/bin/../lib/gcc/arm-none-eabi/4.7.2/thumb/libgcc.a(_muldi3.o)
 .bss           0x00206b34        0x0 /home/maximus/CodeSourcery/Sourcery_CodeBench_Lite_for_ARM_EABI/bin/../lib/gcc/arm-none-eabi/4.7.2/thumb/libgcc.a(_divdi3.o)
 .bss           0x00206b34        0x0 /home/maximus/CodeSourcery/Sourcery_CodeBench_Lite_for_ARM_EABI/bin/../lib/gcc/arm-none-eabi/4.7.2/thumb/libgcc.a(_udivdi3.o)
 .bss           0x00206b34        0x0 /home/maximus/CodeSourcery/Sourcery_CodeBench_Lite_for_ARM_EABI/bin/../lib/gcc/arm-none-eabi/4.7.2/thumb/libgcc.a(_clzsi2.o)
 COMMON         0x00206b34      0xbf8 obj/main.o
                0x00206b34                MSO_Address
                0x00206b38                canTransfer_new1
                0x00206b5c                xCanQueue
                0x00206b60                canTransfer0
                0x00206b84                xTWISemaphore
                0x00206b88                Mezonin_TU
                0x00206ca8                xMezHandle
                0x00206cac                Mezonin_TT
                0x0020728c                xMezTUQueue
                0x00207290                xMezQueue
                0x00207294                canTransfer1
                0x002072b8                mezonin_my
                0x00207498                tt
                0x00207628                canTransfer_new0
                0x0020764c                Mezonin_TC
 COMMON         0x0020772c        0xc obj/QPeek.o
                0x0020772c                xHighPriorityTask
                0x00207730                xMediumPriorityTask
                0x00207734                xHighestPriorityTask
 COMMON         0x00207738        0x4 obj/dynamic.o
                0x00207738                xSuspendedTestQueue
 COMMON         0x0020773c       0x10 obj/can.o
                0x0020773c                Actual_Message
 COMMON         0x0020774c       0x64 obj/mezonin.o
                0x0020774c                Min20
                0x00207750                Max20
                0x00207754                overflow
                0x00207764                flag_calib
                0x00207768                Max100
                0x0020776c                VVV
                0x002077ac                Min100
 COMMON         0x002077b0       0x94 obj/MSO_functions.o
                0x002077b0                timer_10
                0x002077b8                timer_3
                0x002077c0                timer_8
                0x002077c8                timer_2
                0x002077d0                timer_14
                0x002077d8                timer_12
                0x002077e0                timer_4
                0x002077e8                timer_5
                0x002077f0                timer_1
                0x002077f8                timer_15
                0x00207800                timer_9
                0x00207808                timer_11
                0x00207810                timer_0
                0x00207818                timer_6
                0x00207820                timer_13
                0x00207828                TWI_packet
                0x0020783c                timer_7
                0x00207844                . = ALIGN (0x4)

.eh_frame
 *(.eh_frame)
                0x00207844                . = ALIGN (0x4)
                0x00207844                . = ALIGN (0x4)
                0x00207844                _end = .
                0x00207844                _bss_end__ = .
                0x00207844                __bss_end__ = .
                0x00207844                __end__ = .
                0x00207844                PROVIDE (end, .)
OUTPUT(bin/RTOS_Kernel.elf elf32-littlearm)

.debug_info     0x00000000    0x13567
 .debug_info    0x00000000      0x462 obj/portISR.o
 .debug_info    0x00000462      0x63f obj/my_isr.o
 .debug_info    0x00000aa1      0x342 obj/Cstartup_SAM7.o
 .debug_info    0x00000de3     0x2eb7 obj/main.o
 .debug_info    0x00003c9a      0x3ae obj/ParTest.o
 .debug_info    0x00004048      0x708 obj/BlockQ.o
 .debug_info    0x00004750      0x75f obj/blocktim.o
 .debug_info    0x00004eaf      0x38d obj/flash.o
 .debug_info    0x0000523c      0x2b7 obj/integer.o
 .debug_info    0x000054f3      0xa1a obj/GenQTest.o
 .debug_info    0x00005f0d      0x822 obj/QPeek.o
 .debug_info    0x0000672f      0x8a2 obj/dynamic.o
 .debug_info    0x00006fd1      0x2aa obj/list.o
 .debug_info    0x0000727b     0x11e2 obj/queue.o
 .debug_info    0x0000845d     0x1e71 obj/tasks.o
 .debug_info    0x0000a2ce      0x3c1 obj/port.o
 .debug_info    0x0000a68f      0x306 obj/heap_2.o
 .debug_info    0x0000a995      0xd6f obj/syscalls.o
 .debug_info    0x0000b704      0x8dd obj/twi.o
 .debug_info    0x0000bfe1      0x77e obj/pio.o
 .debug_info    0x0000c75f      0x3f5 obj/pio_config.o
 .debug_info    0x0000cb54      0x284 obj/aic.o
 .debug_info    0x0000cdd8      0x23a obj/tc.o
 .debug_info    0x0000d012      0x1a3 obj/pit.o
 .debug_info    0x0000d1b5     0x111c obj/can.o
 .debug_info    0x0000e2d1      0x66d obj/pwmc.o
 .debug_info    0x0000e93e       0xde obj/math.o
 .debug_info    0x0000ea1c      0x8ee obj/spi.o
 .debug_info    0x0000f30a     0x28b0 obj/mezonin.o
 .debug_info    0x00011bba     0x195c obj/MSO_functions.o
 .debug_info    0x00013516       0x51 /tmp/ccMZuX2i.o

.debug_abbrev   0x00000000     0x3671
 .debug_abbrev  0x00000000      0x14e obj/portISR.o
 .debug_abbrev  0x0000014e       0xfc obj/my_isr.o
 .debug_abbrev  0x0000024a       0xa0 obj/Cstartup_SAM7.o
 .debug_abbrev  0x000002ea      0x355 obj/main.o
 .debug_abbrev  0x0000063f      0x106 obj/ParTest.o
 .debug_abbrev  0x00000745      0x18a obj/BlockQ.o
 .debug_abbrev  0x000008cf      0x1b2 obj/blocktim.o
 .debug_abbrev  0x00000a81      0x170 obj/flash.o
 .debug_abbrev  0x00000bf1      0x158 obj/integer.o
 .debug_abbrev  0x00000d49      0x1b2 obj/GenQTest.o
 .debug_abbrev  0x00000efb      0x1b0 obj/QPeek.o
 .debug_abbrev  0x000010ab      0x1d4 obj/dynamic.o
 .debug_abbrev  0x0000127f       0xe5 obj/list.o
 .debug_abbrev  0x00001364      0x26f obj/queue.o
 .debug_abbrev  0x000015d3      0x3d6 obj/tasks.o
 .debug_abbrev  0x000019a9      0x167 obj/port.o
 .debug_abbrev  0x00001b10      0x1b5 obj/heap_2.o
 .debug_abbrev  0x00001cc5      0x243 obj/syscalls.o
 .debug_abbrev  0x00001f08      0x223 obj/twi.o
 .debug_abbrev  0x0000212b      0x1f1 obj/pio.o
 .debug_abbrev  0x0000231c       0xc9 obj/pio_config.o
 .debug_abbrev  0x000023e5       0xea obj/aic.o
 .debug_abbrev  0x000024cf      0x110 obj/tc.o
 .debug_abbrev  0x000025df       0xfa obj/pit.o
 .debug_abbrev  0x000026d9      0x3ad obj/can.o
 .debug_abbrev  0x00002a86      0x1fa obj/pwmc.o
 .debug_abbrev  0x00002c80       0xa9 obj/math.o
 .debug_abbrev  0x00002d29      0x173 obj/spi.o
 .debug_abbrev  0x00002e9c      0x453 obj/mezonin.o
 .debug_abbrev  0x000032ef      0x370 obj/MSO_functions.o
 .debug_abbrev  0x0000365f       0x12 /tmp/ccMZuX2i.o

.debug_aranges  0x00000000      0x3f0
 .debug_aranges
                0x00000000       0x20 obj/portISR.o
 .debug_aranges
                0x00000020       0x20 obj/my_isr.o
 .debug_aranges
                0x00000040       0x20 obj/Cstartup_SAM7.o
 .debug_aranges
                0x00000060       0x28 obj/main.o
 .debug_aranges
                0x00000088       0x20 obj/ParTest.o
 .debug_aranges
                0x000000a8       0x20 obj/BlockQ.o
 .debug_aranges
                0x000000c8       0x20 obj/blocktim.o
 .debug_aranges
                0x000000e8       0x20 obj/flash.o
 .debug_aranges
                0x00000108       0x20 obj/integer.o
 .debug_aranges
                0x00000128       0x20 obj/GenQTest.o
 .debug_aranges
                0x00000148       0x20 obj/QPeek.o
 .debug_aranges
                0x00000168       0x20 obj/dynamic.o
 .debug_aranges
                0x00000188       0x20 obj/list.o
 .debug_aranges
                0x000001a8       0x20 obj/queue.o
 .debug_aranges
                0x000001c8       0x20 obj/tasks.o
 .debug_aranges
                0x000001e8       0x20 obj/port.o
 .debug_aranges
                0x00000208       0x20 obj/heap_2.o
 .debug_aranges
                0x00000228       0x20 obj/syscalls.o
 .debug_aranges
                0x00000248       0x20 obj/twi.o
 .debug_aranges
                0x00000268       0x20 obj/pio.o
 .debug_aranges
                0x00000288       0x20 obj/pio_config.o
 .debug_aranges
                0x000002a8       0x20 obj/aic.o
 .debug_aranges
                0x000002c8       0x20 obj/tc.o
 .debug_aranges
                0x000002e8       0x20 obj/pit.o
 .debug_aranges
                0x00000308       0x20 obj/can.o
 .debug_aranges
                0x00000328       0x20 obj/pwmc.o
 .debug_aranges
                0x00000348       0x20 obj/math.o
 .debug_aranges
                0x00000368       0x20 obj/spi.o
 .debug_aranges
                0x00000388       0x20 obj/mezonin.o
 .debug_aranges
                0x000003a8       0x20 obj/MSO_functions.o
 .debug_aranges
                0x000003c8       0x28 /tmp/ccMZuX2i.o

.debug_ranges   0x00000000      0xfc8
 .debug_ranges  0x00000000       0x18 obj/portISR.o
 .debug_ranges  0x00000018       0x60 obj/my_isr.o
 .debug_ranges  0x00000078       0x18 obj/main.o
 .debug_ranges  0x00000090       0x78 obj/queue.o
 .debug_ranges  0x00000108      0x568 obj/tasks.o
 .debug_ranges  0x00000670       0x30 obj/heap_2.o
 .debug_ranges  0x000006a0       0x78 obj/pio.o
 .debug_ranges  0x00000718      0x520 obj/can.o
 .debug_ranges  0x00000c38       0x60 obj/pwmc.o
 .debug_ranges  0x00000c98       0x98 obj/mezonin.o
 .debug_ranges  0x00000d30      0x278 obj/MSO_functions.o
 .debug_ranges  0x00000fa8       0x20 /tmp/ccMZuX2i.o

.debug_line     0x00000000     0x4374
 .debug_line    0x00000000      0x108 obj/portISR.o
 .debug_line    0x00000108      0x121 obj/my_isr.o
 .debug_line    0x00000229       0xc6 obj/Cstartup_SAM7.o
 .debug_line    0x000002ef      0x647 obj/main.o
 .debug_line    0x00000936       0xb7 obj/ParTest.o
 .debug_line    0x000009ed      0x244 obj/BlockQ.o
 .debug_line    0x00000c31      0x20d obj/blocktim.o
 .debug_line    0x00000e3e      0x19c obj/flash.o
 .debug_line    0x00000fda      0x15d obj/integer.o
 .debug_line    0x00001137      0x230 obj/GenQTest.o
 .debug_line    0x00001367      0x1dc obj/QPeek.o
 .debug_line    0x00001543      0x207 obj/dynamic.o
 .debug_line    0x0000174a      0x14c obj/list.o
 .debug_line    0x00001896      0x4de obj/queue.o
 .debug_line    0x00001d74      0x7a4 obj/tasks.o
 .debug_line    0x00002518      0x175 obj/port.o
 .debug_line    0x0000268d      0x1a8 obj/heap_2.o
 .debug_line    0x00002835      0x1a0 obj/syscalls.o
 .debug_line    0x000029d5      0x160 obj/twi.o
 .debug_line    0x00002b35      0x15e obj/pio.o
 .debug_line    0x00002c93       0xc1 obj/pio_config.o
 .debug_line    0x00002d54       0xac obj/aic.o
 .debug_line    0x00002e00       0xda obj/tc.o
 .debug_line    0x00002eda       0xd6 obj/pit.o
 .debug_line    0x00002fb0      0x530 obj/can.o
 .debug_line    0x000034e0      0x1c5 obj/pwmc.o
 .debug_line    0x000036a5       0x48 obj/math.o
 .debug_line    0x000036ed      0x135 obj/spi.o
 .debug_line    0x00003822      0x6d8 obj/mezonin.o
 .debug_line    0x00003efa      0x3fc obj/MSO_functions.o
 .debug_line    0x000042f6       0x7e /tmp/ccMZuX2i.o

.debug_str      0x00000000     0x3ab5
 .debug_str     0x00000000      0x2cf obj/portISR.o
                                0x308 (size before relaxing)
 .debug_str     0x000002cf       0xf7 obj/my_isr.o
                                0x2a6 (size before relaxing)
 .debug_str     0x000003c6      0x172 obj/Cstartup_SAM7.o
                                0x1d6 (size before relaxing)
 .debug_str     0x00000538      0xb89 obj/main.o
                                0xf7e (size before relaxing)
 .debug_str     0x000010c1       0x49 obj/ParTest.o
                                0x288 (size before relaxing)
 .debug_str     0x0000110a      0x269 obj/BlockQ.o
                                0x403 (size before relaxing)
 .debug_str     0x00001373      0x19e obj/blocktim.o
                                0x356 (size before relaxing)
 .debug_str     0x00001511       0x99 obj/flash.o
                                0x253 (size before relaxing)
 .debug_str     0x000015aa       0xbd obj/integer.o
                                0x23f (size before relaxing)
 .debug_str     0x00001667      0x1c7 obj/GenQTest.o
                                0x3ac (size before relaxing)
 .debug_str     0x0000182e      0x11d obj/QPeek.o
                                0x326 (size before relaxing)
 .debug_str     0x0000194b      0x222 obj/dynamic.o
                                0x43f (size before relaxing)
 .debug_str     0x00001b6d      0x152 obj/list.o
                                0x228 (size before relaxing)
 .debug_str     0x00001cbf      0x3cb obj/queue.o
                                0x652 (size before relaxing)
 .debug_str     0x0000208a      0x5ca obj/tasks.o
                                0xa84 (size before relaxing)
 .debug_str     0x00002654       0x88 obj/port.o
                                0x2ee (size before relaxing)
 .debug_str     0x000026dc      0x167 obj/heap_2.o
                                0x272 (size before relaxing)
 .debug_str     0x00002843      0x4de obj/syscalls.o
                                0x5ea (size before relaxing)
 .debug_str     0x00002d21      0x11d obj/twi.o
                                0x3fc (size before relaxing)
 .debug_str     0x00002e3e       0xd6 obj/pio.o
                                0x33a (size before relaxing)
 .debug_str     0x00002f14       0x91 obj/pio_config.o
                                0x282 (size before relaxing)
 .debug_str     0x00002fa5       0x1d obj/aic.o
                                0x169 (size before relaxing)
 .debug_str     0x00002fc2       0x5f obj/tc.o
                                0x120 (size before relaxing)
 .debug_str     0x00003021       0x90 obj/pit.o
                                0x127 (size before relaxing)
 .debug_str     0x000030b1      0x33e obj/can.o
                                0x76d (size before relaxing)
 .debug_str     0x000033ef      0x109 obj/pwmc.o
                                0x2e4 (size before relaxing)
 .debug_str     0x000034f8        0xf obj/math.o
                                 0x60 (size before relaxing)
 .debug_str     0x00003507       0xab obj/spi.o
                                0x3e2 (size before relaxing)
 .debug_str     0x000035b2      0x22b obj/mezonin.o
                                0xd0a (size before relaxing)
 .debug_str     0x000037dd      0x2d8 obj/MSO_functions.o
                                0x77b (size before relaxing)

.comment        0x00000000       0x30
 .comment       0x00000000       0x30 obj/portISR.o
                                 0x31 (size before relaxing)
 .comment       0x00000000       0x31 obj/my_isr.o
 .comment       0x00000000       0x31 obj/Cstartup_SAM7.o
 .comment       0x00000000       0x31 obj/main.o
 .comment       0x00000000       0x31 obj/ParTest.o
 .comment       0x00000000       0x31 obj/BlockQ.o
 .comment       0x00000000       0x31 obj/blocktim.o
 .comment       0x00000000       0x31 obj/flash.o
 .comment       0x00000000       0x31 obj/integer.o
 .comment       0x00000000       0x31 obj/GenQTest.o
 .comment       0x00000000       0x31 obj/QPeek.o
 .comment       0x00000000       0x31 obj/dynamic.o
 .comment       0x00000000       0x31 obj/list.o
 .comment       0x00000000       0x31 obj/queue.o
 .comment       0x00000000       0x31 obj/tasks.o
 .comment       0x00000000       0x31 obj/port.o
 .comment       0x00000000       0x31 obj/heap_2.o
 .comment       0x00000000       0x31 obj/syscalls.o
 .comment       0x00000000       0x31 obj/twi.o
 .comment       0x00000000       0x31 obj/pio.o
 .comment       0x00000000       0x31 obj/pio_config.o
 .comment       0x00000000       0x31 obj/aic.o
 .comment       0x00000000       0x31 obj/tc.o
 .comment       0x00000000       0x31 obj/pit.o
 .comment       0x00000000       0x31 obj/can.o
 .comment       0x00000000       0x31 obj/pwmc.o
 .comment       0x00000000       0x31 obj/math.o
 .comment       0x00000000       0x31 obj/spi.o
 .comment       0x00000000       0x31 obj/mezonin.o
 .comment       0x00000000       0x31 obj/MSO_functions.o

.ARM.attributes
                0x00000000       0x2e
 .ARM.attributes
                0x00000000       0x30 obj/portISR.o
 .ARM.attributes
                0x00000030       0x30 obj/my_isr.o
 .ARM.attributes
                0x00000060       0x30 obj/Cstartup_SAM7.o
 .ARM.attributes
                0x00000090       0x30 obj/main.o
 .ARM.attributes
                0x000000c0       0x30 obj/ParTest.o
 .ARM.attributes
                0x000000f0       0x30 obj/BlockQ.o
 .ARM.attributes
                0x00000120       0x30 obj/blocktim.o
 .ARM.attributes
                0x00000150       0x30 obj/flash.o
 .ARM.attributes
                0x00000180       0x30 obj/integer.o
 .ARM.attributes
                0x000001b0       0x30 obj/GenQTest.o
 .ARM.attributes
                0x000001e0       0x30 obj/QPeek.o
 .ARM.attributes
                0x00000210       0x30 obj/dynamic.o
 .ARM.attributes
                0x00000240       0x30 obj/list.o
 .ARM.attributes
                0x00000270       0x30 obj/queue.o
 .ARM.attributes
                0x000002a0       0x30 obj/tasks.o
 .ARM.attributes
                0x000002d0       0x30 obj/port.o
 .ARM.attributes
                0x00000300       0x30 obj/heap_2.o
 .ARM.attributes
                0x00000330       0x30 obj/syscalls.o
 .ARM.attributes
                0x00000360       0x30 obj/twi.o
 .ARM.attributes
                0x00000390       0x30 obj/pio.o
 .ARM.attributes
                0x000003c0       0x30 obj/pio_config.o
 .ARM.attributes
                0x000003f0       0x30 obj/aic.o
 .ARM.attributes
                0x00000420       0x30 obj/tc.o
 .ARM.attributes
                0x00000450       0x30 obj/pit.o
 .ARM.attributes
                0x00000480       0x30 obj/can.o
 .ARM.attributes
                0x000004b0       0x30 obj/pwmc.o
 .ARM.attributes
                0x000004e0       0x30 obj/math.o
 .ARM.attributes
                0x00000510       0x30 obj/spi.o
 .ARM.attributes
                0x00000540       0x30 obj/mezonin.o
 .ARM.attributes
                0x00000570       0x30 obj/MSO_functions.o
 .ARM.attributes
                0x000005a0       0x20 /tmp/ccMZuX2i.o
 .ARM.attributes
                0x000005c0       0x18 /home/maximus/CodeSourcery/Sourcery_CodeBench_Lite_for_ARM_EABI/bin/../lib/gcc/arm-none-eabi/4.7.2/thumb/libgcc.a(_udivsi3.o)
 .ARM.attributes
                0x000005d8       0x18 /home/maximus/CodeSourcery/Sourcery_CodeBench_Lite_for_ARM_EABI/bin/../lib/gcc/arm-none-eabi/4.7.2/thumb/libgcc.a(_divsi3.o)
 .ARM.attributes
                0x000005f0       0x16 /home/maximus/CodeSourcery/Sourcery_CodeBench_Lite_for_ARM_EABI/bin/../lib/gcc/arm-none-eabi/4.7.2/thumb/libgcc.a(_dvmd_tls.o)
 .ARM.attributes
                0x00000606       0x18 /home/maximus/CodeSourcery/Sourcery_CodeBench_Lite_for_ARM_EABI/bin/../lib/gcc/arm-none-eabi/4.7.2/thumb/libgcc.a(_arm_addsubdf3.o)
 .ARM.attributes
                0x0000061e       0x18 /home/maximus/CodeSourcery/Sourcery_CodeBench_Lite_for_ARM_EABI/bin/../lib/gcc/arm-none-eabi/4.7.2/thumb/libgcc.a(_arm_muldivdf3.o)
 .ARM.attributes
                0x00000636       0x18 /home/maximus/CodeSourcery/Sourcery_CodeBench_Lite_for_ARM_EABI/bin/../lib/gcc/arm-none-eabi/4.7.2/thumb/libgcc.a(_arm_fixunsdfsi.o)
 .ARM.attributes
                0x0000064e       0x18 /home/maximus/CodeSourcery/Sourcery_CodeBench_Lite_for_ARM_EABI/bin/../lib/gcc/arm-none-eabi/4.7.2/thumb/libgcc.a(_arm_addsubsf3.o)
 .ARM.attributes
                0x00000666       0x18 /home/maximus/CodeSourcery/Sourcery_CodeBench_Lite_for_ARM_EABI/bin/../lib/gcc/arm-none-eabi/4.7.2/thumb/libgcc.a(_arm_muldivsf3.o)
 .ARM.attributes
                0x0000067e       0x18 /home/maximus/CodeSourcery/Sourcery_CodeBench_Lite_for_ARM_EABI/bin/../lib/gcc/arm-none-eabi/4.7.2/thumb/libgcc.a(_arm_cmpsf2.o)
 .ARM.attributes
                0x00000696       0x18 /home/maximus/CodeSourcery/Sourcery_CodeBench_Lite_for_ARM_EABI/bin/../lib/gcc/arm-none-eabi/4.7.2/thumb/libgcc.a(_arm_fixunssfsi.o)
 .ARM.attributes
                0x000006ae       0x30 /home/maximus/CodeSourcery/Sourcery_CodeBench_Lite_for_ARM_EABI/bin/../lib/gcc/arm-none-eabi/4.7.2/../../../../arm-none-eabi/lib/thumb/libc.a(lib_a-errno.o)
 .ARM.attributes
                0x000006de       0x30 /home/maximus/CodeSourcery/Sourcery_CodeBench_Lite_for_ARM_EABI/bin/../lib/gcc/arm-none-eabi/4.7.2/../../../../arm-none-eabi/lib/thumb/libc.a(lib_a-impure.o)
 .ARM.attributes
                0x0000070e       0x30 /home/maximus/CodeSourcery/Sourcery_CodeBench_Lite_for_ARM_EABI/bin/../lib/gcc/arm-none-eabi/4.7.2/../../../../arm-none-eabi/lib/thumb/libc.a(lib_a-memcpy.o)
 .ARM.attributes
                0x0000073e       0x30 /home/maximus/CodeSourcery/Sourcery_CodeBench_Lite_for_ARM_EABI/bin/../lib/gcc/arm-none-eabi/4.7.2/../../../../arm-none-eabi/lib/thumb/libc.a(lib_a-memset.o)
 .ARM.attributes
                0x0000076e       0x30 /home/maximus/CodeSourcery/Sourcery_CodeBench_Lite_for_ARM_EABI/bin/../lib/gcc/arm-none-eabi/4.7.2/../../../../arm-none-eabi/lib/thumb/libc.a(lib_a-printf.o)
 .ARM.attributes
                0x0000079e       0x30 /home/maximus/CodeSourcery/Sourcery_CodeBench_Lite_for_ARM_EABI/bin/../lib/gcc/arm-none-eabi/4.7.2/../../../../arm-none-eabi/lib/thumb/libc.a(lib_a-sprintf.o)
 .ARM.attributes
                0x000007ce       0x30 /home/maximus/CodeSourcery/Sourcery_CodeBench_Lite_for_ARM_EABI/bin/../lib/gcc/arm-none-eabi/4.7.2/../../../../arm-none-eabi/lib/thumb/libc.a(lib_a-strcat.o)
 .ARM.attributes
                0x000007fe       0x30 /home/maximus/CodeSourcery/Sourcery_CodeBench_Lite_for_ARM_EABI/bin/../lib/gcc/arm-none-eabi/4.7.2/../../../../arm-none-eabi/lib/thumb/libc.a(lib_a-strcpy.o)
 .ARM.attributes
                0x0000082e       0x30 /home/maximus/CodeSourcery/Sourcery_CodeBench_Lite_for_ARM_EABI/bin/../lib/gcc/arm-none-eabi/4.7.2/../../../../arm-none-eabi/lib/thumb/libc.a(lib_a-strncpy.o)
 .ARM.attributes
                0x0000085e       0x30 /home/maximus/CodeSourcery/Sourcery_CodeBench_Lite_for_ARM_EABI/bin/../lib/gcc/arm-none-eabi/4.7.2/../../../../arm-none-eabi/lib/thumb/libc.a(lib_a-svfprintf.o)
 .ARM.attributes
                0x0000088e       0x30 /home/maximus/CodeSourcery/Sourcery_CodeBench_Lite_for_ARM_EABI/bin/../lib/gcc/arm-none-eabi/4.7.2/../../../../arm-none-eabi/lib/thumb/libc.a(lib_a-vfprintf.o)
 .ARM.attributes
                0x000008be       0x30 /home/maximus/CodeSourcery/Sourcery_CodeBench_Lite_for_ARM_EABI/bin/../lib/gcc/arm-none-eabi/4.7.2/../../../../arm-none-eabi/lib/thumb/libc.a(lib_a-wsetup.o)
 .ARM.attributes
                0x000008ee       0x30 /home/maximus/CodeSourcery/Sourcery_CodeBench_Lite_for_ARM_EABI/bin/../lib/gcc/arm-none-eabi/4.7.2/../../../../arm-none-eabi/lib/thumb/libc.a(lib_a-dtoa.o)
 .ARM.attributes
                0x0000091e       0x30 /home/maximus/CodeSourcery/Sourcery_CodeBench_Lite_for_ARM_EABI/bin/../lib/gcc/arm-none-eabi/4.7.2/../../../../arm-none-eabi/lib/thumb/libc.a(lib_a-fflush.o)
 .ARM.attributes
                0x0000094e       0x30 /home/maximus/CodeSourcery/Sourcery_CodeBench_Lite_for_ARM_EABI/bin/../lib/gcc/arm-none-eabi/4.7.2/../../../../arm-none-eabi/lib/thumb/libc.a(lib_a-findfp.o)
 .ARM.attributes
                0x0000097e       0x30 /home/maximus/CodeSourcery/Sourcery_CodeBench_Lite_for_ARM_EABI/bin/../lib/gcc/arm-none-eabi/4.7.2/../../../../arm-none-eabi/lib/thumb/libc.a(lib_a-freer.o)
 .ARM.attributes
                0x000009ae       0x30 /home/maximus/CodeSourcery/Sourcery_CodeBench_Lite_for_ARM_EABI/bin/../lib/gcc/arm-none-eabi/4.7.2/../../../../arm-none-eabi/lib/thumb/libc.a(lib_a-fwalk.o)
 .ARM.attributes
                0x000009de       0x30 /home/maximus/CodeSourcery/Sourcery_CodeBench_Lite_for_ARM_EABI/bin/../lib/gcc/arm-none-eabi/4.7.2/../../../../arm-none-eabi/lib/thumb/libc.a(lib_a-locale.o)
 .ARM.attributes
                0x00000a0e       0x30 /home/maximus/CodeSourcery/Sourcery_CodeBench_Lite_for_ARM_EABI/bin/../lib/gcc/arm-none-eabi/4.7.2/../../../../arm-none-eabi/lib/thumb/libc.a(lib_a-makebuf.o)
 .ARM.attributes
                0x00000a3e       0x30 /home/maximus/CodeSourcery/Sourcery_CodeBench_Lite_for_ARM_EABI/bin/../lib/gcc/arm-none-eabi/4.7.2/../../../../arm-none-eabi/lib/thumb/libc.a(lib_a-mallocr.o)
 .ARM.attributes
                0x00000a6e       0x30 /home/maximus/CodeSourcery/Sourcery_CodeBench_Lite_for_ARM_EABI/bin/../lib/gcc/arm-none-eabi/4.7.2/../../../../arm-none-eabi/lib/thumb/libc.a(lib_a-memchr.o)
 .ARM.attributes
                0x00000a9e       0x30 /home/maximus/CodeSourcery/Sourcery_CodeBench_Lite_for_ARM_EABI/bin/../lib/gcc/arm-none-eabi/4.7.2/../../../../arm-none-eabi/lib/thumb/libc.a(lib_a-mlock.o)
 .ARM.attributes
                0x00000ace       0x30 /home/maximus/CodeSourcery/Sourcery_CodeBench_Lite_for_ARM_EABI/bin/../lib/gcc/arm-none-eabi/4.7.2/../../../../arm-none-eabi/lib/thumb/libc.a(lib_a-mprec.o)
 .ARM.attributes
                0x00000afe       0x30 /home/maximus/CodeSourcery/Sourcery_CodeBench_Lite_for_ARM_EABI/bin/../lib/gcc/arm-none-eabi/4.7.2/../../../../arm-none-eabi/lib/thumb/libc.a(lib_a-s_fpclassify.o)
 .ARM.attributes
                0x00000b2e       0x30 /home/maximus/CodeSourcery/Sourcery_CodeBench_Lite_for_ARM_EABI/bin/../lib/gcc/arm-none-eabi/4.7.2/../../../../arm-none-eabi/lib/thumb/libc.a(lib_a-stdio.o)
 .ARM.attributes
                0x00000b5e       0x30 /home/maximus/CodeSourcery/Sourcery_CodeBench_Lite_for_ARM_EABI/bin/../lib/gcc/arm-none-eabi/4.7.2/../../../../arm-none-eabi/lib/thumb/libc.a(lib_a-strcmp.o)
 .ARM.attributes
                0x00000b8e       0x30 /home/maximus/CodeSourcery/Sourcery_CodeBench_Lite_for_ARM_EABI/bin/../lib/gcc/arm-none-eabi/4.7.2/../../../../arm-none-eabi/lib/thumb/libc.a(lib_a-strlen.o)
 .ARM.attributes
                0x00000bbe       0x30 /home/maximus/CodeSourcery/Sourcery_CodeBench_Lite_for_ARM_EABI/bin/../lib/gcc/arm-none-eabi/4.7.2/../../../../arm-none-eabi/lib/thumb/libc.a(lib_a-svfiprintf.o)
 .ARM.attributes