Archive member included because of file (symbol)

/home/maximus/CodeSourcery/Sourcery_G++_Lite/bin/../lib/gcc/arm-none-eabi/4.5.2/thumb/libgcc.a(_udivsi3.o)
                              obj/twi.o (__aeabi_uidiv)
/home/maximus/CodeSourcery/Sourcery_G++_Lite/bin/../lib/gcc/arm-none-eabi/4.5.2/thumb/libgcc.a(_divsi3.o)
                              obj/integer.o (__aeabi_idiv)
/home/maximus/CodeSourcery/Sourcery_G++_Lite/bin/../lib/gcc/arm-none-eabi/4.5.2/thumb/libgcc.a(_dvmd_tls.o)
                              /home/maximus/CodeSourcery/Sourcery_G++_Lite/bin/../lib/gcc/arm-none-eabi/4.5.2/thumb/libgcc.a(_udivsi3.o) (__aeabi_idiv0)
/home/maximus/CodeSourcery/Sourcery_G++_Lite/bin/../lib/gcc/arm-none-eabi/4.5.2/thumb/libgcc.a(_arm_addsubdf3.o)
                              obj/can.o (__aeabi_dsub)
/home/maximus/CodeSourcery/Sourcery_G++_Lite/bin/../lib/gcc/arm-none-eabi/4.5.2/thumb/libgcc.a(_arm_muldivdf3.o)
                              obj/can.o (__aeabi_ddiv)
/home/maximus/CodeSourcery/Sourcery_G++_Lite/bin/../lib/gcc/arm-none-eabi/4.5.2/thumb/libgcc.a(_arm_fixunsdfsi.o)
                              obj/can.o (__aeabi_d2uiz)
/home/maximus/CodeSourcery/Sourcery_G++_Lite/bin/../lib/gcc/arm-none-eabi/4.5.2/thumb/libgcc.a(_arm_addsubsf3.o)
                              obj/main.o (__aeabi_fsub)
/home/maximus/CodeSourcery/Sourcery_G++_Lite/bin/../lib/gcc/arm-none-eabi/4.5.2/thumb/libgcc.a(_arm_muldivsf3.o)
                              obj/mezonin.o (__aeabi_fmul)
/home/maximus/CodeSourcery/Sourcery_G++_Lite/bin/../lib/gcc/arm-none-eabi/4.5.2/thumb/libgcc.a(_arm_cmpsf2.o)
                              obj/main.o (__aeabi_fcmplt)
/home/maximus/CodeSourcery/Sourcery_G++_Lite/bin/../lib/gcc/arm-none-eabi/4.5.2/thumb/libgcc.a(_arm_fixunssfsi.o)
                              obj/mezonin.o (__aeabi_f2uiz)
/home/maximus/CodeSourcery/Sourcery_G++_Lite/bin/../lib/gcc/arm-none-eabi/4.5.2/../../../../arm-none-eabi/lib/thumb/libc.a(lib_a-errno.o)
                              obj/syscalls.o (__errno)
/home/maximus/CodeSourcery/Sourcery_G++_Lite/bin/../lib/gcc/arm-none-eabi/4.5.2/../../../../arm-none-eabi/lib/thumb/libc.a(lib_a-impure.o)
                              /home/maximus/CodeSourcery/Sourcery_G++_Lite/bin/../lib/gcc/arm-none-eabi/4.5.2/../../../../arm-none-eabi/lib/thumb/libc.a(lib_a-errno.o) (_impure_ptr)
/home/maximus/CodeSourcery/Sourcery_G++_Lite/bin/../lib/gcc/arm-none-eabi/4.5.2/../../../../arm-none-eabi/lib/thumb/libc.a(lib_a-memcpy.o)
                              obj/queue.o (memcpy)
/home/maximus/CodeSourcery/Sourcery_G++_Lite/bin/../lib/gcc/arm-none-eabi/4.5.2/../../../../arm-none-eabi/lib/thumb/libc.a(lib_a-memset.o)
                              obj/tasks.o (memset)
/home/maximus/CodeSourcery/Sourcery_G++_Lite/bin/../lib/gcc/arm-none-eabi/4.5.2/../../../../arm-none-eabi/lib/thumb/libc.a(lib_a-printf.o)
                              obj/pwmc.o (printf)
/home/maximus/CodeSourcery/Sourcery_G++_Lite/bin/../lib/gcc/arm-none-eabi/4.5.2/../../../../arm-none-eabi/lib/thumb/libc.a(lib_a-sprintf.o)
                              obj/tasks.o (sprintf)
/home/maximus/CodeSourcery/Sourcery_G++_Lite/bin/../lib/gcc/arm-none-eabi/4.5.2/../../../../arm-none-eabi/lib/thumb/libc.a(lib_a-strcat.o)
                              obj/tasks.o (strcat)
/home/maximus/CodeSourcery/Sourcery_G++_Lite/bin/../lib/gcc/arm-none-eabi/4.5.2/../../../../arm-none-eabi/lib/thumb/libc.a(lib_a-strcpy.o)
                              /home/maximus/CodeSourcery/Sourcery_G++_Lite/bin/../lib/gcc/arm-none-eabi/4.5.2/../../../../arm-none-eabi/lib/thumb/libc.a(lib_a-strcat.o) (strcpy)
/home/maximus/CodeSourcery/Sourcery_G++_Lite/bin/../lib/gcc/arm-none-eabi/4.5.2/../../../../arm-none-eabi/lib/thumb/libc.a(lib_a-strlen.o)
                              obj/tasks.o (strlen)
/home/maximus/CodeSourcery/Sourcery_G++_Lite/bin/../lib/gcc/arm-none-eabi/4.5.2/../../../../arm-none-eabi/lib/thumb/libc.a(lib_a-strncpy.o)
                              obj/tasks.o (strncpy)
/home/maximus/CodeSourcery/Sourcery_G++_Lite/bin/../lib/gcc/arm-none-eabi/4.5.2/../../../../arm-none-eabi/lib/thumb/libc.a(lib_a-svfprintf.o)
                              /home/maximus/CodeSourcery/Sourcery_G++_Lite/bin/../lib/gcc/arm-none-eabi/4.5.2/../../../../arm-none-eabi/lib/thumb/libc.a(lib_a-sprintf.o) (_svfprintf_r)
/home/maximus/CodeSourcery/Sourcery_G++_Lite/bin/../lib/gcc/arm-none-eabi/4.5.2/../../../../arm-none-eabi/lib/thumb/libc.a(lib_a-vfprintf.o)
                              /home/maximus/CodeSourcery/Sourcery_G++_Lite/bin/../lib/gcc/arm-none-eabi/4.5.2/../../../../arm-none-eabi/lib/thumb/libc.a(lib_a-printf.o) (_vfprintf_r)
/home/maximus/CodeSourcery/Sourcery_G++_Lite/bin/../lib/gcc/arm-none-eabi/4.5.2/../../../../arm-none-eabi/lib/thumb/libc.a(lib_a-wsetup.o)
                              /home/maximus/CodeSourcery/Sourcery_G++_Lite/bin/../lib/gcc/arm-none-eabi/4.5.2/../../../../arm-none-eabi/lib/thumb/libc.a(lib_a-vfprintf.o) (__swsetup_r)
[...]
Memory Configuration

Name             Origin             Length             Attributes
flash            0x00100000         0x00040000
ram              0x00200000         0x00008000
*default*        0x00000000         0xffffffff

Linker script and memory map

LOAD obj/portISR.o
LOAD obj/my_isr.o
LOAD obj/Cstartup_SAM7.o
LOAD obj/main.o
LOAD obj/ParTest.o
LOAD obj/BlockQ.o
LOAD obj/blocktim.o
LOAD obj/flash.o
LOAD obj/integer.o
LOAD obj/GenQTest.o
LOAD obj/QPeek.o
LOAD obj/dynamic.o
LOAD obj/list.o
LOAD obj/queue.o
LOAD obj/tasks.o
LOAD obj/port.o
LOAD obj/heap_2.o
LOAD obj/syscalls.o
LOAD obj/twi.o
LOAD obj/pio.o
LOAD obj/pio_config.o
LOAD obj/aic.o
LOAD obj/tc.o
LOAD obj/pit.o
LOAD obj/can.o
LOAD obj/pwmc.o
LOAD obj/math.o
LOAD obj/spi.o
LOAD obj/mezonin.o
LOAD obj/MSO_functions.o
LOAD /tmp/ccppJ63k.o
START GROUP
LOAD /home/maximus/CodeSourcery/Sourcery_G++_Lite/bin/../lib/gcc/arm-none-eabi/4.5.2/thumb/libgcc.a
LOAD /home/maximus/CodeSourcery/Sourcery_G++_Lite/bin/../lib/gcc/arm-none-eabi/4.5.2/../../../../arm-none-eabi/lib/thumb/libc.a
END GROUP
                0x00207ffc                __stack_end__ = 0x207ffc
                0x00000000                . = 0x0

startup         0x00100000       0x44
 *(.startup)
 .startup       0x00100000       0x44 /tmp/ccppJ63k.o

prog            0x00100048    0x12c30
 *(.text)
 .text          0x00100048      0x268 obj/portISR.o
                0x00100048                vPortISRStartFirstTask
                0x00100094                vPortYieldProcessor
                0x00100138                vPreemptiveTick
                0x00100208                vPortDisableInterruptsFromThumb
                0x00100220                vPortEnableInterruptsFromThumb
                0x00100238                vPortEnterCritical
                0x00100264                vPortExitCritical
 .text          0x001002b0      0x52c obj/my_isr.o
                0x001002b0                TWI_ISR
                0x0010035c                CAN0_ISR
                0x00100408                CAN1_ISR
                0x001004b4                Mez_1_TT_ISR_TC
                0x0010057c                Mez_2_TT_ISR_TC
                0x00100644                Mez_3_TT_ISR_TC
                0x0010070c                Mez_4_TT_ISR_TC
 .text          0x001007dc       0x98 obj/Cstartup_SAM7.o
                0x001007dc                AT91F_LowLevelInit
 .text          0x00100874     0x1b9c obj/main.o
                0x00100874                MezRec
                0x00100bf0                MezValue
                0x00100fb0                Mez_TT_Task
                0x00100fdc                Mez_TU_Task
                0x00101008                Mez_TC_Task
                0x00101034                LedBlinkTask
                0x00101050                CanHandler
                0x00101870                Mez_TI_Task
                0x001018fc                Mez_TP_Task
                0x00101988                PCA9532_init
                0x001019f8                get_TY_state
                0x00101a20                MyTask4
                0x00101ac8                MezTT_WriteParam
                0x00101cb0                MezTT_WriteLevel
                0x00101ea8                MezTT_WriteCoeff
                0x0010209c                main
                0x001022d0                vApplicationTickHook
 .text          0x00102410       0x80 obj/ParTest.o
                0x00102410                vParTestInitialise
                0x00102424                vParTestSetLED
                0x00102454                vParTestToggleLED
                0x0010247c                uxParTestGetLED
 .text          0x00102490      0x278 obj/BlockQ.o
                0x00102508                vStartBlockingQueueTasks
                0x0010266c                xAreBlockingQueuesStillRunning
 .text          0x00102708      0x330 obj/blocktim.o
                0x001029a4                vCreateBlockTimeTasks
                0x00102a00                xAreBlockTimeTestTasksStillRunning
 .text          0x00102a38       0xa8 obj/flash.o
                0x00102a88                vStartLEDFlashTasks
 .text          0x00102ae0       0x8c obj/integer.o
                0x00102b2c                vStartIntegerMathTasks
                0x00102b58                xAreIntegerMathsTaskStillRunning
 .text          0x00102b6c      0x3f0 obj/GenQTest.o
                0x00102e80                vStartGenericQueueTasks
                0x00102f24                xAreGenericQueueTasksStillRunning
 .text          0x00102f5c      0x328 obj/QPeek.o
                0x001031bc                vStartQueuePeekTasks
                0x00103260                xAreQueuePeekTasksStillRunning
 .text          0x00103284      0x2e8 obj/dynamic.o
                0x00103478                vStartDynamicPriorityTasks
                0x00103538                xAreDynamicPriorityTasksStillRunning
 .text          0x0010356c       0xa4 obj/list.o
                0x0010356c                vListInitialise
                0x00103584                vListInitialiseItem
                0x0010358c                vListInsertEnd
                0x001035a8                vListInsert
                0x001035e4                vListRemove
 .text          0x00103610      0xb18 obj/queue.o
                0x00103678                xQueueGenericReset
                0x001036e0                xQueueGenericCreate
                0x0010376c                xQueueCreateMutex
                0x00103a2c                xQueueGenericSend
                0x00103cf4                xQueueGenericSendFromISR
                0x00103d40                xQueueGenericReceive
                0x00104060                xQueueReceiveFromISR
                0x001040c8                uxQueueMessagesWaiting
                0x001040e0                uxQueueMessagesWaitingFromISR
                0x001040e4                vQueueDelete
                0x001040fc                ucQueueGetQueueNumber
                0x00104104                vQueueSetQueueNumber
                0x0010410c                ucQueueGetQueueType
                0x00104114                xQueueIsQueueEmptyFromISR
                0x0010411c                xQueueIsQueueFullFromISR
 .text          0x00104128      0xf20 obj/tasks.o
                0x00104128                xTaskGenericCreate
                0x001042d0                vTaskDelete
                0x00104338                uxTaskPriorityGet
                0x0010435c                vTaskPrioritySet
                0x001043f8                vTaskSuspend
                0x001044a8                xTaskIsTaskSuspended
                0x001044d0                vTaskResume
                0x0010453c                xTaskResumeFromISR
                0x001045b4                vTaskStartScheduler
                0x00104718                vTaskEndScheduler
                0x00104734                vTaskSuspendAll
                0x00104744                xTaskGetTickCount
                0x00104760                xTaskGetTickCountFromISR
                0x0010476c                uxTaskGetNumberOfTasks
                0x00104778                vTaskIncrementTick
                0x0010486c                xTaskResumeAll
                0x0010492c                vTaskList
                0x00104ce0                vTaskDelay
                0x00104d44                vTaskDelayUntil
                0x00104dc0                vTaskSwitchContext
                0x00104e1c                vTaskPlaceOnEventList
                0x00104e88                xTaskRemoveFromEventList
                0x00104ef0                vTaskSetTimeOutState
                0x00104f00                xTaskCheckForTimeOut
                0x00104f60                vTaskMissedYield
                0x00104f6c                uxTaskGetTaskNumber
                0x00104f78                vTaskSetTaskNumber
                0x00104f84                xTaskGetCurrentTaskHandle
                0x00104f90                vTaskPriorityInherit
                0x00104ffc                vTaskPriorityDisinherit
 .text          0x00105048       0xe8 obj/port.o
                0x00105048                pxPortInitialiseStack
                0x001050e8                xPortStartScheduler
                0x0010512c                vPortEndScheduler
 .text          0x00105130      0x108 obj/heap_2.o
                0x00105130                pvPortMalloc
                0x001051e8                vPortFree
                0x00105228                xPortGetFreeHeapSize
                0x00105234                vPortInitialiseBlocks
 .text          0x00105238       0x78 obj/syscalls.o
                0x00105238                _read_r
                0x0010524c                _lseek_r
                0x00105250                _write_r
                0x00105254                _close_r
                0x00105258                _sbrk_r
                0x00105290                _fstat_r
                0x001052ac                _isatty_r
 .text          0x001052b0      0x13c obj/twi.o
                0x001052b0                TWI_Pin_config
                0x001052e4                TWI_Configure
                0x00105324                TWI_Stop
                0x0010532c                TWI_Start
                0x00105334                TWI_StartRead
                0x00105350                TWI_ReadByte
                0x00105358                TWI_WriteByte
                0x0010535c                TWI_StartWrite
                0x00105368                Wait_THR_Ready
                0x00105388                Wait_TXCOMP
                0x0010539c                Wait_RHR_Ready
                0x001053bc                TWI_ByteReceived
                0x001053c4                TWI_ByteSent
                0x001053cc                TWI_TransferComplete
                0x001053d4                TWI_EnableIt
                0x001053d8                TWI_DisableIt
                0x001053dc                TWI_GetStatus
                0x001053e0                TWI_GetMaskedStatus
 .text          0x001053ec      0x14c obj/pio.o
                0x001053ec                PIO_Configure
                0x001054ec                PIO_Set
                0x001054f4                PIO_Clear
                0x001054fc                PIO_Get
                0x00105520                PIO_GetOutputDataStatus
                0x00105530                PIO_GetISR
 .text          0x00105538       0x2c obj/pio_config.o
                0x00105538                AT91F_PIO_CfgInput
                0x00105540                AT91F_PIO_CfgOutput
                0x00105548                AT91F_PIO_SetOutput
                0x0010554c                AT91F_PIO_ClearOutput
                0x00105550                AT91F_PIO_CfgPeriph
                0x0010555c                AT91F_PIO_CfgOpendrain
 .text          0x00105564       0x50 obj/aic.o
                0x00105564                AIC_ConfigureIT
                0x0010558c                AIC_EnableIT
                0x001055a0                AIC_DisableIT
 .text          0x001055b4      0x1b0 obj/tc.o
                0x001055b4                TC_Configure
                0x001055c4                TC_Start
                0x001055cc                TC_Stop
                0x001055d4                TC_FindMckDivisor
 .text          0x00105764       0xa0 obj/pit.o
                0x00105764                PIT_Init
                0x00105784                PIT_SetPIV
                0x00105798                PIT_Enable
                0x001057ac                PIT_EnableIT
                0x001057c0                PIT_DisableIT
                0x001057d4                PIT_GetMode
                0x001057e0                PIT_GetStatus
                0x001057ec                PIT_GetPIIR
                0x001057f8                PIT_GetPIVR
 *fill*         0x00105804        0x4 00
 .text          0x00105808      0x8c0 obj/can.o
                0x00105808                CAN_Handler
                0x001059fc                CAN_InitMailboxRegisters
                0x00105a68                CAN_ResetAllMailbox
                0x00105be0                CAN_ResetTransfer
                0x00105c00                CAN_Write
                0x00105c48                CAN_Read
                0x00105c78                CAN_IsInIdle
                0x00105c84                CAN_disable
                0x00105cd8                CAN_BaudRateCalculate
                0x00105dd8                CAN_Init
 .text          0x001060c8      0x2a8 obj/pwmc.o
                0x001060c8                PWMC_ConfigureChannel
                0x0010612c                PWMC_ConfigureClocks
                0x00106288                PWMC_SetPeriod
                0x001062cc                PWMC_SetDutyCycle
                0x00106330                PWMC_EnableChannel
                0x00106340                PWMC_DisableChannel
                0x00106350                PWMC_EnableChannelIt
                0x00106360                PWMC_DisableChannelIt
 .text          0x00106370       0x60 obj/math.o
                0x00106370                min
                0x00106380                abs
                0x00106388                power
 .text          0x001063d0      0x15c obj/spi.o
                0x001063d0                SPI_Pin_config
                0x00106434                SPI_Enable
                0x0010643c                SPI_Disable
                0x00106444                SPI_Configure
                0x00106460                SPI_ConfigureNPCS
                0x00106468                SPI_Write
                0x00106494                SPI_WriteBuffer
                0x001064d4                SPI_IsFinished
                0x001064dc                SPI_Read
                0x001064f0                SPI_ReadBuffer
 .text          0x0010652c     0x14bc obj/mezonin.o
                0x0010652c                Mez_Select
                0x0010654c                Mez_Recognition_new
                0x00106574                Mez_PreInit
                0x00106820                Mez_TC_init
                0x001068a0                Mez_TU_init
                0x00106944                Mez_TT_init
                0x00106a6c                Mez_init
                0x00106b9c                Mez_EnableChannel
                0x00106c00                Mez_TT_Frequency
                0x00106cd4                Mez_TP_init
                0x00106cd8                Mez_TI_init
                0x00106cdc                Mez_NOT_init
                0x00106ce0                Mez_NOT_handler
                0x00106ce4                Mez_TC_handler
                0x00106dc8                Mez_TI_handler
                0x00106dcc                Mez_TP_handler
                0x00106dd0                Mez_TT_handler
                0x00106f14                Mez_TT_Calib
                0x0010736c                Mez_TU_handler
                0x0010747c                Get_TTLevels
                0x001075bc                Get_TTCoeffs
                0x001077e8                Get_TTParams
                0x00107908                Get_TCParams
                0x001079cc                Get_TUParams
 .text          0x001079e8      0x98c obj/MSO_functions.o
                0x001079e8                FillTWIPacket
                0x00107a04                FillCanPacket
                0x00107a14                TWI_Read
                0x00107aa0                TWI_Write
                0x00107b14                Led2_Write
                0x00107b70                Led2_Read
                0x00107b84                Switch8_Read
                0x00107bf0                Switch2_Read
                0x00107c00                Timer_Start
                0x00107c24                Timer_Stop
                0x00107c44                Timer_Read
                0x00107c64                Timer_Handler
                0x00107dcc                MSO_memory_Write
                0x00107e64                MSO_memory_Read
                0x00107f04                MEZ_memory_Write
                0x00108000                MEZ_memory_Read
                0x001080f4                MEZ_memory_Read_Page
                0x001081b8                TWI_Transfer_Handler
                0x001082c8                CAN0_Handler
                0x001082d8                CAN1_Handler
                0x001082e8                WDT_Enable
                0x001082fc                WDT_Disable
                0x00108310                WDT_Refresh
                0x00108320                Crc16
 .text          0x00108374       0xd0 /tmp/ccppJ63k.o
                0x00108374                start
                0x00108424                endless_loop
 .text          0x00108444      0x11c /home/maximus/CodeSourcery/Sourcery_G++_Lite/bin/../lib/gcc/arm-none-eabi/4.5.2/thumb/libgcc.a(_udivsi3.o)
                0x00108444                __udivsi3
                0x00108444                __aeabi_uidiv
                0x00108540                __aeabi_uidivmod
 .text          0x00108560      0x150 /home/maximus/CodeSourcery/Sourcery_G++_Lite/bin/../lib/gcc/arm-none-eabi/4.5.2/thumb/libgcc.a(_divsi3.o)
                0x00108560                __aeabi_idiv
                0x00108560                __divsi3
                0x00108690                __aeabi_idivmod
 .text          0x001086b0        0x4 /home/maximus/CodeSourcery/Sourcery_G++_Lite/bin/../lib/gcc/arm-none-eabi/4.5.2/thumb/libgcc.a(_dvmd_tls.o)
                0x001086b0                __aeabi_ldiv0
                0x001086b0                __aeabi_idiv0
 .text          0x001086b4      0x41c /home/maximus/CodeSourcery/Sourcery_G++_Lite/bin/../lib/gcc/arm-none-eabi/4.5.2/thumb/libgcc.a(_arm_addsubdf3.o)
                0x001086b4                __aeabi_drsub
                0x001086bc                __aeabi_dsub
                0x001086bc                __subdf3
                0x001086c0                __adddf3
                0x001086c0                __aeabi_dadd
                0x001089d0                __aeabi_ui2d
                0x001089d0                __floatunsidf
                0x001089f4                __floatsidf
                0x001089f4                __aeabi_i2d
                0x00108a1c                __extendsfdf2
                0x00108a1c                __aeabi_f2d
                0x00108a5c                __aeabi_ul2d
                0x00108a5c                __floatundidf
                0x00108a70                __floatdidf
                0x00108a70                __aeabi_l2d
 .text          0x00108ad0      0x49c /home/maximus/CodeSourcery/Sourcery_G++_Lite/bin/../lib/gcc/arm-none-eabi/4.5.2/thumb/libgcc.a(_arm_muldivdf3.o)
                0x00108ad0                __aeabi_dmul
                0x00108ad0                __muldf3
                0x00108d60                __aeabi_ddiv
                0x00108d60                __divdf3
 .text          0x00108f6c       0x54 /home/maximus/CodeSourcery/Sourcery_G++_Lite/bin/../lib/gcc/arm-none-eabi/4.5.2/thumb/libgcc.a(_arm_fixunsdfsi.o)
                0x00108f6c                __fixunsdfsi
                0x00108f6c                __aeabi_d2uiz
 .text          0x00108fc0      0x2ac /home/maximus/CodeSourcery/Sourcery_G++_Lite/bin/../lib/gcc/arm-none-eabi/4.5.2/thumb/libgcc.a(_arm_addsubsf3.o)
                0x00108fc0                __aeabi_frsub
                0x00108fc8                __subsf3
                0x00108fc8                __aeabi_fsub
                0x00108fcc                __aeabi_fadd
                0x00108fcc                __addsf3
                0x00109188                __aeabi_ui2f
                0x00109188                __floatunsisf
                0x00109190                __aeabi_i2f
                0x00109190                __floatsisf
                0x001091b0                __floatundisf
                0x001091b0                __aeabi_ul2f
                0x001091c0                __floatdisf
                0x001091c0                __aeabi_l2f
 .text          0x0010926c      0x2f8 /home/maximus/CodeSourcery/Sourcery_G++_Lite/bin/../lib/gcc/arm-none-eabi/4.5.2/thumb/libgcc.a(_arm_muldivsf3.o)
                0x0010926c                __mulsf3
                0x0010926c                __aeabi_fmul
                0x00109404                __divsf3
                0x00109404                __aeabi_fdiv
 .text          0x00109564      0x114 /home/maximus/CodeSourcery/Sourcery_G++_Lite/bin/../lib/gcc/arm-none-eabi/4.5.2/thumb/libgcc.a(_arm_cmpsf2.o)
                0x00109564                __gtsf2
                0x00109564                __gesf2
                0x0010956c                __lesf2
                0x0010956c                __ltsf2
                0x00109574                __nesf2
                0x00109574                __eqsf2
                0x00109574                __cmpsf2
                0x001095d8                __aeabi_cfrcmple
                0x001095e8                __aeabi_cfcmple
                0x001095e8                __aeabi_cfcmpeq
                0x00109600                __aeabi_fcmpeq
                0x00109618                __aeabi_fcmplt
                0x00109630                __aeabi_fcmple
                0x00109648                __aeabi_fcmpge
                0x00109660                __aeabi_fcmpgt
 .text          0x00109678       0x54 /home/maximus/CodeSourcery/Sourcery_G++_Lite/bin/../lib/gcc/arm-none-eabi/4.5.2/thumb/libgcc.a(_arm_fixunssfsi.o)
                0x00109678                __aeabi_f2uiz
                0x00109678                __fixunssfsi
 .text          0x001096cc        0xc /home/maximus/CodeSourcery/Sourcery_G++_Lite/bin/../lib/gcc/arm-none-eabi/4.5.2/../../../../arm-none-eabi/lib/thumb/libc.a(lib_a-errno.o)
                0x001096cc                __errno
 .text          0x001096d8        0x0 /home/maximus/CodeSourcery/Sourcery_G++_Lite/bin/../lib/gcc/arm-none-eabi/4.5.2/../../../../arm-none-eabi/lib/thumb/libc.a(lib_a-impure.o)
 .text          0x001096d8       0xfc /home/maximus/CodeSourcery/Sourcery_G++_Lite/bin/../lib/gcc/arm-none-eabi/4.5.2/../../../../arm-none-eabi/lib/thumb/libc.a(lib_a-memcpy.o)
                0x001096d8                memcpy
 .text          0x001097d4       0x8c /home/maximus/CodeSourcery/Sourcery_G++_Lite/bin/../lib/gcc/arm-none-eabi/4.5.2/../../../../arm-none-eabi/lib/thumb/libc.a(lib_a-memset.o)
                0x001097d4                memset
 .text          0x00109860       0x40 /home/maximus/CodeSourcery/Sourcery_G++_Lite/bin/../lib/gcc/arm-none-eabi/4.5.2/../../../../arm-none-eabi/lib/thumb/libc.a(lib_a-printf.o)
                0x00109860                _printf_r
                0x0010987c                printf
 .text          0x001098a0       0x84 /home/maximus/CodeSourcery/Sourcery_G++_Lite/bin/../lib/gcc/arm-none-eabi/4.5.2/../../../../arm-none-eabi/lib/thumb/libc.a(lib_a-sprintf.o)
                0x001098a0                _sprintf_r
                0x001098e0                sprintf
 .text          0x00109924       0x48 /home/maximus/CodeSourcery/Sourcery_G++_Lite/bin/../lib/gcc/arm-none-eabi/4.5.2/../../../../arm-none-eabi/lib/thumb/libc.a(lib_a-strcat.o)
                0x00109924                strcat
 .text          0x0010996c       0x10 /home/maximus/CodeSourcery/Sourcery_G++_Lite/bin/../lib/gcc/arm-none-eabi/4.5.2/../../../../arm-none-eabi/lib/thumb/libc.a(lib_a-strcpy.o)
                0x0010996c                strcpy
 .text          0x0010997c       0x10 /home/maximus/CodeSourcery/Sourcery_G++_Lite/bin/../lib/gcc/arm-none-eabi/4.5.2/../../../../arm-none-eabi/lib/thumb/libc.a(lib_a-strlen.o)
                0x0010997c                strlen
 .text          0x0010998c       0x6c /home/maximus/CodeSourcery/Sourcery_G++_Lite/bin/../lib/gcc/arm-none-eabi/4.5.2/../../../../arm-none-eabi/lib/thumb/libc.a(lib_a-strncpy.o)
                0x0010998c                strncpy
 .text          0x001099f8     0x1550 /home/maximus/CodeSourcery/Sourcery_G++_Lite/bin/../lib/gcc/arm-none-eabi/4.5.2/../../../../arm-none-eabi/lib/thumb/libc.a(lib_a-svfprintf.o)
                0x001099f8                _svfprintf_r
 .text          0x0010af48     0x1798 /home/maximus/CodeSourcery/Sourcery_G++_Lite/bin/../lib/gcc/arm-none-eabi/4.5.2/../../../../arm-none-eabi/lib/thumb/libc.a(lib_a-vfprintf.o)
                0x0010af48                _vfprintf_r
                0x0010c6c0                vfprintf
 .text          0x0010c6e0       0xc0 /home/maximus/CodeSourcery/Sourcery_G++_Lite/bin/../lib/gcc/arm-none-eabi/4.5.2/../../../../arm-none-eabi/lib/thumb/libc.a(lib_a-wsetup.o)
                0x0010c6e0                __swsetup_r
 .text          0x0010c7a0     0x1048 /home/maximus/CodeSourcery/Sourcery_G++_Lite/bin/../lib/gcc/arm-none-eabi/4.5.2/../../../../arm-none-eabi/lib/thumb/libc.a(lib_a-dtoa.o)
                0x0010c904                _dtoa_r
 .text          0x0010d7e8      0x188 /home/maximus/CodeSourcery/Sourcery_G++_Lite/bin/../lib/gcc/arm-none-eabi/4.5.2/../../../../arm-none-eabi/lib/thumb/libc.a(lib_a-fflush.o)
                0x0010d7e8                _fflush_r
                0x0010d940                fflush
 .text          0x0010d970      0x234 /home/maximus/CodeSourcery/Sourcery_G++_Lite/bin/../lib/gcc/arm-none-eabi/4.5.2/../../../../arm-none-eabi/lib/thumb/libc.a(lib_a-findfp.o)
                0x0010d978                _cleanup_r
                0x0010d98c                __sfmoreglue
                0x0010d9b8                _cleanup
                0x0010d9cc                __sinit
                0x0010dacc                __sfp
                0x0010db5c                __sfp_lock_acquire
                0x0010db60                __sfp_lock_release
                0x0010db64                __sinit_lock_acquire
                0x0010db68                __sinit_lock_release
                0x0010db6c                __fp_lock_all
                0x0010db88                __fp_unlock_all
 .text          0x0010dba4      0x24c /home/maximus/CodeSourcery/Sourcery_G++_Lite/bin/../lib/gcc/arm-none-eabi/4.5.2/../../../../arm-none-eabi/lib/thumb/libc.a(lib_a-freer.o)
                0x0010dba4                _malloc_trim_r
                0x0010dc48                _free_r
 .text          0x0010ddf0       0xbc /home/maximus/CodeSourcery/Sourcery_G++_Lite/bin/../lib/gcc/arm-none-eabi/4.5.2/../../../../arm-none-eabi/lib/thumb/libc.a(lib_a-fwalk.o)
                0x0010ddf0                _fwalk
                0x0010de48                _fwalk_reent
 .text          0x0010deac       0xa4 /home/maximus/CodeSourcery/Sourcery_G++_Lite/bin/../lib/gcc/arm-none-eabi/4.5.2/../../../../arm-none-eabi/lib/thumb/libc.a(lib_a-locale.o)
                0x0010deac                _setlocale_r
                0x0010def8                __locale_charset
                0x0010df00                __locale_mb_cur_max
                0x0010df0c                __locale_msgcharset
                0x0010df18                __locale_cjk_lang
                0x0010df1c                _localeconv_r
                0x0010df28                setlocale
                0x0010df44                localeconv
 .text          0x0010df50       0xe4 /home/maximus/CodeSourcery/Sourcery_G++_Lite/bin/../lib/gcc/arm-none-eabi/4.5.2/../../../../arm-none-eabi/lib/thumb/libc.a(lib_a-makebuf.o)
                0x0010df50                __smakebuf_r
 .text          0x0010e034      0x504 /home/maximus/CodeSourcery/Sourcery_G++_Lite/bin/../lib/gcc/arm-none-eabi/4.5.2/../../../../arm-none-eabi/lib/thumb/libc.a(lib_a-mallocr.o)
                0x0010e034                _malloc_r
 .text          0x0010e538       0x94 /home/maximus/CodeSourcery/Sourcery_G++_Lite/bin/../lib/gcc/arm-none-eabi/4.5.2/../../../../arm-none-eabi/lib/thumb/libc.a(lib_a-memchr.o)
                0x0010e538                memchr
 .text          0x0010e5cc        0x8 /home/maximus/CodeSourcery/Sourcery_G++_Lite/bin/../lib/gcc/arm-none-eabi/4.5.2/../../../../arm-none-eabi/lib/thumb/libc.a(lib_a-mlock.o)
                0x0010e5cc                __malloc_lock
                0x0010e5d0                __malloc_unlock
 *fill*         0x0010e5d4        0x4 00
 .text          0x0010e5d8      0x9b0 /home/maximus/CodeSourcery/Sourcery_G++_Lite/bin/../lib/gcc/arm-none-eabi/4.5.2/../../../../arm-none-eabi/lib/thumb/libc.a(lib_a-mprec.o)
                0x0010e5d8                _Balloc
                0x0010e62c                _Bfree
                0x0010e644                __multadd
                0x0010e6dc                __s2b
                0x0010e770                __hi0bits
                0x0010e7b0                __lo0bits
                0x0010e814                __i2b
                0x0010e82c                __multiply
                0x0010e9b0                __pow5mult
                0x0010ea64                __lshift
                0x0010eb30                __mcmp
                0x0010eb70                __mdiff
                0x0010ec6c                __ulp
                0x0010ecb8                __b2d
                0x0010ed58                __d2b
                0x0010ee28                __ratio
                0x0010ee9c                _mprec_log10
                0x0010eedc                __copybits
                0x0010ef24                __any_on
 .text          0x0010ef88       0x9c /home/maximus/CodeSourcery/Sourcery_G++_Lite/bin/../lib/gcc/arm-none-eabi/4.5.2/../../../../arm-none-eabi/lib/thumb/libc.a(lib_a-s_fpclassify.o)
                0x0010ef88                __fpclassifyd
 .text          0x0010f024       0xac /home/maximus/CodeSourcery/Sourcery_G++_Lite/bin/../lib/gcc/arm-none-eabi/4.5.2/../../../../arm-none-eabi/lib/thumb/libc.a(lib_a-stdio.o)
                0x0010f024                __sread
                0x0010f050                __seofread
                0x0010f054                __swrite
                0x0010f090                __sseek
                0x0010f0c0                __sclose
 .text          0x0010f0d0       0x14 /home/maximus/CodeSourcery/Sourcery_G++_Lite/bin/../lib/gcc/arm-none-eabi/4.5.2/../../../../arm-none-eabi/lib/thumb/libc.a(lib_a-strcmp.o)
                0x0010f0d0                strcmp
 .text          0x0010f0e4      0xc50 /home/maximus/CodeSourcery/Sourcery_G++_Lite/bin/../lib/gcc/arm-none-eabi/4.5.2/../../../../arm-none-eabi/lib/thumb/libc.a(lib_a-svfiprintf.o)
                0x0010f0e4                __ssprint_r
                0x0010f208                _svfiprintf_r
 .text          0x0010fd34      0xd34 /home/maximus/CodeSourcery/Sourcery_G++_Lite/bin/../lib/gcc/arm-none-eabi/4.5.2/../../../../arm-none-eabi/lib/thumb/libc.a(lib_a-vfiprintf.o)
                0x0010fd34                __sprint_r
                0x0010fdb4                _vfiprintf_r
                0x00110a48                vfiprintf
 .text          0x00110a68       0x60 /home/maximus/CodeSourcery/Sourcery_G++_Lite/bin/../lib/gcc/arm-none-eabi/4.5.2/../../../../arm-none-eabi/lib/thumb/libc.a(lib_a-callocr.o)
                0x00110a68                _calloc_r
 .text          0x00110ac8       0xb8 /home/maximus/CodeSourcery/Sourcery_G++_Lite/bin/../lib/gcc/arm-none-eabi/4.5.2/../../../../arm-none-eabi/lib/thumb/libc.a(lib_a-fclose.o)
                0x00110ac8                _fclose_r
                0x00110b64                fclose
 .text          0x00110b80       0xf8 /home/maximus/CodeSourcery/Sourcery_G++_Lite/bin/../lib/gcc/arm-none-eabi/4.5.2/../../../../arm-none-eabi/lib/thumb/libc.a(lib_a-fputwc.o)
                0x00110b80                _fputwc_r
                0x00110c4c                fputwc
 .text          0x00110c78      0x344 /home/maximus/CodeSourcery/Sourcery_G++_Lite/bin/../lib/gcc/arm-none-eabi/4.5.2/../../../../arm-none-eabi/lib/thumb/libc.a(lib_a-fvwrite.o)
                0x00110c78                __sfvwrite_r
 .text          0x00110fbc       0xa8 /home/maximus/CodeSourcery/Sourcery_G++_Lite/bin/../lib/gcc/arm-none-eabi/4.5.2/../../../../arm-none-eabi/lib/thumb/libc.a(lib_a-memmove.o)
                0x00110fbc                memmove
 .text          0x00111064      0x3f0 /home/maximus/CodeSourcery/Sourcery_G++_Lite/bin/../lib/gcc/arm-none-eabi/4.5.2/../../../../arm-none-eabi/lib/thumb/libc.a(lib_a-reallocr.o)
                0x00111064                _realloc_r
 .text          0x00111454       0xe0 /home/maximus/CodeSourcery/Sourcery_G++_Lite/bin/../lib/gcc/arm-none-eabi/4.5.2/../../../../arm-none-eabi/lib/thumb/libc.a(lib_a-wbuf.o)
                0x00111454                __swbuf_r
                0x00111518                __swbuf
 .text          0x00111534       0xdc /home/maximus/CodeSourcery/Sourcery_G++_Lite/bin/../lib/gcc/arm-none-eabi/4.5.2/../../../../arm-none-eabi/lib/thumb/libc.a(lib_a-wcrtomb.o)
                0x00111534                _wcrtomb_r
                0x00111594                wcrtomb
 .text          0x00111610       0x5c /home/maximus/CodeSourcery/Sourcery_G++_Lite/bin/../lib/gcc/arm-none-eabi/4.5.2/../../../../arm-none-eabi/lib/thumb/libc.a(lib_a-wctomb_r.o)
                0x00111610                __ascii_wctomb
                0x00111630                _wctomb_r
 .text          0x0011166c      0x144 /home/maximus/CodeSourcery/Sourcery_G++_Lite/bin/../lib/gcc/arm-none-eabi/4.5.2/thumb/libgcc.a(_arm_cmpdf2.o)
                0x0011166c                __gtdf2
                0x0011166c                __gedf2
                0x00111674                __ltdf2
                0x00111674                __ledf2
                0x0011167c                __cmpdf2
                0x0011167c                __eqdf2
                0x0011167c                __nedf2
                0x00111704                __aeabi_cdrcmple
                0x00111720                __aeabi_cdcmple
                0x00111720                __aeabi_cdcmpeq
                0x00111738                __aeabi_dcmpeq
                0x00111750                __aeabi_dcmplt
                0x00111768                __aeabi_dcmple
                0x00111780                __aeabi_dcmpge
                0x00111798                __aeabi_dcmpgt
 .text          0x001117b0       0x5c /home/maximus/CodeSourcery/Sourcery_G++_Lite/bin/../lib/gcc/arm-none-eabi/4.5.2/thumb/libgcc.a(_arm_fixdfsi.o)
                0x001117b0                __fixdfsi
                0x001117b0                __aeabi_d2iz
 .text          0x0011180c       0x3c /home/maximus/CodeSourcery/Sourcery_G++_Lite/bin/../lib/gcc/arm-none-eabi/4.5.2/thumb/libgcc.a(_aeabi_uldivmod.o)
                0x0011180c                __aeabi_uldivmod
 .text          0x00111848       0x70 /home/maximus/CodeSourcery/Sourcery_G++_Lite/bin/../lib/gcc/arm-none-eabi/4.5.2/thumb/libgcc.a(bpabi.o)
                0x00111848                __gnu_ldivmod_helper
                0x00111880                __gnu_uldivmod_helper
 .text          0x001118b8       0x4c /home/maximus/CodeSourcery/Sourcery_G++_Lite/bin/../lib/gcc/arm-none-eabi/4.5.2/thumb/libgcc.a(_muldi3.o)
                0x001118b8                __aeabi_lmul
                0x001118b8                __muldi3
 .text          0x00111904      0x3a8 /home/maximus/CodeSourcery/Sourcery_G++_Lite/bin/../lib/gcc/arm-none-eabi/4.5.2/thumb/libgcc.a(_divdi3.o)
                0x00111904                __divdi3
 .text          0x00111cac      0x340 /home/maximus/CodeSourcery/Sourcery_G++_Lite/bin/../lib/gcc/arm-none-eabi/4.5.2/thumb/libgcc.a(_udivdi3.o)
                0x00111cac                __udivdi3
 .text          0x00111fec       0x48 /home/maximus/CodeSourcery/Sourcery_G++_Lite/bin/../lib/gcc/arm-none-eabi/4.5.2/thumb/libgcc.a(_clzsi2.o)
                0x00111fec                __clzsi2
 *fill*         0x00112034        0x4 00
 .text.stub     0x00112038      0x150 linker stubs
 *(.rodata)
 .rodata        0x001121a8       0xe0 obj/main.o
 .rodata        0x00112288        0x8 obj/ParTest.o
                0x00112288                ulLED_Mask
 .rodata        0x00112290       0x14 obj/pio.o
 .rodata        0x001122a4       0x14 obj/tc.o
 .rodata        0x001122b8       0x48 obj/can.o
 .rodata        0x00112300       0x2c obj/pwmc.o
 .rodata        0x0011232c        0x4 /home/maximus/CodeSourcery/Sourcery_G++_Lite/bin/../lib/gcc/arm-none-eabi/4.5.2/../../../../arm-none-eabi/lib/thumb/libc.a(lib_a-impure.o)
                0x0011232c                _global_impure_ptr
 .rodata        0x00112330      0x184 /home/maximus/CodeSourcery/Sourcery_G++_Lite/bin/../lib/gcc/arm-none-eabi/4.5.2/../../../../arm-none-eabi/lib/thumb/libc.a(lib_a-svfprintf.o)
 .rodata        0x001124b4      0x184 /home/maximus/CodeSourcery/Sourcery_G++_Lite/bin/../lib/gcc/arm-none-eabi/4.5.2/../../../../arm-none-eabi/lib/thumb/libc.a(lib_a-vfprintf.o)
 *fill*         0x00112638        0x0 00
 .rodata        0x00112638      0x128 /home/maximus/CodeSourcery/Sourcery_G++_Lite/bin/../lib/gcc/arm-none-eabi/4.5.2/../../../../arm-none-eabi/lib/thumb/libc.a(lib_a-mprec.o)
                0x00112648                __mprec_tens
                0x00112710                __mprec_bigtens
                0x00112738                __mprec_tinytens
 .rodata        0x00112760      0x184 /home/maximus/CodeSourcery/Sourcery_G++_Lite/bin/../lib/gcc/arm-none-eabi/4.5.2/../../../../arm-none-eabi/lib/thumb/libc.a(lib_a-svfiprintf.o)
 .rodata        0x001128e4      0x184 /home/maximus/CodeSourcery/Sourcery_G++_Lite/bin/../lib/gcc/arm-none-eabi/4.5.2/../../../../arm-none-eabi/lib/thumb/libc.a(lib_a-vfiprintf.o)
 *(.rodata*)
 .rodata.str1.4
                0x00112a68       0x5e obj/main.o
                                 0x60 (size before relaxing)
 *fill*         0x00112ac6        0x2 00
 .rodata.str1.4
                0x00112ac8       0x30 obj/BlockQ.o
 .rodata.str1.4
                0x00112af8        0xf obj/blocktim.o
                                 0x10 (size before relaxing)
 *fill*         0x00112b07        0x1 00
 .rodata.str1.4
                0x00112b08        0x5 obj/flash.o
                                  0x8 (size before relaxing)
 *fill*         0x00112b0d        0x3 00
 .rodata.str1.4
                0x00112b10        0x8 obj/integer.o
 .rodata.str1.4
                0x00112b18       0x1f obj/GenQTest.o
                                 0x20 (size before relaxing)
 *fill*         0x00112b37        0x1 00
 .rodata.str1.4
                0x00112b38       0x1f obj/QPeek.o
                                 0x20 (size before relaxing)
 *fill*         0x00112b57        0x1 00
 .rodata.str1.4
                0x00112b58       0x28 obj/dynamic.o
 .rodata.str1.4
                0x00112b80       0x1e obj/tasks.o
                                 0x20 (size before relaxing)
 *fill*         0x00112b9e        0x2 00
 .rodata.str1.4
                0x00112ba0       0x72 obj/pwmc.o
                                 0x74 (size before relaxing)
 *fill*         0x00112c12        0x2 00
 .rodata.str1.4
                0x00112c14        0x2 /home/maximus/CodeSourcery/Sourcery_G++_Lite/bin/../lib/gcc/arm-none-eabi/4.5.2/../../../../arm-none-eabi/lib/thumb/libc.a(lib_a-impure.o)
                                  0x4 (size before relaxing)
 *fill*         0x00112c16        0x2 00
 .rodata.str1.4
                0x00112c18       0x42 /home/maximus/CodeSourcery/Sourcery_G++_Lite/bin/../lib/gcc/arm-none-eabi/4.5.2/../../../../arm-none-eabi/lib/thumb/libc.a(lib_a-svfprintf.o)
                                 0x44 (size before relaxing)
 .rodata.str1.4
                0x00000000       0x44 /home/maximus/CodeSourcery/Sourcery_G++_Lite/bin/../lib/gcc/arm-none-eabi/4.5.2/../../../../arm-none-eabi/lib/thumb/libc.a(lib_a-vfprintf.o)
 *fill*         0x00112c5a        0x2 00
 .rodata.str1.4
                0x00112c5c       0x10 /home/maximus/CodeSourcery/Sourcery_G++_Lite/bin/../lib/gcc/arm-none-eabi/4.5.2/../../../../arm-none-eabi/lib/thumb/libc.a(lib_a-dtoa.o)
                                 0x14 (size before relaxing)
 .rodata.str1.4
                0x00112c6c        0xc /home/maximus/CodeSourcery/Sourcery_G++_Lite/bin/../lib/gcc/arm-none-eabi/4.5.2/../../../../arm-none-eabi/lib/thumb/libc.a(lib_a-locale.o)
                                 0x14 (size before relaxing)
 .rodata.str1.4
                0x00000000       0x30 /home/maximus/CodeSourcery/Sourcery_G++_Lite/bin/../lib/gcc/arm-none-eabi/4.5.2/../../../../arm-none-eabi/lib/thumb/libc.a(lib_a-svfiprintf.o)
 .rodata.str1.4
                0x00000000       0x30 /home/maximus/CodeSourcery/Sourcery_G++_Lite/bin/../lib/gcc/arm-none-eabi/4.5.2/../../../../arm-none-eabi/lib/thumb/libc.a(lib_a-vfiprintf.o)
 *(.glue_7)
 .glue_7        0x00000000        0x0 linker stubs
 *(.glue_7t)
 .glue_7t       0x00000000        0x0 linker stubs
                0x00112c78                __end_of_text__ = .

.ARM.extab      0x00112c78        0x0
 .ARM.extab     0x00112c78        0x0 /home/maximus/CodeSourcery/Sourcery_G++_Lite/bin/../lib/gcc/arm-none-eabi/4.5.2/thumb/libgcc.a(_divdi3.o)
 .ARM.extab     0x00112c78        0x0 /home/maximus/CodeSourcery/Sourcery_G++_Lite/bin/../lib/gcc/arm-none-eabi/4.5.2/thumb/libgcc.a(_udivdi3.o)

.ARM.exidx      0x00112c78        0x8
 .ARM.exidx     0x00112c78        0x8 /home/maximus/CodeSourcery/Sourcery_G++_Lite/bin/../lib/gcc/arm-none-eabi/4.5.2/thumb/libgcc.a(_divdi3.o)
 .ARM.exidx     0x00112c80        0x0 /home/maximus/CodeSourcery/Sourcery_G++_Lite/bin/../lib/gcc/arm-none-eabi/4.5.2/thumb/libgcc.a(_udivdi3.o)
                                  0x8 (size before relaxing)

.vfp11_veneer   0x00112c80        0x0
 .vfp11_veneer  0x00000000        0x0 linker stubs

.v4_bx          0x00112c80        0x0
 .v4_bx         0x00000000        0x0 linker stubs

.data           0x00200000      0x910 load address 0x00112c80
                0x00200000                __data_beg__ = .
                0x00112c78                __data_beg_src__ = __end_of_text__
 *(.data)
 .data          0x00200000        0x4 obj/portISR.o
                0x00200000                ulCriticalNesting
 .data          0x00200004        0x0 obj/my_isr.o
 .data          0x00200004        0x0 obj/Cstartup_SAM7.o
 .data          0x00200004        0x0 obj/main.o
 .data          0x00200004        0x0 obj/ParTest.o
 .data          0x00200004        0x0 obj/BlockQ.o
 .data          0x00200004        0x0 obj/blocktim.o
 .data          0x00200004        0x0 obj/flash.o
 .data          0x00200004        0x0 obj/integer.o
 .data          0x00200004        0x0 obj/GenQTest.o
 .data          0x00200004        0x0 obj/QPeek.o
 .data          0x00200004        0x0 obj/dynamic.o
 .data          0x00200004        0x0 obj/list.o
 .data          0x00200004        0x0 obj/queue.o
 .data          0x00200004        0x4 obj/tasks.o
 .data          0x00200008        0x0 obj/port.o
 .data          0x00200008        0x4 obj/heap_2.o
 .data          0x0020000c        0x0 obj/syscalls.o
 .data          0x0020000c        0x0 obj/twi.o
 .data          0x0020000c        0x0 obj/pio.o
 .data          0x0020000c        0x0 obj/pio_config.o
 .data          0x0020000c        0x0 obj/aic.o
 .data          0x0020000c        0x0 obj/tc.o
 .data          0x0020000c        0x0 obj/pit.o
 .data          0x0020000c        0x0 obj/can.o
 .data          0x0020000c        0x0 obj/pwmc.o
 .data          0x0020000c        0x0 obj/math.o
 .data          0x0020000c        0x0 obj/spi.o
 .data          0x0020000c        0x0 obj/mezonin.o
 .data          0x0020000c       0x40 obj/MSO_functions.o
                0x0020000c                TIMERS
 .data          0x0020004c        0x0 /tmp/ccppJ63k.o
 .data          0x0020004c        0x0 /home/maximus/CodeSourcery/Sourcery_G++_Lite/bin/../lib/gcc/arm-none-eabi/4.5.2/thumb/libgcc.a(_udivsi3.o)
 .data          0x0020004c        0x0 /home/maximus/CodeSourcery/Sourcery_G++_Lite/bin/../lib/gcc/arm-none-eabi/4.5.2/thumb/libgcc.a(_divsi3.o)
 .data          0x0020004c        0x0 /home/maximus/CodeSourcery/Sourcery_G++_Lite/bin/../lib/gcc/arm-none-eabi/4.5.2/thumb/libgcc.a(_dvmd_tls.o)
 .data          0x0020004c        0x0 /home/maximus/CodeSourcery/Sourcery_G++_Lite/bin/../lib/gcc/arm-none-eabi/4.5.2/thumb/libgcc.a(_arm_addsubdf3.o)
 .data          0x0020004c        0x0 /home/maximus/CodeSourcery/Sourcery_G++_Lite/bin/../lib/gcc/arm-none-eabi/4.5.2/thumb/libgcc.a(_arm_muldivdf3.o)
 .data          0x0020004c        0x0 /home/maximus/CodeSourcery/Sourcery_G++_Lite/bin/../lib/gcc/arm-none-eabi/4.5.2/thumb/libgcc.a(_arm_fixunsdfsi.o)
 .data          0x0020004c        0x0 /home/maximus/CodeSourcery/Sourcery_G++_Lite/bin/../lib/gcc/arm-none-eabi/4.5.2/thumb/libgcc.a(_arm_addsubsf3.o)
 .data          0x0020004c        0x0 /home/maximus/CodeSourcery/Sourcery_G++_Lite/bin/../lib/gcc/arm-none-eabi/4.5.2/thumb/libgcc.a(_arm_muldivsf3.o)
 .data          0x0020004c        0x0 /home/maximus/CodeSourcery/Sourcery_G++_Lite/bin/../lib/gcc/arm-none-eabi/4.5.2/thumb/libgcc.a(_arm_cmpsf2.o)
 .data          0x0020004c        0x0 /home/maximus/CodeSourcery/Sourcery_G++_Lite/bin/../lib/gcc/arm-none-eabi/4.5.2/thumb/libgcc.a(_arm_fixunssfsi.o)
 .data          0x0020004c        0x0 /home/maximus/CodeSourcery/Sourcery_G++_Lite/bin/../lib/gcc/arm-none-eabi/4.5.2/../../../../arm-none-eabi/lib/thumb/libc.a(lib_a-errno.o)
 *fill*         0x0020004c        0x4 00
 .data          0x00200050      0x430 /home/maximus/CodeSourcery/Sourcery_G++_Lite/bin/../lib/gcc/arm-none-eabi/4.5.2/../../../../arm-none-eabi/lib/thumb/libc.a(lib_a-impure.o)
                0x00200050                _impure_ptr
 .data          0x00200480        0x0 /home/maximus/CodeSourcery/Sourcery_G++_Lite/bin/../lib/gcc/arm-none-eabi/4.5.2/../../../../arm-none-eabi/lib/thumb/libc.a(lib_a-memcpy.o)
 .data          0x00200480        0x0 /home/maximus/CodeSourcery/Sourcery_G++_Lite/bin/../lib/gcc/arm-none-eabi/4.5.2/../../../../arm-none-eabi/lib/thumb/libc.a(lib_a-memset.o)
 .data          0x00200480        0x0 /home/maximus/CodeSourcery/Sourcery_G++_Lite/bin/../lib/gcc/arm-none-eabi/4.5.2/../../../../arm-none-eabi/lib/thumb/libc.a(lib_a-printf.o)
 .data          0x00200480        0x0 /home/maximus/CodeSourcery/Sourcery_G++_Lite/bin/../lib/gcc/arm-none-eabi/4.5.2/../../../../arm-none-eabi/lib/thumb/libc.a(lib_a-sprintf.o)
 .data          0x00200480        0x0 /home/maximus/CodeSourcery/Sourcery_G++_Lite/bin/../lib/gcc/arm-none-eabi/4.5.2/../../../../arm-none-eabi/lib/thumb/libc.a(lib_a-strcat.o)
 .data          0x00200480        0x0 /home/maximus/CodeSourcery/Sourcery_G++_Lite/bin/../lib/gcc/arm-none-eabi/4.5.2/../../../../arm-none-eabi/lib/thumb/libc.a(lib_a-strcpy.o)
 .data          0x00200480        0x0 /home/maximus/CodeSourcery/Sourcery_G++_Lite/bin/../lib/gcc/arm-none-eabi/4.5.2/../../../../arm-none-eabi/lib/thumb/libc.a(lib_a-strlen.o)
 .data          0x00200480        0x0 /home/maximus/CodeSourcery/Sourcery_G++_Lite/bin/../lib/gcc/arm-none-eabi/4.5.2/../../../../arm-none-eabi/lib/thumb/libc.a(lib_a-strncpy.o)
 .data          0x00200480        0x0 /home/maximus/CodeSourcery/Sourcery_G++_Lite/bin/../lib/gcc/arm-none-eabi/4.5.2/../../../../arm-none-eabi/lib/thumb/libc.a(lib_a-svfprintf.o)
 .data          0x00200480        0x0 /home/maximus/CodeSourcery/Sourcery_G++_Lite/bin/../lib/gcc/arm-none-eabi/4.5.2/../../../../arm-none-eabi/lib/thumb/libc.a(lib_a-vfprintf.o)
 .data          0x00200480        0x0 /home/maximus/CodeSourcery/Sourcery_G++_Lite/bin/../lib/gcc/arm-none-eabi/4.5.2/../../../../arm-none-eabi/lib/thumb/libc.a(lib_a-wsetup.o)
 .data          0x00200480        0x0 /home/maximus/CodeSourcery/Sourcery_G++_Lite/bin/../lib/gcc/arm-none-eabi/4.5.2/../../../../arm-none-eabi/lib/thumb/libc.a(lib_a-dtoa.o)
 .data          0x00200480        0x0 /home/maximus/CodeSourcery/Sourcery_G++_Lite/bin/../lib/gcc/arm-none-eabi/4.5.2/../../../../arm-none-eabi/lib/thumb/libc.a(lib_a-fflush.o)
 .data          0x00200480        0x0 /home/maximus/CodeSourcery/Sourcery_G++_Lite/bin/../lib/gcc/arm-none-eabi/4.5.2/../../../../arm-none-eabi/lib/thumb/libc.a(lib_a-findfp.o)
 .data          0x00200480        0x0 /home/maximus/CodeSourcery/Sourcery_G++_Lite/bin/../lib/gcc/arm-none-eabi/4.5.2/../../../../arm-none-eabi/lib/thumb/libc.a(lib_a-freer.o)
 .data          0x00200480        0x0 /home/maximus/CodeSourcery/Sourcery_G++_Lite/bin/../lib/gcc/arm-none-eabi/4.5.2/../../../../arm-none-eabi/lib/thumb/libc.a(lib_a-fwalk.o)
 .data          0x00200480       0x7c /home/maximus/CodeSourcery/Sourcery_G++_Lite/bin/../lib/gcc/arm-none-eabi/4.5.2/../../../../arm-none-eabi/lib/thumb/libc.a(lib_a-locale.o)
                0x002004a0                __mb_cur_max
 .data          0x002004fc        0x0 /home/maximus/CodeSourcery/Sourcery_G++_Lite/bin/../lib/gcc/arm-none-eabi/4.5.2/../../../../arm-none-eabi/lib/thumb/libc.a(lib_a-makebuf.o)
 .data          0x002004fc      0x410 /home/maximus/CodeSourcery/Sourcery_G++_Lite/bin/../lib/gcc/arm-none-eabi/4.5.2/../../../../arm-none-eabi/lib/thumb/libc.a(lib_a-mallocr.o)
                0x002004fc                __malloc_av_
                0x00200904                __malloc_sbrk_base
                0x00200908                __malloc_trim_threshold
 .data          0x0020090c        0x0 /home/maximus/CodeSourcery/Sourcery_G++_Lite/bin/../lib/gcc/arm-none-eabi/4.5.2/../../../../arm-none-eabi/lib/thumb/libc.a(lib_a-memchr.o)
 .data          0x0020090c        0x0 /home/maximus/CodeSourcery/Sourcery_G++_Lite/bin/../lib/gcc/arm-none-eabi/4.5.2/../../../../arm-none-eabi/lib/thumb/libc.a(lib_a-mlock.o)
 .data          0x0020090c        0x0 /home/maximus/CodeSourcery/Sourcery_G++_Lite/bin/../lib/gcc/arm-none-eabi/4.5.2/../../../../arm-none-eabi/lib/thumb/libc.a(lib_a-mprec.o)
 .data          0x0020090c        0x0 /home/maximus/CodeSourcery/Sourcery_G++_Lite/bin/../lib/gcc/arm-none-eabi/4.5.2/../../../../arm-none-eabi/lib/thumb/libc.a(lib_a-s_fpclassify.o)
 .data          0x0020090c        0x0 /home/maximus/CodeSourcery/Sourcery_G++_Lite/bin/../lib/gcc/arm-none-eabi/4.5.2/../../../../arm-none-eabi/lib/thumb/libc.a(lib_a-stdio.o)
 .data          0x0020090c        0x0 /home/maximus/CodeSourcery/Sourcery_G++_Lite/bin/../lib/gcc/arm-none-eabi/4.5.2/../../../../arm-none-eabi/lib/thumb/libc.a(lib_a-strcmp.o)
 .data          0x0020090c        0x0 /home/maximus/CodeSourcery/Sourcery_G++_Lite/bin/../lib/gcc/arm-none-eabi/4.5.2/../../../../arm-none-eabi/lib/thumb/libc.a(lib_a-svfiprintf.o)
 .data          0x0020090c        0x0 /home/maximus/CodeSourcery/Sourcery_G++_Lite/bin/../lib/gcc/arm-none-eabi/4.5.2/../../../../arm-none-eabi/lib/thumb/libc.a(lib_a-vfiprintf.o)
 .data          0x0020090c        0x0 /home/maximus/CodeSourcery/Sourcery_G++_Lite/bin/../lib/gcc/arm-none-eabi/4.5.2/../../../../arm-none-eabi/lib/thumb/libc.a(lib_a-callocr.o)
 .data          0x0020090c        0x0 /home/maximus/CodeSourcery/Sourcery_G++_Lite/bin/../lib/gcc/arm-none-eabi/4.5.2/../../../../arm-none-eabi/lib/thumb/libc.a(lib_a-fclose.o)
 .data          0x0020090c        0x0 /home/maximus/CodeSourcery/Sourcery_G++_Lite/bin/../lib/gcc/arm-none-eabi/4.5.2/../../../../arm-none-eabi/lib/thumb/libc.a(lib_a-fputwc.o)
 .data          0x0020090c        0x0 /home/maximus/CodeSourcery/Sourcery_G++_Lite/bin/../lib/gcc/arm-none-eabi/4.5.2/../../../../arm-none-eabi/lib/thumb/libc.a(lib_a-fvwrite.o)
 .data          0x0020090c        0x0 /home/maximus/CodeSourcery/Sourcery_G++_Lite/bin/../lib/gcc/arm-none-eabi/4.5.2/../../../../arm-none-eabi/lib/thumb/libc.a(lib_a-memmove.o)
 .data          0x0020090c        0x0 /home/maximus/CodeSourcery/Sourcery_G++_Lite/bin/../lib/gcc/arm-none-eabi/4.5.2/../../../../arm-none-eabi/lib/thumb/libc.a(lib_a-reallocr.o)
 .data          0x0020090c        0x0 /home/maximus/CodeSourcery/Sourcery_G++_Lite/bin/../lib/gcc/arm-none-eabi/4.5.2/../../../../arm-none-eabi/lib/thumb/libc.a(lib_a-wbuf.o)
 .data          0x0020090c        0x0 /home/maximus/CodeSourcery/Sourcery_G++_Lite/bin/../lib/gcc/arm-none-eabi/4.5.2/../../../../arm-none-eabi/lib/thumb/libc.a(lib_a-wcrtomb.o)
 .data          0x0020090c        0x4 /home/maximus/CodeSourcery/Sourcery_G++_Lite/bin/../lib/gcc/arm-none-eabi/4.5.2/../../../../arm-none-eabi/lib/thumb/libc.a(lib_a-wctomb_r.o)
                0x0020090c                __wctomb
 .data          0x00200910        0x0 /home/maximus/CodeSourcery/Sourcery_G++_Lite/bin/../lib/gcc/arm-none-eabi/4.5.2/thumb/libgcc.a(_arm_cmpdf2.o)
 .data          0x00200910        0x0 /home/maximus/CodeSourcery/Sourcery_G++_Lite/bin/../lib/gcc/arm-none-eabi/4.5.2/thumb/libgcc.a(_arm_fixdfsi.o)
 .data          0x00200910        0x0 /home/maximus/CodeSourcery/Sourcery_G++_Lite/bin/../lib/gcc/arm-none-eabi/4.5.2/thumb/libgcc.a(_aeabi_uldivmod.o)
 .data          0x00200910        0x0 /home/maximus/CodeSourcery/Sourcery_G++_Lite/bin/../lib/gcc/arm-none-eabi/4.5.2/thumb/libgcc.a(bpabi.o)
 .data          0x00200910        0x0 /home/maximus/CodeSourcery/Sourcery_G++_Lite/bin/../lib/gcc/arm-none-eabi/4.5.2/thumb/libgcc.a(_muldi3.o)
 .data          0x00200910        0x0 /home/maximus/CodeSourcery/Sourcery_G++_Lite/bin/../lib/gcc/arm-none-eabi/4.5.2/thumb/libgcc.a(_divdi3.o)
 .data          0x00200910        0x0 /home/maximus/CodeSourcery/Sourcery_G++_Lite/bin/../lib/gcc/arm-none-eabi/4.5.2/thumb/libgcc.a(_udivdi3.o)
 .data          0x00200910        0x0 /home/maximus/CodeSourcery/Sourcery_G++_Lite/bin/../lib/gcc/arm-none-eabi/4.5.2/thumb/libgcc.a(_clzsi2.o)
                0x00200910                __data_end__ = .

.bss            0x00200910     0x6f3c load address 0x00113590
                0x00200910                __bss_beg__ = .
 *(.bss)
 .bss           0x00200910        0x4 obj/portISR.o
                0x00200910                zzz
 .bss           0x00200914        0x0 obj/my_isr.o
 .bss           0x00200914        0x0 obj/Cstartup_SAM7.o
 .bss           0x00200914       0x14 obj/main.o
                0x00200914                Cur_SPI_RDR_value
                0x00200918                TY_state
                0x0020091c                Prev_SPI_RDR_value
                0x00200924                c
 .bss           0x00200928        0x0 obj/ParTest.o
 .bss           0x00200928       0x20 obj/BlockQ.o
 .bss           0x00200948       0x20 obj/blocktim.o
 .bss           0x00200968        0x4 obj/flash.o
 .bss           0x0020096c        0x4 obj/integer.o
 .bss           0x00200970       0x20 obj/GenQTest.o
 .bss           0x00200990        0xc obj/QPeek.o
 .bss           0x0020099c       0x24 obj/dynamic.o
 .bss           0x002009c0        0x0 obj/list.o
 .bss           0x002009c0        0x0 obj/queue.o
 .bss           0x002009c0      0x114 obj/tasks.o
                0x002009c4                pxCurrentTCB
 .bss           0x00200ad4        0x0 obj/port.o
 *fill*         0x00200ad4        0x4 00
 .bss           0x00200ad8     0x6018 obj/heap_2.o
 .bss           0x00206af0        0x4 obj/syscalls.o
 .bss           0x00206af4        0x0 obj/twi.o
 .bss           0x00206af4        0x0 obj/pio.o
 .bss           0x00206af4        0x0 obj/pio_config.o
 .bss           0x00206af4        0x0 obj/aic.o
 .bss           0x00206af4        0x0 obj/tc.o
 .bss           0x00206af4        0x0 obj/pit.o
 .bss           0x00206af4        0x8 obj/can.o
 .bss           0x00206afc        0x0 obj/pwmc.o
 .bss           0x00206afc        0x0 obj/math.o
 .bss           0x00206afc        0x0 obj/spi.o
 .bss           0x00206afc        0x0 obj/mezonin.o
 .bss           0x00206afc        0x0 obj/MSO_functions.o
 .bss           0x00206afc        0x0 /tmp/ccppJ63k.o
 .bss           0x00206afc        0x0 /home/maximus/CodeSourcery/Sourcery_G++_Lite/bin/../lib/gcc/arm-none-eabi/4.5.2/thumb/libgcc.a(_udivsi3.o)
 .bss           0x00206afc        0x0 /home/maximus/CodeSourcery/Sourcery_G++_Lite/bin/../lib/gcc/arm-none-eabi/4.5.2/thumb/libgcc.a(_divsi3.o)
 .bss           0x00206afc        0x0 /home/maximus/CodeSourcery/Sourcery_G++_Lite/bin/../lib/gcc/arm-none-eabi/4.5.2/thumb/libgcc.a(_dvmd_tls.o)
 .bss           0x00206afc        0x0 /home/maximus/CodeSourcery/Sourcery_G++_Lite/bin/../lib/gcc/arm-none-eabi/4.5.2/thumb/libgcc.a(_arm_addsubdf3.o)
 .bss           0x00206afc        0x0 /home/maximus/CodeSourcery/Sourcery_G++_Lite/bin/../lib/gcc/arm-none-eabi/4.5.2/thumb/libgcc.a(_arm_muldivdf3.o)
 .bss           0x00206afc        0x0 /home/maximus/CodeSourcery/Sourcery_G++_Lite/bin/../lib/gcc/arm-none-eabi/4.5.2/thumb/libgcc.a(_arm_fixunsdfsi.o)
 .bss           0x00206afc        0x0 /home/maximus/CodeSourcery/Sourcery_G++_Lite/bin/../lib/gcc/arm-none-eabi/4.5.2/thumb/libgcc.a(_arm_addsubsf3.o)
 .bss           0x00206afc        0x0 /home/maximus/CodeSourcery/Sourcery_G++_Lite/bin/../lib/gcc/arm-none-eabi/4.5.2/thumb/libgcc.a(_arm_muldivsf3.o)
 .bss           0x00206afc        0x0 /home/maximus/CodeSourcery/Sourcery_G++_Lite/bin/../lib/gcc/arm-none-eabi/4.5.2/thumb/libgcc.a(_arm_cmpsf2.o)
 .bss           0x00206afc        0x0 /home/maximus/CodeSourcery/Sourcery_G++_Lite/bin/../lib/gcc/arm-none-eabi/4.5.2/thumb/libgcc.a(_arm_fixunssfsi.o)
 .bss           0x00206afc        0x0 /home/maximus/CodeSourcery/Sourcery_G++_Lite/bin/../lib/gcc/arm-none-eabi/4.5.2/../../../../arm-none-eabi/lib/thumb/libc.a(lib_a-errno.o)
 .bss           0x00206afc        0x0 /home/maximus/CodeSourcery/Sourcery_G++_Lite/bin/../lib/gcc/arm-none-eabi/4.5.2/../../../../arm-none-eabi/lib/thumb/libc.a(lib_a-impure.o)
 .bss           0x00206afc        0x0 /home/maximus/CodeSourcery/Sourcery_G++_Lite/bin/../lib/gcc/arm-none-eabi/4.5.2/../../../../arm-none-eabi/lib/thumb/libc.a(lib_a-memcpy.o)
 .bss           0x00206afc        0x0 /home/maximus/CodeSourcery/Sourcery_G++_Lite/bin/../lib/gcc/arm-none-eabi/4.5.2/../../../../arm-none-eabi/lib/thumb/libc.a(lib_a-memset.o)
 .bss           0x00206afc        0x0 /home/maximus/CodeSourcery/Sourcery_G++_Lite/bin/../lib/gcc/arm-none-eabi/4.5.2/../../../../arm-none-eabi/lib/thumb/libc.a(lib_a-printf.o)
 .bss           0x00206afc        0x0 /home/maximus/CodeSourcery/Sourcery_G++_Lite/bin/../lib/gcc/arm-none-eabi/4.5.2/../../../../arm-none-eabi/lib/thumb/libc.a(lib_a-sprintf.o)
 .bss           0x00206afc        0x0 /home/maximus/CodeSourcery/Sourcery_G++_Lite/bin/../lib/gcc/arm-none-eabi/4.5.2/../../../../arm-none-eabi/lib/thumb/libc.a(lib_a-strcat.o)
 .bss           0x00206afc        0x0 /home/maximus/CodeSourcery/Sourcery_G++_Lite/bin/../lib/gcc/arm-none-eabi/4.5.2/../../../../arm-none-eabi/lib/thumb/libc.a(lib_a-strcpy.o)
 .bss           0x00206afc        0x0 /home/maximus/CodeSourcery/Sourcery_G++_Lite/bin/../lib/gcc/arm-none-eabi/4.5.2/../../../../arm-none-eabi/lib/thumb/libc.a(lib_a-strlen.o)
 .bss           0x00206afc        0x0 /home/maximus/CodeSourcery/Sourcery_G++_Lite/bin/../lib/gcc/arm-none-eabi/4.5.2/../../../../arm-none-eabi/lib/thumb/libc.a(lib_a-strncpy.o)
 .bss           0x00206afc        0x0 /home/maximus/CodeSourcery/Sourcery_G++_Lite/bin/../lib/gcc/arm-none-eabi/4.5.2/../../../../arm-none-eabi/lib/thumb/libc.a(lib_a-svfprintf.o)
 .bss           0x00206afc        0x0 /home/maximus/CodeSourcery/Sourcery_G++_Lite/bin/../lib/gcc/arm-none-eabi/4.5.2/../../../../arm-none-eabi/lib/thumb/libc.a(lib_a-vfprintf.o)
 .bss           0x00206afc        0x0 /home/maximus/CodeSourcery/Sourcery_G++_Lite/bin/../lib/gcc/arm-none-eabi/4.5.2/../../../../arm-none-eabi/lib/thumb/libc.a(lib_a-wsetup.o)
 .bss           0x00206afc        0x0 /home/maximus/CodeSourcery/Sourcery_G++_Lite/bin/../lib/gcc/arm-none-eabi/4.5.2/../../../../arm-none-eabi/lib/thumb/libc.a(lib_a-dtoa.o)
 .bss           0x00206afc        0x0 /home/maximus/CodeSourcery/Sourcery_G++_Lite/bin/../lib/gcc/arm-none-eabi/4.5.2/../../../../arm-none-eabi/lib/thumb/libc.a(lib_a-fflush.o)
 .bss           0x00206afc        0x0 /home/maximus/CodeSourcery/Sourcery_G++_Lite/bin/../lib/gcc/arm-none-eabi/4.5.2/../../../../arm-none-eabi/lib/thumb/libc.a(lib_a-findfp.o)
 .bss           0x00206afc        0x0 /home/maximus/CodeSourcery/Sourcery_G++_Lite/bin/../lib/gcc/arm-none-eabi/4.5.2/../../../../arm-none-eabi/lib/thumb/libc.a(lib_a-freer.o)
 .bss           0x00206afc        0x0 /home/maximus/CodeSourcery/Sourcery_G++_Lite/bin/../lib/gcc/arm-none-eabi/4.5.2/../../../../arm-none-eabi/lib/thumb/libc.a(lib_a-fwalk.o)
 .bss           0x00206afc        0xc /home/maximus/CodeSourcery/Sourcery_G++_Lite/bin/../lib/gcc/arm-none-eabi/4.5.2/../../../../arm-none-eabi/lib/thumb/libc.a(lib_a-locale.o)
                0x00206afc                __nlocale_changed
                0x00206b00                __mlocale_changed
                0x00206b04                _PathLocale
 .bss           0x00206b08        0x0 /home/maximus/CodeSourcery/Sourcery_G++_Lite/bin/../lib/gcc/arm-none-eabi/4.5.2/../../../../arm-none-eabi/lib/thumb/libc.a(lib_a-makebuf.o)
 .bss           0x00206b08       0x34 /home/maximus/CodeSourcery/Sourcery_G++_Lite/bin/../lib/gcc/arm-none-eabi/4.5.2/../../../../arm-none-eabi/lib/thumb/libc.a(lib_a-mallocr.o)
                0x00206b08                __malloc_top_pad
                0x00206b0c                __malloc_current_mallinfo
                0x00206b34                __malloc_max_sbrked_mem
                0x00206b38                __malloc_max_total_mem
 .bss           0x00206b3c        0x0 /home/maximus/CodeSourcery/Sourcery_G++_Lite/bin/../lib/gcc/arm-none-eabi/4.5.2/../../../../arm-none-eabi/lib/thumb/libc.a(lib_a-memchr.o)
 .bss           0x00206b3c        0x0 /home/maximus/CodeSourcery/Sourcery_G++_Lite/bin/../lib/gcc/arm-none-eabi/4.5.2/../../../../arm-none-eabi/lib/thumb/libc.a(lib_a-mlock.o)
 .bss           0x00206b3c        0x0 /home/maximus/CodeSourcery/Sourcery_G++_Lite/bin/../lib/gcc/arm-none-eabi/4.5.2/../../../../arm-none-eabi/lib/thumb/libc.a(lib_a-mprec.o)
 .bss           0x00206b3c        0x0 /home/maximus/CodeSourcery/Sourcery_G++_Lite/bin/../lib/gcc/arm-none-eabi/4.5.2/../../../../arm-none-eabi/lib/thumb/libc.a(lib_a-s_fpclassify.o)
 .bss           0x00206b3c        0x0 /home/maximus/CodeSourcery/Sourcery_G++_Lite/bin/../lib/gcc/arm-none-eabi/4.5.2/../../../../arm-none-eabi/lib/thumb/libc.a(lib_a-stdio.o)
 .bss           0x00206b3c        0x0 /home/maximus/CodeSourcery/Sourcery_G++_Lite/bin/../lib/gcc/arm-none-eabi/4.5.2/../../../../arm-none-eabi/lib/thumb/libc.a(lib_a-strcmp.o)
 .bss           0x00206b3c        0x0 /home/maximus/CodeSourcery/Sourcery_G++_Lite/bin/../lib/gcc/arm-none-eabi/4.5.2/../../../../arm-none-eabi/lib/thumb/libc.a(lib_a-svfiprintf.o)
 .bss           0x00206b3c        0x0 /home/maximus/CodeSourcery/Sourcery_G++_Lite/bin/../lib/gcc/arm-none-eabi/4.5.2/../../../../arm-none-eabi/lib/thumb/libc.a(lib_a-vfiprintf.o)
 .bss           0x00206b3c        0x0 /home/maximus/CodeSourcery/Sourcery_G++_Lite/bin/../lib/gcc/arm-none-eabi/4.5.2/../../../../arm-none-eabi/lib/thumb/libc.a(lib_a-callocr.o)
 .bss           0x00206b3c        0x0 /home/maximus/CodeSourcery/Sourcery_G++_Lite/bin/../lib/gcc/arm-none-eabi/4.5.2/../../../../arm-none-eabi/lib/thumb/libc.a(lib_a-fclose.o)
 .bss           0x00206b3c        0x0 /home/maximus/CodeSourcery/Sourcery_G++_Lite/bin/../lib/gcc/arm-none-eabi/4.5.2/../../../../arm-none-eabi/lib/thumb/libc.a(lib_a-fputwc.o)
 .bss           0x00206b3c        0x0 /home/maximus/CodeSourcery/Sourcery_G++_Lite/bin/../lib/gcc/arm-none-eabi/4.5.2/../../../../arm-none-eabi/lib/thumb/libc.a(lib_a-fvwrite.o)
 .bss           0x00206b3c        0x0 /home/maximus/CodeSourcery/Sourcery_G++_Lite/bin/../lib/gcc/arm-none-eabi/4.5.2/../../../../arm-none-eabi/lib/thumb/libc.a(lib_a-memmove.o)
 .bss           0x00206b3c        0x0 /home/maximus/CodeSourcery/Sourcery_G++_Lite/bin/../lib/gcc/arm-none-eabi/4.5.2/../../../../arm-none-eabi/lib/thumb/libc.a(lib_a-reallocr.o)
 .bss           0x00206b3c        0x0 /home/maximus/CodeSourcery/Sourcery_G++_Lite/bin/../lib/gcc/arm-none-eabi/4.5.2/../../../../arm-none-eabi/lib/thumb/libc.a(lib_a-wbuf.o)
 .bss           0x00206b3c        0x0 /home/maximus/CodeSourcery/Sourcery_G++_Lite/bin/../lib/gcc/arm-none-eabi/4.5.2/../../../../arm-none-eabi/lib/thumb/libc.a(lib_a-wcrtomb.o)
 .bss           0x00206b3c        0x0 /home/maximus/CodeSourcery/Sourcery_G++_Lite/bin/../lib/gcc/arm-none-eabi/4.5.2/../../../../arm-none-eabi/lib/thumb/libc.a(lib_a-wctomb_r.o)
 .bss           0x00206b3c        0x0 /home/maximus/CodeSourcery/Sourcery_G++_Lite/bin/../lib/gcc/arm-none-eabi/4.5.2/thumb/libgcc.a(_arm_cmpdf2.o)
 .bss           0x00206b3c        0x0 /home/maximus/CodeSourcery/Sourcery_G++_Lite/bin/../lib/gcc/arm-none-eabi/4.5.2/thumb/libgcc.a(_arm_fixdfsi.o)
 .bss           0x00206b3c        0x0 /home/maximus/CodeSourcery/Sourcery_G++_Lite/bin/../lib/gcc/arm-none-eabi/4.5.2/thumb/libgcc.a(_aeabi_uldivmod.o)
 .bss           0x00206b3c        0x0 /home/maximus/CodeSourcery/Sourcery_G++_Lite/bin/../lib/gcc/arm-none-eabi/4.5.2/thumb/libgcc.a(bpabi.o)
 .bss           0x00206b3c        0x0 /home/maximus/CodeSourcery/Sourcery_G++_Lite/bin/../lib/gcc/arm-none-eabi/4.5.2/thumb/libgcc.a(_muldi3.o)
 .bss           0x00206b3c        0x0 /home/maximus/CodeSourcery/Sourcery_G++_Lite/bin/../lib/gcc/arm-none-eabi/4.5.2/thumb/libgcc.a(_divdi3.o)
 .bss           0x00206b3c        0x0 /home/maximus/CodeSourcery/Sourcery_G++_Lite/bin/../lib/gcc/arm-none-eabi/4.5.2/thumb/libgcc.a(_udivdi3.o)
 .bss           0x00206b3c        0x0 /home/maximus/CodeSourcery/Sourcery_G++_Lite/bin/../lib/gcc/arm-none-eabi/4.5.2/thumb/libgcc.a(_clzsi2.o)
 COMMON         0x00206b3c      0xbf5 obj/main.o
                0x00206b3c                canTransfer_new1
                0x00206b60                xCanQueue
                0x00206b64                canTransfer0
                0x00206b88                xTWISemaphore
                0x00206b8c                Mezonin_TU
                0x00206cac                xMezHandle
                0x00206cb0                Mezonin_TT
                0x00207290                xMezTUQueue
                0x00207294                xMezQueue
                0x00207298                canTransfer1
                0x002072bc                mezonin_my
                0x0020749c                tt
                0x0020762c                canTransfer_new0
                0x00207650                Mezonin_TC
                0x00207730                MSO_Addres
 *fill*         0x00207731        0x3 00
 COMMON         0x00207734        0xc obj/QPeek.o
                0x00207734                xHighPriorityTask
                0x00207738                xMediumPriorityTask
                0x0020773c                xHighestPriorityTask
 COMMON         0x00207740        0x4 obj/dynamic.o
                0x00207740                xSuspendedTestQueue
 COMMON         0x00207744       0x10 obj/can.o
                0x00207744                Actual_Message
 COMMON         0x00207754       0x64 obj/mezonin.o
                0x00207754                Min20
                0x00207758                Max20
                0x0020775c                overflow
                0x0020776c                flag_calib
                0x00207770                Max100
                0x00207774                VVV
                0x002077b4                Min100
 COMMON         0x002077b8       0x94 obj/MSO_functions.o
                0x002077b8                timer_10
                0x002077c0                timer_3
                0x002077c8                timer_8
                0x002077d0                timer_2
                0x002077d8                timer_14
                0x002077e0                timer_12
                0x002077e8                timer_4
                0x002077f0                timer_5
                0x002077f8                timer_1
                0x00207800                timer_15
                0x00207808                timer_9
                0x00207810                timer_11
                0x00207818                timer_0
                0x00207820                timer_6
                0x00207828                timer_13
                0x00207830                TWI_packet
                0x00207844                timer_7
                0x0020784c                . = ALIGN (0x4)

.eh_frame
 *(.eh_frame)
                0x0020784c                . = ALIGN (0x4)
                0x0020784c                . = ALIGN (0x4)
                0x0020784c                _end = .
                0x0020784c                _bss_end__ = .
                0x0020784c                __bss_end__ = .
                0x0020784c                __end__ = .
                0x0020784c                PROVIDE (end, .)
OUTPUT(bin/RTOS_Kernel.elf elf32-littlearm)

.debug_abbrev   0x00000000     0x2ba2
 .debug_abbrev  0x00000000      0x11c obj/portISR.o
 .debug_abbrev  0x0000011c       0xd0 obj/my_isr.o
 .debug_abbrev  0x000001ec       0x90 obj/Cstartup_SAM7.o
 .debug_abbrev  0x0000027c      0x304 obj/main.o
 .debug_abbrev  0x00000580       0xf2 obj/ParTest.o
 .debug_abbrev  0x00000672      0x133 obj/BlockQ.o
 .debug_abbrev  0x000007a5       0xf7 obj/blocktim.o
 .debug_abbrev  0x0000089c       0x9e obj/flash.o
 .debug_abbrev  0x0000093a       0xd2 obj/integer.o
 .debug_abbrev  0x00000a0c       0xf9 obj/GenQTest.o
 .debug_abbrev  0x00000b05      0x11b obj/QPeek.o
 .debug_abbrev  0x00000c20      0x122 obj/dynamic.o
 .debug_abbrev  0x00000d42       0xeb obj/list.o
 .debug_abbrev  0x00000e2d      0x225 obj/queue.o
 .debug_abbrev  0x00001052      0x310 obj/tasks.o
 .debug_abbrev  0x00001362      0x154 obj/port.o
 .debug_abbrev  0x000014b6      0x178 obj/heap_2.o
 .debug_abbrev  0x0000162e      0x208 obj/syscalls.o
 .debug_abbrev  0x00001836      0x1ad obj/twi.o
 .debug_abbrev  0x000019e3      0x1e1 obj/pio.o
 .debug_abbrev  0x00001bc4       0xb6 obj/pio_config.o
 .debug_abbrev  0x00001c7a       0xc5 obj/aic.o
 .debug_abbrev  0x00001d3f       0xfd obj/tc.o
 .debug_abbrev  0x00001e3c       0xbb obj/pit.o
 .debug_abbrev  0x00001ef7      0x2f5 obj/can.o
 .debug_abbrev  0x000021ec      0x181 obj/pwmc.o
 .debug_abbrev  0x0000236d       0xa0 obj/math.o
 .debug_abbrev  0x0000240d      0x14a obj/spi.o
 .debug_abbrev  0x00002557      0x340 obj/mezonin.o
 .debug_abbrev  0x00002897      0x2f9 obj/MSO_functions.o
 .debug_abbrev  0x00002b90       0x12 /tmp/ccppJ63k.o

.debug_info     0x00000000     0xd94c
 .debug_info    0x00000000      0x41d obj/portISR.o
 .debug_info    0x0000041d      0x5ee obj/my_isr.o
 .debug_info    0x00000a0b      0x32f obj/Cstartup_SAM7.o
 .debug_info    0x00000d3a     0x1ff3 obj/main.o
 .debug_info    0x00002d2d      0x3ac obj/ParTest.o
 .debug_info    0x000030d9      0x2f4 obj/BlockQ.o
 .debug_info    0x000033cd      0x238 obj/blocktim.o
 .debug_info    0x00003605      0x12c obj/flash.o
 .debug_info    0x00003731      0x179 obj/integer.o
 .debug_info    0x000038aa      0x288 obj/GenQTest.o
 .debug_info    0x00003b32      0x297 obj/QPeek.o
 .debug_info    0x00003dc9      0x2f2 obj/dynamic.o
 .debug_info    0x000040bb      0x2a0 obj/list.o
 .debug_info    0x0000435b      0xade obj/queue.o
 .debug_info    0x00004e39     0x1583 obj/tasks.o
 .debug_info    0x000063bc      0x395 obj/port.o
 .debug_info    0x00006751      0x2b9 obj/heap_2.o
 .debug_info    0x00006a0a      0xd1c obj/syscalls.o
 .debug_info    0x00007726      0x7e1 obj/twi.o
 .debug_info    0x00007f07      0x75e obj/pio.o
 .debug_info    0x00008665      0x3dd obj/pio_config.o
 .debug_info    0x00008a42      0x271 obj/aic.o
 .debug_info    0x00008cb3      0x224 obj/tc.o
 .debug_info    0x00008ed7      0x189 obj/pit.o
 .debug_info    0x00009060      0xebf obj/can.o
 .debug_info    0x00009f1f      0x4b3 obj/pwmc.o
 .debug_info    0x0000a3d2       0xdb obj/math.o
 .debug_info    0x0000a4ad      0x7d1 obj/spi.o
 .debug_info    0x0000ac7e     0x1998 obj/mezonin.o
 .debug_info    0x0000c616     0x12e5 obj/MSO_functions.o
 .debug_info    0x0000d8fb       0x51 /tmp/ccppJ63k.o

.debug_line     0x00000000     0x3f65
 .debug_line    0x00000000       0xca obj/portISR.o
 .debug_line    0x000000ca       0xf6 obj/my_isr.o
 .debug_line    0x000001c0       0xcb obj/Cstartup_SAM7.o
 .debug_line    0x0000028b      0x6d4 obj/main.o
 .debug_line    0x0000095f       0xb7 obj/ParTest.o
 .debug_line    0x00000a16      0x1cd obj/BlockQ.o
 .debug_line    0x00000be3      0x1f6 obj/blocktim.o
 .debug_line    0x00000dd9      0x147 obj/flash.o
 .debug_line    0x00000f20       0xd9 obj/integer.o
 .debug_line    0x00000ff9      0x20c obj/GenQTest.o
 .debug_line    0x00001205      0x1bd obj/QPeek.o
 .debug_line    0x000013c2      0x1f0 obj/dynamic.o
 .debug_line    0x000015b2      0x14e obj/list.o
 .debug_line    0x00001700      0x592 obj/queue.o
 .debug_line    0x00001c92      0x737 obj/tasks.o
 .debug_line    0x000023c9      0x185 obj/port.o
 .debug_line    0x0000254e      0x138 obj/heap_2.o
 .debug_line    0x00002686      0x16b obj/syscalls.o
 .debug_line    0x000027f1      0x11e obj/twi.o
 .debug_line    0x0000290f      0x15f obj/pio.o
 .debug_line    0x00002a6e       0xbd obj/pio_config.o
 .debug_line    0x00002b2b       0xae obj/aic.o
 .debug_line    0x00002bd9       0xdd obj/tc.o
 .debug_line    0x00002cb6       0xce obj/pit.o
 .debug_line    0x00002d84      0x443 obj/can.o
 .debug_line    0x000031c7      0x12b obj/pwmc.o
 .debug_line    0x000032f2       0x54 obj/math.o
 .debug_line    0x00003346      0x10e obj/spi.o
 .debug_line    0x00003454      0x6ac obj/mezonin.o
 .debug_line    0x00003b00      0x3e8 obj/MSO_functions.o
 .debug_line    0x00003ee8       0x7d /tmp/ccppJ63k.o

.debug_pubnames
                0x00000000     0x17ce
 .debug_pubnames
                0x00000000       0xeb obj/portISR.o
 .debug_pubnames
                0x000000eb       0x88 obj/my_isr.o
 .debug_pubnames
                0x00000173       0x29 obj/Cstartup_SAM7.o
 .debug_pubnames
                0x0000019c      0x254 obj/main.o
 .debug_pubnames
                0x000003f0       0x75 obj/ParTest.o
 .debug_pubnames
                0x00000465       0x52 obj/BlockQ.o
 .debug_pubnames
                0x000004b7       0x53 obj/blocktim.o
 .debug_pubnames
                0x0000050a       0x2a obj/flash.o
 .debug_pubnames
                0x00000534       0x52 obj/integer.o
 .debug_pubnames
                0x00000586       0x54 obj/GenQTest.o
 .debug_pubnames
                0x000005da       0x95 obj/QPeek.o
 .debug_pubnames
                0x0000066f       0x72 obj/dynamic.o
 .debug_pubnames
                0x000006e1       0x71 obj/list.o
 .debug_pubnames
                0x00000752      0x190 obj/queue.o
 .debug_pubnames
                0x000008e2      0x2c8 obj/tasks.o
 .debug_pubnames
                0x00000baa       0x5a obj/port.o
 .debug_pubnames
                0x00000c04       0x64 obj/heap_2.o
 .debug_pubnames
                0x00000c68       0x7a obj/syscalls.o
 .debug_pubnames
                0x00000ce2      0x15c obj/twi.o
 .debug_pubnames
                0x00000e3e       0x75 obj/pio.o
 .debug_pubnames
                0x00000eb3       0xa6 obj/pio_config.o
 .debug_pubnames
                0x00000f59       0x49 obj/aic.o
 .debug_pubnames
                0x00000fa2       0x52 obj/tc.o
 .debug_pubnames
                0x00000ff4       0xa2 obj/pit.o
 .debug_pubnames
                0x00001096       0xe3 obj/can.o
 .debug_pubnames
                0x00001179       0xd0 obj/pwmc.o
 .debug_pubnames
                0x00001249       0x2c obj/math.o
 .debug_pubnames
                0x00001275       0xc1 obj/spi.o
 .debug_pubnames
                0x00001336      0x209 obj/mezonin.o
 .debug_pubnames
                0x0000153f      0x28f obj/MSO_functions.o

.debug_pubtypes
                0x00000000     0x1199
 .debug_pubtypes
                0x00000000       0x50 obj/portISR.o
 .debug_pubtypes
                0x00000050       0x4c obj/my_isr.o
 .debug_pubtypes
                0x0000009c       0x6c obj/Cstartup_SAM7.o
 .debug_pubtypes
                0x00000108      0x352 obj/main.o
 .debug_pubtypes
                0x0000045a       0x30 obj/ParTest.o
 .debug_pubtypes
                0x0000048a       0x6f obj/BlockQ.o
 .debug_pubtypes
                0x000004f9       0x44 obj/blocktim.o
 .debug_pubtypes
                0x0000053d       0x33 obj/flash.o
 .debug_pubtypes
                0x00000570       0x22 obj/integer.o
 .debug_pubtypes
                0x00000592       0x59 obj/GenQTest.o
 .debug_pubtypes
                0x000005eb       0x44 obj/QPeek.o
 .debug_pubtypes
                0x0000062f       0x44 obj/dynamic.o
 .debug_pubtypes
                0x00000673       0x7a obj/list.o
 .debug_pubtypes
                0x000006ed       0xd4 obj/queue.o
 .debug_pubtypes
                0x000007c1      0x10c obj/tasks.o
 .debug_pubtypes
                0x000008cd       0x71 obj/port.o
 .debug_pubtypes
                0x0000093e       0x4c obj/heap_2.o
 .debug_pubtypes
                0x0000098a      0x175 obj/syscalls.o
 .debug_pubtypes
                0x00000aff       0x5c obj/twi.o
 .debug_pubtypes
                0x00000b5b       0x55 obj/pio.o
 .debug_pubtypes
                0x00000bb0       0x30 obj/pio_config.o
 .debug_pubtypes
                0x00000be0       0x30 obj/aic.o
 .debug_pubtypes
                0x00000c10       0x2d obj/tc.o
 .debug_pubtypes
                0x00000c3d       0x32 obj/pit.o
 .debug_pubtypes
                0x00000c6f       0xe4 obj/can.o
 .debug_pubtypes
                0x00000d53       0x57 obj/pwmc.o
 .debug_pubtypes
                0x00000daa       0x6b obj/spi.o
 .debug_pubtypes
                0x00000e15      0x2c6 obj/mezonin.o
 .debug_pubtypes
                0x000010db       0xbe obj/MSO_functions.o

.debug_aranges  0x00000000      0x3e8
 .debug_aranges
                0x00000000       0x20 obj/portISR.o
 .debug_aranges
                0x00000020       0x20 obj/my_isr.o
 .debug_aranges
                0x00000040       0x20 obj/Cstartup_SAM7.o
 .debug_aranges
                0x00000060       0x20 obj/main.o
 .debug_aranges
                0x00000080       0x20 obj/ParTest.o
 .debug_aranges
                0x000000a0       0x20 obj/BlockQ.o
 .debug_aranges
                0x000000c0       0x20 obj/blocktim.o
 .debug_aranges
                0x000000e0       0x20 obj/flash.o
 .debug_aranges
                0x00000100       0x20 obj/integer.o
 .debug_aranges
                0x00000120       0x20 obj/GenQTest.o
 .debug_aranges
                0x00000140       0x20 obj/QPeek.o
 .debug_aranges
                0x00000160       0x20 obj/dynamic.o
 .debug_aranges
                0x00000180       0x20 obj/list.o
 .debug_aranges
                0x000001a0       0x20 obj/queue.o
 .debug_aranges
                0x000001c0       0x20 obj/tasks.o
 .debug_aranges
                0x000001e0       0x20 obj/port.o
 .debug_aranges
                0x00000200       0x20 obj/heap_2.o
 .debug_aranges
                0x00000220       0x20 obj/syscalls.o
 .debug_aranges
                0x00000240       0x20 obj/twi.o
 .debug_aranges
                0x00000260       0x20 obj/pio.o
 .debug_aranges
                0x00000280       0x20 obj/pio_config.o
 .debug_aranges
                0x000002a0       0x20 obj/aic.o
 .debug_aranges
                0x000002c0       0x20 obj/tc.o
 .debug_aranges
                0x000002e0       0x20 obj/pit.o
 .debug_aranges
                0x00000300       0x20 obj/can.o
 .debug_aranges
                0x00000320       0x20 obj/pwmc.o
 .debug_aranges
                0x00000340       0x20 obj/math.o
 .debug_aranges
                0x00000360       0x20 obj/spi.o
 .debug_aranges
                0x00000380       0x20 obj/mezonin.o
 .debug_aranges
                0x000003a0       0x20 obj/MSO_functions.o
 .debug_aranges
                0x000003c0       0x28 /tmp/ccppJ63k.o

.debug_ranges   0x00000000     0x1058
 .debug_ranges  0x00000000       0x18 obj/portISR.o
 .debug_ranges  0x00000018       0xa0 obj/my_isr.o
 .debug_ranges  0x000000b8      0x358 obj/main.o
 .debug_ranges  0x00000410       0xc8 obj/queue.o
 .debug_ranges  0x000004d8      0x548 obj/tasks.o
 .debug_ranges  0x00000a20       0x18 obj/heap_2.o
 .debug_ranges  0x00000a38       0x68 obj/pio.o
 .debug_ranges  0x00000aa0      0x258 obj/can.o
 .debug_ranges  0x00000cf8       0x60 obj/pwmc.o
 .debug_ranges  0x00000d58       0x98 obj/mezonin.o
 .debug_ranges  0x00000df0      0x248 obj/MSO_functions.o
 .debug_ranges  0x00001038       0x20 /tmp/ccppJ63k.o

.debug_str      0x00000000     0x3ab8
 .debug_str     0x00000000      0x297 obj/portISR.o
                                0x2d0 (size before relaxing)
 .debug_str     0x00000297       0xc8 obj/my_isr.o
                                0x265 (size before relaxing)
 .debug_str     0x0000035f      0x172 obj/Cstartup_SAM7.o
                                0x1c4 (size before relaxing)
 .debug_str     0x000004d1      0x968 obj/main.o
                                0xd0d (size before relaxing)
 .debug_str     0x00000e39       0x6e obj/ParTest.o
                                0x276 (size before relaxing)
 .debug_str     0x00000ea7      0x255 obj/BlockQ.o
                                0x338 (size before relaxing)
 .debug_str     0x000010fc      0x169 obj/blocktim.o
                                0x264 (size before relaxing)
 .debug_str     0x00001265       0x99 obj/flash.o
                                0x18a (size before relaxing)
 .debug_str     0x000012fe       0xbd obj/integer.o
                                0x1aa (size before relaxing)
 .debug_str     0x000013bb      0x18c obj/GenQTest.o
                                0x29c (size before relaxing)
 .debug_str     0x00001547      0x11d obj/QPeek.o
                                0x240 (size before relaxing)
 .debug_str     0x00001664      0x203 obj/dynamic.o
                                0x309 (size before relaxing)
 .debug_str     0x00001867      0x152 obj/list.o
                                0x21f (size before relaxing)
 .debug_str     0x000019b9      0x38d obj/queue.o
                                0x51a (size before relaxing)
 .debug_str     0x00001d46      0x756 obj/tasks.o
                                0x95e (size before relaxing)
 .debug_str     0x0000249c       0xc4 obj/port.o
                                0x2c5 (size before relaxing)
 .debug_str     0x00002560      0x17e obj/heap_2.o
                                0x24a (size before relaxing)
 .debug_str     0x000026de      0x4d6 obj/syscalls.o
                                0x5d7 (size before relaxing)
 .debug_str     0x00002bb4      0x14a obj/twi.o
                                0x3b9 (size before relaxing)
 .debug_str     0x00002cfe       0xd6 obj/pio.o
                                0x328 (size before relaxing)
 .debug_str     0x00002dd4       0xe4 obj/pio_config.o
                                0x270 (size before relaxing)
 .debug_str     0x00002eb8       0x48 obj/aic.o
                                0x157 (size before relaxing)
 .debug_str     0x00002f00       0x5f obj/tc.o
                                0x10e (size before relaxing)
 .debug_str     0x00002f5f       0x90 obj/pit.o
                                0x115 (size before relaxing)
 .debug_str     0x00002fef      0x2c1 obj/can.o
                                0x6ff (size before relaxing)
 .debug_str     0x000032b0      0x109 obj/pwmc.o
                                0x2cb (size before relaxing)
 .debug_str     0x000033b9       0x15 obj/math.o
                                 0x60 (size before relaxing)
 .debug_str     0x000033ce       0xb5 obj/spi.o
                                0x3bc (size before relaxing)
 .debug_str     0x00003483      0x2ee obj/mezonin.o
                                0xb5d (size before relaxing)
 .debug_str     0x00003771      0x347 obj/MSO_functions.o
                                0x6cd (size before relaxing)

.comment        0x00000000       0x2a
 .comment       0x00000000       0x2a obj/portISR.o
                                 0x2b (size before relaxing)
 .comment       0x00000000       0x2b obj/my_isr.o
 .comment       0x00000000       0x2b obj/Cstartup_SAM7.o
 .comment       0x00000000       0x2b obj/main.o
 .comment       0x00000000       0x2b obj/ParTest.o
 .comment       0x00000000       0x2b obj/BlockQ.o
 .comment       0x00000000       0x2b obj/blocktim.o
 .comment       0x00000000       0x2b obj/flash.o
 .comment       0x00000000       0x2b obj/integer.o
 .comment       0x00000000       0x2b obj/GenQTest.o
 .comment       0x00000000       0x2b obj/QPeek.o
 .comment       0x00000000       0x2b obj/dynamic.o
 .comment       0x00000000       0x2b obj/list.o
 .comment       0x00000000       0x2b obj/queue.o
 .comment       0x00000000       0x2b obj/tasks.o
 .comment       0x00000000       0x2b obj/port.o
 .comment       0x00000000       0x2b obj/heap_2.o
 .comment       0x00000000       0x2b obj/syscalls.o
 .comment       0x00000000       0x2b obj/twi.o
 .comment       0x00000000       0x2b obj/pio.o
 .comment       0x00000000       0x2b obj/pio_config.o
 .comment       0x00000000       0x2b obj/aic.o
 .comment       0x00000000       0x2b obj/tc.o
 .comment       0x00000000       0x2b obj/pit.o
 .comment       0x00000000       0x2b obj/can.o
 .comment       0x00000000       0x2b obj/pwmc.o
 .comment       0x00000000       0x2b obj/math.o
 .comment       0x00000000       0x2b obj/spi.o
 .comment       0x00000000       0x2b obj/mezonin.o
 .comment       0x00000000       0x2b obj/MSO_functions.o

.ARM.attributes
                0x00000000       0x30
 .ARM.attributes
                0x00000000       0x32 obj/portISR.o
 .ARM.attributes
                0x00000032       0x32 obj/my_isr.o
 .ARM.attributes
                0x00000064       0x32 obj/Cstartup_SAM7.o
 .ARM.attributes
                0x00000096       0x32 obj/main.o
 .ARM.attributes
                0x000000c8       0x32 obj/ParTest.o
 .ARM.attributes
                0x000000fa       0x32 obj/BlockQ.o
 .ARM.attributes
                0x0000012c       0x32 obj/blocktim.o
 .ARM.attributes
                0x0000015e       0x32 obj/flash.o
 .ARM.attributes
                0x00000190       0x32 obj/integer.o
 .ARM.attributes
                0x000001c2       0x32 obj/GenQTest.o
 .ARM.attributes
                0x000001f4       0x32 obj/QPeek.o
 .ARM.attributes
                0x00000226       0x32 obj/dynamic.o
 .ARM.attributes
                0x00000258       0x32 obj/list.o
 .ARM.attributes
                0x0000028a       0x32 obj/queue.o
 .ARM.attributes
                0x000002bc       0x32 obj/tasks.o
 .ARM.attributes
                0x000002ee       0x32 obj/port.o
 .ARM.attributes
                0x00000320       0x32 obj/heap_2.o
 .ARM.attributes
                0x00000352       0x32 obj/syscalls.o
 .ARM.attributes
                0x00000384       0x32 obj/twi.o
 .ARM.attributes
                0x000003b6       0x32 obj/pio.o
 .ARM.attributes
                0x000003e8       0x32 obj/pio_config.o
 .ARM.attributes
                0x0000041a       0x32 obj/aic.o
 .ARM.attributes
                0x0000044c       0x32 obj/tc.o
 .ARM.attributes
                0x0000047e       0x32 obj/pit.o
 .ARM.attributes
                0x000004b0       0x32 obj/can.o
 .ARM.attributes
                0x000004e2       0x32 obj/pwmc.o
 .ARM.attributes
                0x00000514       0x32 obj/math.o
 .ARM.attributes
                0x00000546       0x32 obj/spi.o
 .ARM.attributes
                0x00000578       0x32 obj/mezonin.o
 .ARM.attributes
                0x000005aa       0x32 obj/MSO_functions.o
 .ARM.attributes
                0x000005dc       0x22 /tmp/ccppJ63k.o
 .ARM.attributes
                0x000005fe       0x1a /home/maximus/CodeSourcery/Sourcery_G++_Lite/bin/../lib/gcc/arm-none-eabi/4.5.2/thumb/libgcc.a(_udivsi3.o)
 .ARM.attributes
                0x00000618       0x1a /home/maximus/CodeSourcery/Sourcery_G++_Lite/bin/../lib/gcc/arm-none-eabi/4.5.2/thumb/libgcc.a(_divsi3.o)
 .ARM.attributes
                0x00000632       0x18 /home/maximus/CodeSourcery/Sourcery_G++_Lite/bin/../lib/gcc/arm-none-eabi/4.5.2/thumb/libgcc.a(_dvmd_tls.o)
 .ARM.attributes
                0x0000064a       0x1a /home/maximus/CodeSourcery/Sourcery_G++_Lite/bin/../lib/gcc/arm-none-eabi/4.5.2/thumb/libgcc.a(_arm_addsubdf3.o)
 .ARM.attributes
                0x00000664       0x1a /home/maximus/CodeSourcery/Sourcery_G++_Lite/bin/../lib/gcc/arm-none-eabi/4.5.2/thumb/libgcc.a(_arm_muldivdf3.o)
 .ARM.attributes
                0x0000067e       0x1a /home/maximus/CodeSourcery/Sourcery_G++_Lite/bin/../lib/gcc/arm-none-eabi/4.5.2/thumb/libgcc.a(_arm_fixunsdfsi.o)
 .ARM.attributes
                0x00000698       0x1a /home/maximus/CodeSourcery/Sourcery_G++_Lite/bin/../lib/gcc/arm-none-eabi/4.5.2/thumb/libgcc.a(_arm_addsubsf3.o)
 .ARM.attributes
                0x000006b2       0x1a /home/maximus/CodeSourcery/Sourcery_G++_Lite/bin/../lib/gcc/arm-none-eabi/4.5.2/thumb/libgcc.a(_arm_muldivsf3.o)
 .ARM.attributes
                0x000006cc       0x1a /home/maximus/CodeSourcery/Sourcery_G++_Lite/bin/../lib/gcc/arm-none-eabi/4.5.2/thumb/libgcc.a(_arm_cmpsf2.o)
 .ARM.attributes
                0x000006e6       0x1a /home/maximus/CodeSourcery/Sourcery_G++_Lite/bin/../lib/gcc/arm-none-eabi/4.5.2/thumb/libgcc.a(_arm_fixunssfsi.o)
 .ARM.attributes
                0x00000700       0x34 /home/maximus/CodeSourcery/Sourcery_G++_Lite/bin/../lib/gcc/arm-none-eabi/4.5.2/../../../../arm-none-eabi/lib/thumb/libc.a(lib_a-errno.o)
 .ARM.attributes
                0x00000734       0x34 /home/maximus/CodeSourcery/Sourcery_G++_Lite/bin/../lib/gcc/arm-none-eabi/4.5.2/../../../../arm-none-eabi/lib/thumb/libc.a(lib_a-impure.o)
 .ARM.attributes
                0x00000768       0x34 /home/maximus/CodeSourcery/Sourcery_G++_Lite/bin/../lib/gcc/arm-none-eabi/4.5.2/../../../../arm-none-eabi/lib/thumb/libc.a(lib_a-memcpy.o)
 .ARM.attributes
                0x0000079c       0x34 /home/maximus/CodeSourcery/Sourcery_G++_Lite/bin/../lib/gcc/arm-none-eabi/4.5.2/../../../../arm-none-eabi/lib/thumb/libc.a(lib_a-memset.o)
 .ARM.attributes
                0x000007d0       0x34 /home/maximus/CodeSourcery/Sourcery_G++_Lite/bin/../lib/gcc/arm-none-eabi/4.5.2/../../../../arm-none-eabi/lib/thumb/libc.a(lib_a-printf.o)
 .ARM.attributes
                0x00000804       0x34 /home/maximus/CodeSourcery/Sourcery_G++_Lite/bin/../lib/gcc/arm-none-eabi/4.5.2/../../../../arm-none-eabi/lib/thumb/libc.a(lib_a-sprintf.o)
 .ARM.attributes
                0x00000838       0x34 /home/maximus/CodeSourcery/Sourcery_G++_Lite/bin/../lib/gcc/arm-none-eabi/4.5.2/../../../../arm-none-eabi/lib/thumb/libc.a(lib_a-strcat.o)
 .ARM.attributes
                0x0000086c       0x34 /home/maximus/CodeSourcery/Sourcery_G++_Lite/bin/../lib/gcc/arm-none-eabi/4.5.2/../../../../arm-none-eabi/lib/thumb/libc.a(lib_a-strcpy.o)
 .ARM.attributes
                0x000008a0       0x34 /home/maximus/CodeSourcery/Sourcery_G++_Lite/bin/../lib/gcc/arm-none-eabi/4.5.2/../../../../arm-none-eabi/lib/thumb/libc.a(lib_a-strlen.o)
 .ARM.attributes
                0x000008d4       0x34 /home/maximus/CodeSourcery/Sourcery_G++_Lite/bin/../lib/gcc/arm-none-eabi/4.5.2/../../../../arm-none-eabi/lib/thumb/libc.a(lib_a-strncpy.o)
 .ARM.attributes
                0x00000908       0x34 /home/maximus/CodeSourcery/Sourcery_G++_Lite/bin/../lib/gcc/arm-none-eabi/4.5.2/../../../../arm-none-eabi/lib/thumb/libc.a(lib_a-svfprintf.o)
 .ARM.attributes
                0x0000093c       0x34 /home/maximus/CodeSourcery/Sourcery_G++_Lite/bin/../lib/gcc/arm-none-eabi/4.5.2/../../../../arm-none-eabi/lib/thumb/libc.a(lib_a-vfprintf.o)
 .ARM.attributes
                0x00000970       0x34 /home/maximus/CodeSourcery/Sourcery_G++_Lite/bin/../lib/gcc/arm-none-eabi/4.5.2/../../../../arm-none-eabi/lib/thumb/libc.a(lib_a-wsetup.o)
 .ARM.attributes
                0x000009a4       0x34 /home/maximus/CodeSourcery/Sourcery_G++_Lite/bin/../lib/gcc/arm-none-eabi/4.5.2/../../../../arm-none-eabi/lib/thumb/libc.a(lib_a-dtoa.o)
 .ARM.attributes
                0x000009d8       0x34 /home/maximus/CodeSourcery/Sourcery_G++_Lite/bin/../lib/gcc/arm-none-eabi/4.5.2/../../../../arm-none-eabi/lib/thumb/libc.a(lib_a-fflush.o)
 .ARM.attributes
                0x00000a0c       0x34 /home/maximus/CodeSourcery/Sourcery_G++_Lite/bin/../lib/gcc/arm-none-eabi/4.5.2/../../../../arm-none-eabi/lib/thumb/libc.a(lib_a-findfp.o)
 .ARM.attributes
                0x00000a40       0x34 /home/maximus/CodeSourcery/Sourcery_G++_Lite/bin/../lib/gcc/arm-none-eabi/4.5.2/../../../../arm-none-eabi/lib/thumb/libc.a(lib_a-freer.o)
 .ARM.attributes
                0x00000a74       0x34 /home/maximus/CodeSourcery/Sourcery_G++_Lite/bin/../lib/gcc/arm-none-eabi/4.5.2/../../../../arm-none-eabi/lib/thumb/libc.a(lib_a-fwalk.o)
 .ARM.attributes
                0x00000aa8       0x34 /home/maximus/CodeSourcery/Sourcery_G++_Lite/bin/../lib/gcc/arm-none-eabi/4.5.2/../../../../arm-none-eabi/lib/thumb/libc.a(lib_a-locale.o)
 .ARM.attributes
                0x00000adc       0x34 /home/maximus/CodeSourcery/Sourcery_G++_Lite/bin/../lib/gcc/arm-none-eabi/4.5.2/../../../../arm-none-eabi/lib/thumb/libc.a(lib_a-makebuf.o)
 .ARM.attributes
                0x00000b10       0x34 /home/maximus/CodeSourcery/Sourcery_G++_Lite/bin/../lib/gcc/arm-none-eabi/4.5.2/../../../../arm-none-eabi/lib/thumb/libc.a(lib_a-mallocr.o)
 .ARM.attributes
                0x00000b44       0x34 /home/maximus/CodeSourcery/Sourcery_G++_Lite/bin/../lib/gcc/arm-none-eabi/4.5.2/../../../../arm-none-eabi/lib/thumb/libc.a(lib_a-memchr.o)
 .ARM.attributes
                0x00000b78       0x34 /home/maximus/CodeSourcery/Sourcery_G++_Lite/bin/../lib/gcc/arm-none-eabi/4.5.2/../../../../arm-none-eabi/lib/thumb/libc.a(lib_a-mlock.o)
 .ARM.attributes
                0x00000bac       0x34 /home/maximus/CodeSourcery/Sourcery_G++_Lite/bin/../lib/gcc/arm-none-eabi/4.5.2/../../../../arm-none-eabi/lib/thumb/libc.a(lib_a-mprec.o)
 .ARM.attributes
                0x00000be0       0x34 /home/maximus/CodeSourcery/Sourcery_G++_Lite/bin/../lib/gcc/arm-none-eabi/4.5.2/../../../../arm-none-eabi/lib/thumb/libc.a(lib_a-s_fpclassify.o)
 .ARM.attributes
                0x00000c14       0x34 /home/maximus/CodeSourcery/Sourcery_G++_Lite/bin/../lib/gcc/arm-none-eabi/4.5.2/../../../../arm-none-eabi/lib/thumb/libc.a(lib_a-stdio.o)
 .ARM.attributes
                0x00000c48       0x34 /home/maximus/CodeSourcery/Sourcery_G++_Lite/bin/../lib/gcc/arm-none-eabi/4.5.2/../../../../arm-none-eabi/lib/thumb/libc.a(lib_a-strcmp.o)
 .ARM.attributes
                0x00000c7c       0x34 /home/maximus/CodeSourcery/Sourcery_G++_Lite/bin/../lib/gcc/arm-none-eabi/4.5.2/../../../../arm-none-eabi/lib/thumb/libc.a(lib_a-svfiprintf.o)
 .ARM.attributes
                0x00000cb0       0x34 /home/maximus/CodeSourcery/Sourcery_G++_Lite/bin/../lib/gcc/arm-none-eabi/4.5.2/../../../../arm-none-eabi/lib/thumb/libc.a(lib_a-vfiprintf.o)
 .ARM.attributes